<?xml version="1.0" encoding="ISO-8859-1" ?>
<link_info>
   <banner>TI ARM Linker PC v20.2.7.LTS</banner>
   <copyright>Copyright (c) 1996-2018 Texas Instruments Incorporated</copyright>
   <link_time>0x68408f30</link_time>
   <link_errors>0x0</link_errors>
   <output_file>eec172-lab5.out</output_file>
   <entry_point>
      <name>_c_int00_noargs</name>
      <address>0x2000fbc9</address>
   </entry_point>
   <input_file_list>
      <input_file id="fl-2">
         <path>.\</path>
         <kind>object</kind>
         <file>Adafruit_GFX.obj</file>
         <name>Adafruit_GFX.obj</name>
      </input_file>
      <input_file id="fl-3">
         <path>.\</path>
         <kind>object</kind>
         <file>Adafruit_OLED.obj</file>
         <name>Adafruit_OLED.obj</name>
      </input_file>
      <input_file id="fl-4">
         <path>.\</path>
         <kind>object</kind>
         <file>aws_http.obj</file>
         <name>aws_http.obj</name>
      </input_file>
      <input_file id="fl-5">
         <path>.\</path>
         <kind>object</kind>
         <file>aws_sync.obj</file>
         <name>aws_sync.obj</name>
      </input_file>
      <input_file id="fl-6">
         <path>.\</path>
         <kind>object</kind>
         <file>gpio_if.obj</file>
         <name>gpio_if.obj</name>
      </input_file>
      <input_file id="fl-7">
         <path>.\</path>
         <kind>object</kind>
         <file>i2c_if.obj</file>
         <name>i2c_if.obj</name>
      </input_file>
      <input_file id="fl-8">
         <path>.\</path>
         <kind>object</kind>
         <file>main.obj</file>
         <name>main.obj</name>
      </input_file>
      <input_file id="fl-9">
         <path>.\</path>
         <kind>object</kind>
         <file>network_common.obj</file>
         <name>network_common.obj</name>
      </input_file>
      <input_file id="fl-a">
         <path>.\</path>
         <kind>object</kind>
         <file>oled_test.obj</file>
         <name>oled_test.obj</name>
      </input_file>
      <input_file id="fl-b">
         <path>.\</path>
         <kind>object</kind>
         <file>pet_logic.obj</file>
         <name>pet_logic.obj</name>
      </input_file>
      <input_file id="fl-c">
         <path>.\</path>
         <kind>object</kind>
         <file>pet_state.obj</file>
         <name>pet_state.obj</name>
      </input_file>
      <input_file id="fl-d">
         <path>.\</path>
         <kind>object</kind>
         <file>pin_mux_config.obj</file>
         <name>pin_mux_config.obj</name>
      </input_file>
      <input_file id="fl-e">
         <path>.\</path>
         <kind>object</kind>
         <file>startup_ccs.obj</file>
         <name>startup_ccs.obj</name>
      </input_file>
      <input_file id="fl-f">
         <path>.\</path>
         <kind>object</kind>
         <file>timer_if.obj</file>
         <name>timer_if.obj</name>
      </input_file>
      <input_file id="fl-10">
         <path>.\</path>
         <kind>object</kind>
         <file>uart_if.obj</file>
         <name>uart_if.obj</name>
      </input_file>
      <input_file id="fl-11">
         <path>.\utils\</path>
         <kind>object</kind>
         <file>network_utils.obj</file>
         <name>network_utils.obj</name>
      </input_file>
      <input_file id="fl-17">
         <kind>object</kind>
         <file>&lt;internal&gt;</file>
         <name>&lt;internal&gt;</name>
      </input_file>
      <input_file id="fl-18">
         <path>C:\ti\CC3200SDK_1.5.0\cc3200-sdk\driverlib\ccs\Release\</path>
         <kind>archive</kind>
         <file>driverlib.a</file>
         <name>gpio.obj</name>
      </input_file>
      <input_file id="fl-19">
         <path>C:\ti\CC3200SDK_1.5.0\cc3200-sdk\driverlib\ccs\Release\</path>
         <kind>archive</kind>
         <file>driverlib.a</file>
         <name>i2c.obj</name>
      </input_file>
      <input_file id="fl-1a">
         <path>C:\ti\CC3200SDK_1.5.0\cc3200-sdk\driverlib\ccs\Release\</path>
         <kind>archive</kind>
         <file>driverlib.a</file>
         <name>interrupt.obj</name>
      </input_file>
      <input_file id="fl-1b">
         <path>C:\ti\CC3200SDK_1.5.0\cc3200-sdk\driverlib\ccs\Release\</path>
         <kind>archive</kind>
         <file>driverlib.a</file>
         <name>pin.obj</name>
      </input_file>
      <input_file id="fl-1c">
         <path>C:\ti\CC3200SDK_1.5.0\cc3200-sdk\driverlib\ccs\Release\</path>
         <kind>archive</kind>
         <file>driverlib.a</file>
         <name>prcm.obj</name>
      </input_file>
      <input_file id="fl-1d">
         <path>C:\ti\CC3200SDK_1.5.0\cc3200-sdk\driverlib\ccs\Release\</path>
         <kind>archive</kind>
         <file>driverlib.a</file>
         <name>spi.obj</name>
      </input_file>
      <input_file id="fl-1e">
         <path>C:\ti\CC3200SDK_1.5.0\cc3200-sdk\driverlib\ccs\Release\</path>
         <kind>archive</kind>
         <file>driverlib.a</file>
         <name>systick.obj</name>
      </input_file>
      <input_file id="fl-1f">
         <path>C:\ti\CC3200SDK_1.5.0\cc3200-sdk\driverlib\ccs\Release\</path>
         <kind>archive</kind>
         <file>driverlib.a</file>
         <name>timer.obj</name>
      </input_file>
      <input_file id="fl-20">
         <path>C:\ti\CC3200SDK_1.5.0\cc3200-sdk\driverlib\ccs\Release\</path>
         <kind>archive</kind>
         <file>driverlib.a</file>
         <name>uart.obj</name>
      </input_file>
      <input_file id="fl-21">
         <path>C:\ti\CC3200SDK_1.5.0\cc3200-sdk\driverlib\ccs\Release\</path>
         <kind>archive</kind>
         <file>driverlib.a</file>
         <name>utils.obj</name>
      </input_file>
      <input_file id="fl-22">
         <path>C:\ti\CC3200SDK_1.5.0\cc3200-sdk\driverlib\ccs\Release\</path>
         <kind>archive</kind>
         <file>driverlib.a</file>
         <name>cpu.obj</name>
      </input_file>
      <input_file id="fl-23">
         <path>C:\ti\CC3200SDK_1.5.0\cc3200-sdk\driverlib\ccs\Release\</path>
         <kind>archive</kind>
         <file>driverlib.a</file>
         <name>flash.obj</name>
      </input_file>
      <input_file id="fl-24">
         <path>C:\ti\CC3200SDK_1.5.0\cc3200-sdk\simplelink\ccs\NON_OS\</path>
         <kind>archive</kind>
         <file>simplelink.a</file>
         <name>device.obj</name>
      </input_file>
      <input_file id="fl-25">
         <path>C:\ti\CC3200SDK_1.5.0\cc3200-sdk\simplelink\ccs\NON_OS\</path>
         <kind>archive</kind>
         <file>simplelink.a</file>
         <name>driver.obj</name>
      </input_file>
      <input_file id="fl-26">
         <path>C:\ti\CC3200SDK_1.5.0\cc3200-sdk\simplelink\ccs\NON_OS\</path>
         <kind>archive</kind>
         <file>simplelink.a</file>
         <name>netapp.obj</name>
      </input_file>
      <input_file id="fl-27">
         <path>C:\ti\CC3200SDK_1.5.0\cc3200-sdk\simplelink\ccs\NON_OS\</path>
         <kind>archive</kind>
         <file>simplelink.a</file>
         <name>netcfg.obj</name>
      </input_file>
      <input_file id="fl-28">
         <path>C:\ti\CC3200SDK_1.5.0\cc3200-sdk\simplelink\ccs\NON_OS\</path>
         <kind>archive</kind>
         <file>simplelink.a</file>
         <name>nonos.obj</name>
      </input_file>
      <input_file id="fl-29">
         <path>C:\ti\CC3200SDK_1.5.0\cc3200-sdk\simplelink\ccs\NON_OS\</path>
         <kind>archive</kind>
         <file>simplelink.a</file>
         <name>socket.obj</name>
      </input_file>
      <input_file id="fl-2a">
         <path>C:\ti\CC3200SDK_1.5.0\cc3200-sdk\simplelink\ccs\NON_OS\</path>
         <kind>archive</kind>
         <file>simplelink.a</file>
         <name>wlan.obj</name>
      </input_file>
      <input_file id="fl-2b">
         <path>C:\ti\CC3200SDK_1.5.0\cc3200-sdk\simplelink\ccs\NON_OS\</path>
         <kind>archive</kind>
         <file>simplelink.a</file>
         <name>cc_pal.obj</name>
      </input_file>
      <input_file id="fl-e1">
         <path>C:\ti\ccs1250\ccs\tools\compiler\ti-cgt-arm_20.2.7.LTS\lib\</path>
         <kind>archive</kind>
         <file>rtsv7M4_T_le_eabi.lib</file>
         <name>snprintf.c.obj</name>
      </input_file>
      <input_file id="fl-e2">
         <path>C:\ti\ccs1250\ccs\tools\compiler\ti-cgt-arm_20.2.7.LTS\lib\</path>
         <kind>archive</kind>
         <file>rtsv7M4_T_le_eabi.lib</file>
         <name>sprintf.c.obj</name>
      </input_file>
      <input_file id="fl-e3">
         <path>C:\ti\ccs1250\ccs\tools\compiler\ti-cgt-arm_20.2.7.LTS\lib\</path>
         <kind>archive</kind>
         <file>rtsv7M4_T_le_eabi.lib</file>
         <name>vsnprintf.c.obj</name>
      </input_file>
      <input_file id="fl-e4">
         <path>C:\ti\ccs1250\ccs\tools\compiler\ti-cgt-arm_20.2.7.LTS\lib\</path>
         <kind>archive</kind>
         <file>rtsv7M4_T_le_eabi.lib</file>
         <name>ll_mul_t2.asm.obj</name>
      </input_file>
      <input_file id="fl-e5">
         <path>C:\ti\ccs1250\ccs\tools\compiler\ti-cgt-arm_20.2.7.LTS\lib\</path>
         <kind>archive</kind>
         <file>rtsv7M4_T_le_eabi.lib</file>
         <name>memcpy_t2.asm.obj</name>
      </input_file>
      <input_file id="fl-e6">
         <path>C:\ti\ccs1250\ccs\tools\compiler\ti-cgt-arm_20.2.7.LTS\lib\</path>
         <kind>archive</kind>
         <file>rtsv7M4_T_le_eabi.lib</file>
         <name>memset_t2.asm.obj</name>
      </input_file>
      <input_file id="fl-e7">
         <path>C:\ti\ccs1250\ccs\tools\compiler\ti-cgt-arm_20.2.7.LTS\lib\</path>
         <kind>archive</kind>
         <file>rtsv7M4_T_le_eabi.lib</file>
         <name>ull_div_t2.asm.obj</name>
      </input_file>
      <input_file id="fl-e8">
         <path>C:\ti\ccs1250\ccs\tools\compiler\ti-cgt-arm_20.2.7.LTS\lib\</path>
         <kind>archive</kind>
         <file>rtsv7M4_T_le_eabi.lib</file>
         <name>copy_zero_init.c.obj</name>
      </input_file>
      <input_file id="fl-e9">
         <path>C:\ti\ccs1250\ccs\tools\compiler\ti-cgt-arm_20.2.7.LTS\lib\</path>
         <kind>archive</kind>
         <file>rtsv7M4_T_le_eabi.lib</file>
         <name>copy_decompress_none.c.obj</name>
      </input_file>
      <input_file id="fl-ea">
         <path>C:\ti\ccs1250\ccs\tools\compiler\ti-cgt-arm_20.2.7.LTS\lib\</path>
         <kind>archive</kind>
         <file>rtsv7M4_T_le_eabi.lib</file>
         <name>copy_decompress_lzss.c.obj</name>
      </input_file>
      <input_file id="fl-eb">
         <path>C:\ti\ccs1250\ccs\tools\compiler\ti-cgt-arm_20.2.7.LTS\lib\</path>
         <kind>archive</kind>
         <file>rtsv7M4_T_le_eabi.lib</file>
         <name>memmov.c.obj</name>
      </input_file>
      <input_file id="fl-ec">
         <path>C:\ti\ccs1250\ccs\tools\compiler\ti-cgt-arm_20.2.7.LTS\lib\</path>
         <kind>archive</kind>
         <file>rtsv7M4_T_le_eabi.lib</file>
         <name>memory.c.obj</name>
      </input_file>
      <input_file id="fl-ed">
         <path>C:\ti\ccs1250\ccs\tools\compiler\ti-cgt-arm_20.2.7.LTS\lib\</path>
         <kind>archive</kind>
         <file>rtsv7M4_T_le_eabi.lib</file>
         <name>strcpy.c.obj</name>
      </input_file>
      <input_file id="fl-ee">
         <path>C:\ti\ccs1250\ccs\tools\compiler\ti-cgt-arm_20.2.7.LTS\lib\</path>
         <kind>archive</kind>
         <file>rtsv7M4_T_le_eabi.lib</file>
         <name>strlen.c.obj</name>
      </input_file>
      <input_file id="fl-ef">
         <path>C:\ti\ccs1250\ccs\tools\compiler\ti-cgt-arm_20.2.7.LTS\lib\</path>
         <kind>archive</kind>
         <file>rtsv7M4_T_le_eabi.lib</file>
         <name>strncpy.c.obj</name>
      </input_file>
      <input_file id="fl-f0">
         <path>C:\ti\ccs1250\ccs\tools\compiler\ti-cgt-arm_20.2.7.LTS\lib\</path>
         <kind>archive</kind>
         <file>rtsv7M4_T_le_eabi.lib</file>
         <name>boot_cortex_m.c.obj</name>
      </input_file>
      <input_file id="fl-f1">
         <path>C:\ti\ccs1250\ccs\tools\compiler\ti-cgt-arm_20.2.7.LTS\lib\</path>
         <kind>archive</kind>
         <file>rtsv7M4_T_le_eabi.lib</file>
         <name>_printfi.c.obj</name>
      </input_file>
      <input_file id="fl-f2">
         <path>C:\ti\ccs1250\ccs\tools\compiler\ti-cgt-arm_20.2.7.LTS\lib\</path>
         <kind>archive</kind>
         <file>rtsv7M4_T_le_eabi.lib</file>
         <name>div0.asm.obj</name>
      </input_file>
      <input_file id="fl-f3">
         <path>C:\ti\ccs1250\ccs\tools\compiler\ti-cgt-arm_20.2.7.LTS\lib\</path>
         <kind>archive</kind>
         <file>rtsv7M4_T_le_eabi.lib</file>
         <name>fd_add_t2.asm.obj</name>
      </input_file>
      <input_file id="fl-f4">
         <path>C:\ti\ccs1250\ccs\tools\compiler\ti-cgt-arm_20.2.7.LTS\lib\</path>
         <kind>archive</kind>
         <file>rtsv7M4_T_le_eabi.lib</file>
         <name>fd_cmp_t2.asm.obj</name>
      </input_file>
      <input_file id="fl-f5">
         <path>C:\ti\ccs1250\ccs\tools\compiler\ti-cgt-arm_20.2.7.LTS\lib\</path>
         <kind>archive</kind>
         <file>rtsv7M4_T_le_eabi.lib</file>
         <name>fd_div_t2.asm.obj</name>
      </input_file>
      <input_file id="fl-f6">
         <path>C:\ti\ccs1250\ccs\tools\compiler\ti-cgt-arm_20.2.7.LTS\lib\</path>
         <kind>archive</kind>
         <file>rtsv7M4_T_le_eabi.lib</file>
         <name>fd_mul_t2.asm.obj</name>
      </input_file>
      <input_file id="fl-f7">
         <path>C:\ti\ccs1250\ccs\tools\compiler\ti-cgt-arm_20.2.7.LTS\lib\</path>
         <kind>archive</kind>
         <file>rtsv7M4_T_le_eabi.lib</file>
         <name>fd_toi_t2.asm.obj</name>
      </input_file>
      <input_file id="fl-f8">
         <path>C:\ti\ccs1250\ccs\tools\compiler\ti-cgt-arm_20.2.7.LTS\lib\</path>
         <kind>archive</kind>
         <file>rtsv7M4_T_le_eabi.lib</file>
         <name>i_tofd_t2.asm.obj</name>
      </input_file>
      <input_file id="fl-f9">
         <path>C:\ti\ccs1250\ccs\tools\compiler\ti-cgt-arm_20.2.7.LTS\lib\</path>
         <kind>archive</kind>
         <file>rtsv7M4_T_le_eabi.lib</file>
         <name>autoinit.c.obj</name>
      </input_file>
      <input_file id="fl-fa">
         <path>C:\ti\ccs1250\ccs\tools\compiler\ti-cgt-arm_20.2.7.LTS\lib\</path>
         <kind>archive</kind>
         <file>rtsv7M4_T_le_eabi.lib</file>
         <name>pre_init.c.obj</name>
      </input_file>
      <input_file id="fl-fb">
         <path>C:\ti\ccs1250\ccs\tools\compiler\ti-cgt-arm_20.2.7.LTS\lib\</path>
         <kind>archive</kind>
         <file>rtsv7M4_T_le_eabi.lib</file>
         <name>cpy_tbl.c.obj</name>
      </input_file>
      <input_file id="fl-fc">
         <path>C:\ti\ccs1250\ccs\tools\compiler\ti-cgt-arm_20.2.7.LTS\lib\</path>
         <kind>archive</kind>
         <file>rtsv7M4_T_le_eabi.lib</file>
         <name>exit.c.obj</name>
      </input_file>
      <input_file id="fl-fd">
         <path>C:\ti\ccs1250\ccs\tools\compiler\ti-cgt-arm_20.2.7.LTS\lib\</path>
         <kind>archive</kind>
         <file>rtsv7M4_T_le_eabi.lib</file>
         <name>_lock.c.obj</name>
      </input_file>
      <input_file id="fl-fe">
         <path>C:\ti\ccs1250\ccs\tools\compiler\ti-cgt-arm_20.2.7.LTS\lib\</path>
         <kind>archive</kind>
         <file>rtsv7M4_T_le_eabi.lib</file>
         <name>_ltoa.c.obj</name>
      </input_file>
      <input_file id="fl-ff">
         <path>C:\ti\ccs1250\ccs\tools\compiler\ti-cgt-arm_20.2.7.LTS\lib\</path>
         <kind>archive</kind>
         <file>rtsv7M4_T_le_eabi.lib</file>
         <name>args_main.c.obj</name>
      </input_file>
      <input_file id="fl-100">
         <path>C:\ti\ccs1250\ccs\tools\compiler\ti-cgt-arm_20.2.7.LTS\lib\</path>
         <kind>archive</kind>
         <file>rtsv7M4_T_le_eabi.lib</file>
         <name>atoi.c.obj</name>
      </input_file>
      <input_file id="fl-101">
         <path>C:\ti\ccs1250\ccs\tools\compiler\ti-cgt-arm_20.2.7.LTS\lib\</path>
         <kind>archive</kind>
         <file>rtsv7M4_T_le_eabi.lib</file>
         <name>ctype.c.obj</name>
      </input_file>
      <input_file id="fl-102">
         <path>C:\ti\ccs1250\ccs\tools\compiler\ti-cgt-arm_20.2.7.LTS\lib\</path>
         <kind>archive</kind>
         <file>rtsv7M4_T_le_eabi.lib</file>
         <name>memccpy.c.obj</name>
      </input_file>
      <input_file id="fl-103">
         <path>C:\ti\ccs1250\ccs\tools\compiler\ti-cgt-arm_20.2.7.LTS\lib\</path>
         <kind>archive</kind>
         <file>rtsv7M4_T_le_eabi.lib</file>
         <name>strchr.c.obj</name>
      </input_file>
      <input_file id="fl-104">
         <path>C:\ti\ccs1250\ccs\tools\compiler\ti-cgt-arm_20.2.7.LTS\lib\</path>
         <kind>archive</kind>
         <file>rtsv7M4_T_le_eabi.lib</file>
         <name>errno.c.obj</name>
      </input_file>
      <input_file id="fl-105">
         <path>C:\ti\ccs1250\ccs\tools\compiler\ti-cgt-arm_20.2.7.LTS\lib\</path>
         <kind>archive</kind>
         <file>rtsv7M4_T_le_eabi.lib</file>
         <name>wcslen.c.obj</name>
      </input_file>
      <input_file id="fl-106">
         <path>C:\ti\ccs1250\ccs\tools\compiler\ti-cgt-arm_20.2.7.LTS\lib\</path>
         <kind>archive</kind>
         <file>rtsv7M4_T_le_eabi.lib</file>
         <name>s_frexp.c.obj</name>
      </input_file>
      <input_file id="fl-107">
         <path>C:\ti\ccs1250\ccs\tools\compiler\ti-cgt-arm_20.2.7.LTS\lib\</path>
         <kind>archive</kind>
         <file>rtsv7M4_T_le_eabi.lib</file>
         <name>s_scalbn.c.obj</name>
      </input_file>
      <input_file id="fl-108">
         <path>C:\ti\ccs1250\ccs\tools\compiler\ti-cgt-arm_20.2.7.LTS\lib\</path>
         <kind>archive</kind>
         <file>rtsv7M4_T_le_eabi.lib</file>
         <name>s_copysign.c.obj</name>
      </input_file>
      <input_file id="fl-109">
         <path>C:\ti\CC3200SDK_1.5.0\cc3200-sdk\driverlib\ccs\Release\</path>
         <kind>archive</kind>
         <file>driverlib.a</file>
         <name>udma.obj</name>
      </input_file>
   </input_file_list>
   <object_component_list>
      <object_component id="oc-12">
         <name>.intvecs</name>
         <load_address>0x20004000</load_address>
         <run_address>0x20004000</run_address>
         <size>0x400</size>
         <input_file_ref idref="fl-e"/>
      </object_component>
      <object_component id="oc-1bd">
         <name>.text</name>
         <load_address>0x20004400</load_address>
         <run_address>0x20004400</run_address>
         <size>0xfb8</size>
         <input_file_ref idref="fl-b"/>
      </object_component>
      <object_component id="oc-1a5">
         <name>.text</name>
         <load_address>0x200053b8</load_address>
         <run_address>0x200053b8</run_address>
         <size>0xed0</size>
         <input_file_ref idref="fl-11"/>
      </object_component>
      <object_component id="oc-dd">
         <name>.text</name>
         <load_address>0x20006288</load_address>
         <run_address>0x20006288</run_address>
         <size>0xa80</size>
         <input_file_ref idref="fl-2"/>
      </object_component>
      <object_component id="oc-4b6">
         <name>.text:__TI_printfi</name>
         <load_address>0x20006d08</load_address>
         <run_address>0x20006d08</run_address>
         <size>0xa4e</size>
         <input_file_ref idref="fl-f1"/>
      </object_component>
      <object_component id="oc-783">
         <name>.text:IntDefaultHandler</name>
         <load_address>0x20007756</load_address>
         <run_address>0x20007756</run_address>
         <size>0x2</size>
         <input_file_ref idref="fl-1a"/>
      </object_component>
      <object_component id="oc-97">
         <name>.text</name>
         <load_address>0x20007758</load_address>
         <run_address>0x20007758</run_address>
         <size>0x708</size>
         <input_file_ref idref="fl-8"/>
      </object_component>
      <object_component id="oc-1ab">
         <name>.text</name>
         <load_address>0x20007e60</load_address>
         <run_address>0x20007e60</run_address>
         <size>0x59c</size>
         <input_file_ref idref="fl-4"/>
      </object_component>
      <object_component id="oc-997">
         <name>.text:_SlDrvMsgRead</name>
         <load_address>0x200083fc</load_address>
         <run_address>0x200083fc</run_address>
         <size>0x590</size>
         <input_file_ref idref="fl-25"/>
      </object_component>
      <object_component id="oc-19f">
         <name>.text</name>
         <load_address>0x2000898c</load_address>
         <run_address>0x2000898c</run_address>
         <size>0x4aa</size>
         <input_file_ref idref="fl-3"/>
      </object_component>
      <object_component id="oc-700">
         <name>.text:_nop</name>
         <load_address>0x20008e36</load_address>
         <run_address>0x20008e36</run_address>
         <size>0x2</size>
         <input_file_ref idref="fl-fd"/>
      </object_component>
      <object_component id="oc-3e3">
         <name>.text</name>
         <load_address>0x20008e38</load_address>
         <run_address>0x20008e38</run_address>
         <size>0x398</size>
         <input_file_ref idref="fl-6"/>
      </object_component>
      <object_component id="oc-45f">
         <name>.text</name>
         <load_address>0x200091d0</load_address>
         <run_address>0x200091d0</run_address>
         <size>0x2a0</size>
         <input_file_ref idref="fl-7"/>
      </object_component>
      <object_component id="oc-3dd">
         <name>.text:sl_WlanConnect</name>
         <load_address>0x20009470</load_address>
         <run_address>0x20009470</run_address>
         <size>0x280</size>
         <input_file_ref idref="fl-2a"/>
      </object_component>
      <object_component id="oc-e3">
         <name>.text</name>
         <load_address>0x200096f0</load_address>
         <run_address>0x200096f0</run_address>
         <size>0x27c</size>
         <input_file_ref idref="fl-10"/>
      </object_component>
      <object_component id="oc-744">
         <name>.text:_pconv_a</name>
         <load_address>0x2000996c</load_address>
         <run_address>0x2000996c</run_address>
         <size>0x268</size>
         <input_file_ref idref="fl-f1"/>
      </object_component>
      <object_component id="oc-a0c">
         <name>.text:_SlDrvRxHdrRead</name>
         <load_address>0x20009bd4</load_address>
         <run_address>0x20009bd4</run_address>
         <size>0x248</size>
         <input_file_ref idref="fl-25"/>
      </object_component>
      <object_component id="oc-1b7">
         <name>.text</name>
         <load_address>0x20009e1c</load_address>
         <run_address>0x20009e1c</run_address>
         <size>0x240</size>
         <input_file_ref idref="fl-c"/>
      </object_component>
      <object_component id="oc-695">
         <name>.text:_SlDrvDataReadOp</name>
         <load_address>0x2000a05c</load_address>
         <run_address>0x2000a05c</run_address>
         <size>0x1e4</size>
         <input_file_ref idref="fl-25"/>
      </object_component>
      <object_component id="oc-576">
         <name>.text:_SlDrvReleasePoolObj</name>
         <load_address>0x2000a240</load_address>
         <run_address>0x2000a240</run_address>
         <size>0x1d0</size>
         <input_file_ref idref="fl-25"/>
      </object_component>
      <object_component id="oc-732">
         <name>.text:_pconv_g</name>
         <load_address>0x2000a410</load_address>
         <run_address>0x2000a410</run_address>
         <size>0x1cc</size>
         <input_file_ref idref="fl-f1"/>
      </object_component>
      <object_component id="oc-8fb">
         <name>.text</name>
         <load_address>0x2000a5dc</load_address>
         <run_address>0x2000a5dc</run_address>
         <size>0x1b6</size>
         <input_file_ref idref="fl-f3"/>
      </object_component>
      <object_component id="oc-287">
         <name>.text</name>
         <load_address>0x2000a792</load_address>
         <run_address>0x2000a792</run_address>
         <size>0x2</size>
         <input_file_ref idref="fl-f2"/>
      </object_component>
      <object_component id="oc-54c">
         <name>.text:_SlDrvDriverCBInit</name>
         <load_address>0x2000a794</load_address>
         <run_address>0x2000a794</run_address>
         <size>0x1b4</size>
         <input_file_ref idref="fl-25"/>
      </object_component>
      <object_component id="oc-839">
         <name>.text:_SlDrvMsgWrite</name>
         <load_address>0x2000a948</load_address>
         <run_address>0x2000a948</run_address>
         <size>0x19c</size>
         <input_file_ref idref="fl-25"/>
      </object_component>
      <object_component id="oc-165">
         <name>.text</name>
         <load_address>0x2000aae4</load_address>
         <run_address>0x2000aae4</run_address>
         <size>0x198</size>
         <input_file_ref idref="fl-f"/>
      </object_component>
      <object_component id="oc-61f">
         <name>.text:_SlDrvWaitForPoolObj</name>
         <load_address>0x2000ac7c</load_address>
         <run_address>0x2000ac7c</run_address>
         <size>0x190</size>
         <input_file_ref idref="fl-25"/>
      </object_component>
      <object_component id="oc-40c">
         <name>.text:sl_Connect</name>
         <load_address>0x2000ae0c</load_address>
         <run_address>0x2000ae0c</run_address>
         <size>0x18c</size>
         <input_file_ref idref="fl-29"/>
      </object_component>
      <object_component id="oc-d7">
         <name>.text:PRCMCC3200MCUInit</name>
         <load_address>0x2000af98</load_address>
         <run_address>0x2000af98</run_address>
         <size>0x178</size>
         <input_file_ref idref="fl-1c"/>
      </object_component>
      <object_component id="oc-a1e">
         <name>.text:_SlFindAndSetActiveObj</name>
         <load_address>0x2000b110</load_address>
         <run_address>0x2000b110</run_address>
         <size>0x170</size>
         <input_file_ref idref="fl-25"/>
      </object_component>
      <object_component id="oc-181">
         <name>.text</name>
         <load_address>0x2000b280</load_address>
         <run_address>0x2000b280</run_address>
         <size>0x158</size>
         <input_file_ref idref="fl-d"/>
      </object_component>
      <object_component id="oc-687">
         <name>.text:_SlDrvDataWriteOp</name>
         <load_address>0x2000b3d8</load_address>
         <run_address>0x2000b3d8</run_address>
         <size>0x150</size>
         <input_file_ref idref="fl-25"/>
      </object_component>
      <object_component id="oc-552">
         <name>.text:spi_Open</name>
         <load_address>0x2000b528</load_address>
         <run_address>0x2000b528</run_address>
         <size>0x148</size>
         <input_file_ref idref="fl-2b"/>
      </object_component>
      <object_component id="oc-83f">
         <name>.text:_SlDrvMsgReadCmdCtx</name>
         <load_address>0x2000b670</load_address>
         <run_address>0x2000b670</run_address>
         <size>0x144</size>
         <input_file_ref idref="fl-25"/>
      </object_component>
      <object_component id="oc-3ee">
         <name>.text:sl_NetAppDnsGetHostByName</name>
         <load_address>0x2000b7b4</load_address>
         <run_address>0x2000b7b4</run_address>
         <size>0x144</size>
         <input_file_ref idref="fl-26"/>
      </object_component>
      <object_component id="oc-73e">
         <name>.text:_pconv_e</name>
         <load_address>0x2000b8f8</load_address>
         <run_address>0x2000b8f8</run_address>
         <size>0x13c</size>
         <input_file_ref idref="fl-f1"/>
      </object_component>
      <object_component id="oc-8e1">
         <name>.text</name>
         <load_address>0x2000ba34</load_address>
         <run_address>0x2000ba34</run_address>
         <size>0x136</size>
         <input_file_ref idref="fl-f5"/>
      </object_component>
      <object_component id="oc-43c">
         <name>.text:sl_Send</name>
         <load_address>0x2000bb6c</load_address>
         <run_address>0x2000bb6c</run_address>
         <size>0x134</size>
         <input_file_ref idref="fl-29"/>
      </object_component>
      <object_component id="oc-5b6">
         <name>.text:_SlDrvDriverCBDeinit</name>
         <load_address>0x2000bca0</load_address>
         <run_address>0x2000bca0</run_address>
         <size>0x130</size>
         <input_file_ref idref="fl-25"/>
      </object_component>
      <object_component id="oc-90d">
         <name>.text:fcvt</name>
         <load_address>0x2000bdd0</load_address>
         <run_address>0x2000bdd0</run_address>
         <size>0x120</size>
         <input_file_ref idref="fl-f1"/>
      </object_component>
      <object_component id="oc-1b1">
         <name>.text</name>
         <load_address>0x2000bef0</load_address>
         <run_address>0x2000bef0</run_address>
         <size>0x10c</size>
         <input_file_ref idref="fl-5"/>
      </object_component>
      <object_component id="oc-a66">
         <name>.text:_SlDrvNetAppEventHandler</name>
         <load_address>0x2000bffc</load_address>
         <run_address>0x2000bffc</run_address>
         <size>0x104</size>
         <input_file_ref idref="fl-26"/>
      </object_component>
      <object_component id="oc-4d8">
         <name>.text:aligned_alloc</name>
         <load_address>0x2000c100</load_address>
         <run_address>0x2000c100</run_address>
         <size>0x100</size>
         <input_file_ref idref="fl-ec"/>
      </object_component>
      <object_component id="oc-8dc">
         <name>.text</name>
         <load_address>0x2000c200</load_address>
         <run_address>0x2000c200</run_address>
         <size>0xfc</size>
         <input_file_ref idref="fl-f6"/>
      </object_component>
      <object_component id="oc-3a0">
         <name>.text:sl_Stop</name>
         <load_address>0x2000c2fc</load_address>
         <run_address>0x2000c2fc</run_address>
         <size>0xf0</size>
         <input_file_ref idref="fl-24"/>
      </object_component>
      <object_component id="oc-a18">
         <name>.text:spi_Read</name>
         <load_address>0x2000c3ec</load_address>
         <run_address>0x2000c3ec</run_address>
         <size>0xf0</size>
         <input_file_ref idref="fl-2b"/>
      </object_component>
      <object_component id="oc-af9">
         <name>.text:uDMAChannelTransferSet</name>
         <load_address>0x2000c4dc</load_address>
         <run_address>0x2000c4dc</run_address>
         <size>0xf0</size>
         <input_file_ref idref="fl-109"/>
      </object_component>
      <object_component id="oc-38e">
         <name>.text:sl_Start</name>
         <load_address>0x2000c5cc</load_address>
         <run_address>0x2000c5cc</run_address>
         <size>0xec</size>
         <input_file_ref idref="fl-24"/>
      </object_component>
      <object_component id="oc-99d">
         <name>.text:_SlAsyncEventGenericHandler</name>
         <load_address>0x2000c6b8</load_address>
         <run_address>0x2000c6b8</run_address>
         <size>0xe8</size>
         <input_file_ref idref="fl-25"/>
      </object_component>
      <object_component id="oc-820">
         <name>.text:_SlDrvMsgReadSpawnCtx</name>
         <load_address>0x2000c7a0</load_address>
         <run_address>0x2000c7a0</run_address>
         <size>0xe8</size>
         <input_file_ref idref="fl-25"/>
      </object_component>
      <object_component id="oc-26f">
         <name>.text:free</name>
         <load_address>0x2000c888</load_address>
         <run_address>0x2000c888</run_address>
         <size>0xe4</size>
         <input_file_ref idref="fl-ec"/>
      </object_component>
      <object_component id="oc-269">
         <name>.text:realloc</name>
         <load_address>0x2000c96c</load_address>
         <run_address>0x2000c96c</run_address>
         <size>0xe4</size>
         <input_file_ref idref="fl-ec"/>
      </object_component>
      <object_component id="oc-5f1">
         <name>.text:sl_NetAppMDNSRegisterUnregisterService</name>
         <load_address>0x2000ca50</load_address>
         <run_address>0x2000ca50</run_address>
         <size>0xe4</size>
         <input_file_ref idref="fl-26"/>
      </object_component>
      <object_component id="oc-a12">
         <name>.text:_SlDrvClassifyRxMsg</name>
         <load_address>0x2000cb34</load_address>
         <run_address>0x2000cb34</run_address>
         <size>0xdc</size>
         <input_file_ref idref="fl-25"/>
      </object_component>
      <object_component id="oc-921">
         <name>.text:scalbn</name>
         <load_address>0x2000cc10</load_address>
         <run_address>0x2000cc10</run_address>
         <size>0xd0</size>
         <input_file_ref idref="fl-107"/>
      </object_component>
      <object_component id="oc-ab7">
         <name>.text:_sl_HandleAsync_DnsGetHostByService</name>
         <load_address>0x2000cce0</load_address>
         <run_address>0x2000cce0</run_address>
         <size>0xcc</size>
         <input_file_ref idref="fl-26"/>
      </object_component>
      <object_component id="oc-3a6">
         <name>.text:sl_DevGet</name>
         <load_address>0x2000cdac</load_address>
         <run_address>0x2000cdac</run_address>
         <size>0xcc</size>
         <input_file_ref idref="fl-24"/>
      </object_component>
      <object_component id="oc-7fb">
         <name>.text:_SlRemoveFromList</name>
         <load_address>0x2000ce78</load_address>
         <run_address>0x2000ce78</run_address>
         <size>0xc4</size>
         <input_file_ref idref="fl-25"/>
      </object_component>
      <object_component id="oc-59a">
         <name>.text:_SlDrvCmdOp</name>
         <load_address>0x2000cf3c</load_address>
         <run_address>0x2000cf3c</run_address>
         <size>0xc0</size>
         <input_file_ref idref="fl-25"/>
      </object_component>
      <object_component id="oc-727">
         <name>.text:_ltostr</name>
         <load_address>0x2000cffc</load_address>
         <run_address>0x2000cffc</run_address>
         <size>0xb1</size>
         <input_file_ref idref="fl-f1"/>
      </object_component>
      <object_component id="oc-796">
         <name>.text:_SlNonOsSemGet</name>
         <load_address>0x2000d0b0</load_address>
         <run_address>0x2000d0b0</run_address>
         <size>0xb0</size>
         <input_file_ref idref="fl-28"/>
      </object_component>
      <object_component id="oc-512">
         <name>.text:IntDisable</name>
         <load_address>0x2000d160</load_address>
         <run_address>0x2000d160</run_address>
         <size>0xa8</size>
         <input_file_ref idref="fl-1a"/>
      </object_component>
      <object_component id="oc-d1">
         <name>.text:IntEnable</name>
         <load_address>0x2000d208</load_address>
         <run_address>0x2000d208</run_address>
         <size>0xa8</size>
         <input_file_ref idref="fl-1a"/>
      </object_component>
      <object_component id="oc-7f4">
         <name>.text:_SlDriverHandleError</name>
         <load_address>0x2000d2b0</load_address>
         <run_address>0x2000d2b0</run_address>
         <size>0xa4</size>
         <input_file_ref idref="fl-25"/>
      </object_component>
      <object_component id="oc-193">
         <name>.text:SPIConfigSetExpClk</name>
         <load_address>0x2000d354</load_address>
         <run_address>0x2000d354</run_address>
         <size>0xa0</size>
         <input_file_ref idref="fl-1d"/>
      </object_component>
      <object_component id="oc-448">
         <name>.text:sl_Recv</name>
         <load_address>0x2000d3f4</load_address>
         <run_address>0x2000d3f4</run_address>
         <size>0xa0</size>
         <input_file_ref idref="fl-29"/>
      </object_component>
      <object_component id="oc-3d">
         <name>.text</name>
         <load_address>0x2000d494</load_address>
         <run_address>0x2000d494</run_address>
         <size>0x9c</size>
         <input_file_ref idref="fl-e5"/>
      </object_component>
      <object_component id="oc-a9d">
         <name>.text:_SlDrvDeviceEventHandler</name>
         <load_address>0x2000d530</load_address>
         <run_address>0x2000d530</run_address>
         <size>0x9a</size>
         <input_file_ref idref="fl-24"/>
      </object_component>
      <object_component id="oc-422">
         <name>.text:sl_DevSet</name>
         <load_address>0x2000d5cc</load_address>
         <run_address>0x2000d5cc</run_address>
         <size>0x98</size>
         <input_file_ref idref="fl-24"/>
      </object_component>
      <object_component id="oc-3be">
         <name>.text:sl_NetCfgSet</name>
         <load_address>0x2000d664</load_address>
         <run_address>0x2000d664</run_address>
         <size>0x98</size>
         <input_file_ref idref="fl-27"/>
      </object_component>
      <object_component id="oc-406">
         <name>.text:sl_SetSockOpt</name>
         <load_address>0x2000d6fc</load_address>
         <run_address>0x2000d6fc</run_address>
         <size>0x98</size>
         <input_file_ref idref="fl-29"/>
      </object_component>
      <object_component id="oc-3c4">
         <name>.text:sl_WlanSet</name>
         <load_address>0x2000d794</load_address>
         <run_address>0x2000d794</run_address>
         <size>0x98</size>
         <input_file_ref idref="fl-2a"/>
      </object_component>
      <object_component id="oc-9a6">
         <name>.text:spi_Write</name>
         <load_address>0x2000d82c</load_address>
         <run_address>0x2000d82c</run_address>
         <size>0x98</size>
         <input_file_ref idref="fl-2b"/>
      </object_component>
      <object_component id="oc-fb">
         <name>.text</name>
         <load_address>0x2000d8c4</load_address>
         <run_address>0x2000d8c4</run_address>
         <size>0x96</size>
         <input_file_ref idref="fl-e7"/>
      </object_component>
      <object_component id="oc-13b">
         <name>.text:PRCMPeripheralClockGet</name>
         <load_address>0x2000d95c</load_address>
         <run_address>0x2000d95c</run_address>
         <size>0x94</size>
         <input_file_ref idref="fl-1c"/>
      </object_component>
      <object_component id="oc-ab1">
         <name>.text:_sl_HandleAsync_DnsGetHostByName</name>
         <load_address>0x2000d9f0</load_address>
         <run_address>0x2000d9f0</run_address>
         <size>0x90</size>
         <input_file_ref idref="fl-26"/>
      </object_component>
      <object_component id="oc-a6c">
         <name>.text:_sl_HandleAsync_PingResponse</name>
         <load_address>0x2000da80</load_address>
         <run_address>0x2000da80</run_address>
         <size>0x90</size>
         <input_file_ref idref="fl-26"/>
      </object_component>
      <object_component id="oc-3ac">
         <name>.text:sl_WlanPolicySet</name>
         <load_address>0x2000db10</load_address>
         <run_address>0x2000db10</run_address>
         <size>0x90</size>
         <input_file_ref idref="fl-2a"/>
      </object_component>
      <object_component id="oc-a73">
         <name>.text:SetupDMAReceive</name>
         <load_address>0x2000dba0</load_address>
         <run_address>0x2000dba0</run_address>
         <size>0x8c</size>
         <input_file_ref idref="fl-2b"/>
      </object_component>
      <object_component id="oc-a29">
         <name>.text:SetupDMASend</name>
         <load_address>0x2000dc2c</load_address>
         <run_address>0x2000dc2c</run_address>
         <size>0x8c</size>
         <input_file_ref idref="fl-2b"/>
      </object_component>
      <object_component id="oc-956">
         <name>.text:_SlDrvIsTimeoutExpired</name>
         <load_address>0x2000dcb8</load_address>
         <run_address>0x2000dcb8</run_address>
         <size>0x8c</size>
         <input_file_ref idref="fl-25"/>
      </object_component>
      <object_component id="oc-b06">
         <name>.text:_sl_HandleAsync_InitComplete</name>
         <load_address>0x2000dd44</load_address>
         <run_address>0x2000dd44</run_address>
         <size>0x8c</size>
         <input_file_ref idref="fl-24"/>
      </object_component>
      <object_component id="oc-400">
         <name>.text:sl_Socket</name>
         <load_address>0x2000ddd0</load_address>
         <run_address>0x2000ddd0</run_address>
         <size>0x8c</size>
         <input_file_ref idref="fl-29"/>
      </object_component>
      <object_component id="oc-52e">
         <name>.text:PinConfigSet</name>
         <load_address>0x2000de5c</load_address>
         <run_address>0x2000de5c</run_address>
         <size>0x88</size>
         <input_file_ref idref="fl-1b"/>
      </object_component>
      <object_component id="oc-72d">
         <name>.text:__aeabi_cdcmple</name>
         <load_address>0x2000dee4</load_address>
         <run_address>0x2000dee4</run_address>
         <size>0x86</size>
         <input_file_ref idref="fl-f4"/>
      </object_component>
      <object_component id="oc-8e6">
         <name>.text:__aeabi_cdrcmple</name>
         <load_address>0x2000df6a</load_address>
         <run_address>0x2000df6a</run_address>
         <size>0x86</size>
         <input_file_ref idref="fl-f4"/>
      </object_component>
      <object_component id="oc-6ea">
         <name>.text:I2CMasterInitExpClk</name>
         <load_address>0x2000dff0</load_address>
         <run_address>0x2000dff0</run_address>
         <size>0x84</size>
         <input_file_ref idref="fl-19"/>
      </object_component>
      <object_component id="oc-3d3">
         <name>.text:sl_WlanRxFilterSet</name>
         <load_address>0x2000e074</load_address>
         <run_address>0x2000e074</run_address>
         <size>0x84</size>
         <input_file_ref idref="fl-2a"/>
      </object_component>
      <object_component id="oc-171">
         <name>.text:GPIOIntTypeSet</name>
         <load_address>0x2000e0f8</load_address>
         <run_address>0x2000e0f8</run_address>
         <size>0x82</size>
         <input_file_ref idref="fl-18"/>
      </object_component>
      <object_component id="oc-ad9">
         <name>.text:_sl_HandleAsync_Connect</name>
         <load_address>0x2000e17c</load_address>
         <run_address>0x2000e17c</run_address>
         <size>0x80</size>
         <input_file_ref idref="fl-29"/>
      </object_component>
      <object_component id="oc-a79">
         <name>.text:spi_Read_CPU</name>
         <load_address>0x2000e1fc</load_address>
         <run_address>0x2000e1fc</run_address>
         <size>0x80</size>
         <input_file_ref idref="fl-2b"/>
      </object_component>
      <object_component id="oc-a35">
         <name>.text:spi_Write_CPU</name>
         <load_address>0x2000e27c</load_address>
         <run_address>0x2000e27c</run_address>
         <size>0x80</size>
         <input_file_ref idref="fl-2b"/>
      </object_component>
      <object_component id="oc-8b">
         <name>.text</name>
         <load_address>0x2000e2fc</load_address>
         <run_address>0x2000e2fc</run_address>
         <size>0x7a</size>
         <input_file_ref idref="fl-e6"/>
      </object_component>
      <object_component id="oc-5b0">
         <name>.text:spi_Close</name>
         <load_address>0x2000e378</load_address>
         <run_address>0x2000e378</run_address>
         <size>0x78</size>
         <input_file_ref idref="fl-2b"/>
      </object_component>
      <object_component id="oc-141">
         <name>.text:UARTConfigSetExpClk</name>
         <load_address>0x2000e3f0</load_address>
         <run_address>0x2000e3f0</run_address>
         <size>0x76</size>
         <input_file_ref idref="fl-20"/>
      </object_component>
      <object_component id="oc-394">
         <name>.text:_SlNonOsMainLoopTask</name>
         <load_address>0x2000e468</load_address>
         <run_address>0x2000e468</run_address>
         <size>0x74</size>
         <input_file_ref idref="fl-28"/>
      </object_component>
      <object_component id="oc-2c8">
         <name>.text:TimerIntRegister</name>
         <load_address>0x2000e4dc</load_address>
         <run_address>0x2000e4dc</run_address>
         <size>0x70</size>
         <input_file_ref idref="fl-1f"/>
      </object_component>
      <object_component id="oc-4e5">
         <name>.text:split</name>
         <load_address>0x2000e54c</load_address>
         <run_address>0x2000e54c</run_address>
         <size>0x70</size>
         <input_file_ref idref="fl-ec"/>
      </object_component>
      <object_component id="oc-906">
         <name>.text:_mcpy</name>
         <load_address>0x2000e5bc</load_address>
         <run_address>0x2000e5bc</run_address>
         <size>0x6e</size>
         <input_file_ref idref="fl-f1"/>
      </object_component>
      <object_component id="oc-b1e">
         <name>.text:_SlDrvCmdSend</name>
         <load_address>0x2000e62c</load_address>
         <run_address>0x2000e62c</run_address>
         <size>0x6c</size>
         <input_file_ref idref="fl-25"/>
      </object_component>
      <object_component id="oc-ac3">
         <name>.text:_sl_NetAppSendTokenValue</name>
         <load_address>0x2000e698</load_address>
         <run_address>0x2000e698</run_address>
         <size>0x6c</size>
         <input_file_ref idref="fl-26"/>
      </object_component>
      <object_component id="oc-2f8">
         <name>.text:TimerIntUnregister</name>
         <load_address>0x2000e704</load_address>
         <run_address>0x2000e704</run_address>
         <size>0x68</size>
         <input_file_ref idref="fl-1f"/>
      </object_component>
      <object_component id="oc-15">
         <name>.text:decompress:lzss:__TI_decompress_lzss</name>
         <load_address>0x2000e76c</load_address>
         <run_address>0x2000e76c</run_address>
         <size>0x68</size>
         <input_file_ref idref="fl-ea"/>
      </object_component>
      <object_component id="oc-81a">
         <name>.text:_SlNonOsSpawn</name>
         <load_address>0x2000e7d4</load_address>
         <run_address>0x2000e7d4</run_address>
         <size>0x64</size>
         <input_file_ref idref="fl-28"/>
      </object_component>
      <object_component id="oc-ad3">
         <name>.text:_sl_HandleAsync_Accept</name>
         <load_address>0x2000e838</load_address>
         <run_address>0x2000e838</run_address>
         <size>0x64</size>
         <input_file_ref idref="fl-29"/>
      </object_component>
      <object_component id="oc-3ca">
         <name>.text:sl_NetAppMDNSUnRegisterService</name>
         <load_address>0x2000e89c</load_address>
         <run_address>0x2000e89c</run_address>
         <size>0x64</size>
         <input_file_ref idref="fl-26"/>
      </object_component>
      <object_component id="oc-96a">
         <name>.text:uDMAChannelAttributeDisable</name>
         <load_address>0x2000e900</load_address>
         <run_address>0x2000e900</run_address>
         <size>0x64</size>
         <input_file_ref idref="fl-109"/>
      </object_component>
      <object_component id="oc-af3">
         <name>.text:uDMAChannelAttributeEnable</name>
         <load_address>0x2000e964</load_address>
         <run_address>0x2000e964</run_address>
         <size>0x64</size>
         <input_file_ref idref="fl-109"/>
      </object_component>
      <object_component id="oc-442">
         <name>.text:sl_Close</name>
         <load_address>0x2000e9c8</load_address>
         <run_address>0x2000e9c8</run_address>
         <size>0x60</size>
         <input_file_ref idref="fl-29"/>
      </object_component>
      <object_component id="oc-3b2">
         <name>.text:sl_WlanProfileDel</name>
         <load_address>0x2000ea28</load_address>
         <run_address>0x2000ea28</run_address>
         <size>0x60</size>
         <input_file_ref idref="fl-2a"/>
      </object_component>
      <object_component id="oc-39a">
         <name>.text:sl_WlanSetMode</name>
         <load_address>0x2000ea88</load_address>
         <run_address>0x2000ea88</run_address>
         <size>0x60</size>
         <input_file_ref idref="fl-2a"/>
      </object_component>
      <object_component id="oc-91b">
         <name>.text:frexp</name>
         <load_address>0x2000eae8</load_address>
         <run_address>0x2000eae8</run_address>
         <size>0x5c</size>
         <input_file_ref idref="fl-106"/>
      </object_component>
      <object_component id="oc-7e6">
         <name>.text:IntPendClear</name>
         <load_address>0x2000eb44</load_address>
         <run_address>0x2000eb44</run_address>
         <size>0x58</size>
         <input_file_ref idref="fl-1a"/>
      </object_component>
      <object_component id="oc-187">
         <name>.text:PRCMPeripheralReset</name>
         <load_address>0x2000eb9c</load_address>
         <run_address>0x2000eb9c</run_address>
         <size>0x58</size>
         <input_file_ref idref="fl-1c"/>
      </object_component>
      <object_component id="oc-738">
         <name>.text:_pconv_f</name>
         <load_address>0x2000ebf4</load_address>
         <run_address>0x2000ebf4</run_address>
         <size>0x56</size>
         <input_file_ref idref="fl-f1"/>
      </object_component>
      <object_component id="oc-2c2">
         <name>.text:IntPrioritySet</name>
         <load_address>0x2000ec4c</load_address>
         <run_address>0x2000ec4c</run_address>
         <size>0x54</size>
         <input_file_ref idref="fl-1a"/>
      </object_component>
      <object_component id="oc-588">
         <name>.text:_SlDrvRxIrqHandler</name>
         <load_address>0x2000eca0</load_address>
         <run_address>0x2000eca0</run_address>
         <size>0x54</size>
         <input_file_ref idref="fl-25"/>
      </object_component>
      <object_component id="oc-8f0">
         <name>.text:__TI_ltoa</name>
         <load_address>0x2000ecf4</load_address>
         <run_address>0x2000ecf4</run_address>
         <size>0x54</size>
         <input_file_ref idref="fl-fe"/>
      </object_component>
      <object_component id="oc-adf">
         <name>.text:_sl_HandleAsync_Select</name>
         <load_address>0x2000ed48</load_address>
         <run_address>0x2000ed48</run_address>
         <size>0x54</size>
         <input_file_ref idref="fl-29"/>
      </object_component>
      <object_component id="oc-900">
         <name>.text:_ecpy</name>
         <load_address>0x2000ed9c</load_address>
         <run_address>0x2000ed9c</run_address>
         <size>0x52</size>
         <input_file_ref idref="fl-f1"/>
      </object_component>
      <object_component id="oc-ae5">
         <name>.text:_sl_HandleAsync_Stop</name>
         <load_address>0x2000edf0</load_address>
         <run_address>0x2000edf0</run_address>
         <size>0x50</size>
         <input_file_ref idref="fl-24"/>
      </object_component>
      <object_component id="oc-7c5">
         <name>.text:SPIIntEnable</name>
         <load_address>0x2000ee40</load_address>
         <run_address>0x2000ee40</run_address>
         <size>0x4c</size>
         <input_file_ref idref="fl-1d"/>
      </object_component>
      <object_component id="oc-9b1">
         <name>.text:SPIIntNumberGet</name>
         <load_address>0x2000ee8c</load_address>
         <run_address>0x2000ee8c</run_address>
         <size>0x4c</size>
         <input_file_ref idref="fl-1d"/>
      </object_component>
      <object_component id="oc-558">
         <name>.text:_SlDrvProtectAsyncRespSetting</name>
         <load_address>0x2000eed8</load_address>
         <run_address>0x2000eed8</run_address>
         <size>0x4c</size>
         <input_file_ref idref="fl-25"/>
      </object_component>
      <object_component id="oc-650">
         <name>.text:_sl_BuildAddress</name>
         <load_address>0x2000ef24</load_address>
         <run_address>0x2000ef24</run_address>
         <size>0x4c</size>
         <input_file_ref idref="fl-29"/>
      </object_component>
      <object_component id="oc-721">
         <name>.text:atoi</name>
         <load_address>0x2000ef70</load_address>
         <run_address>0x2000ef70</run_address>
         <size>0x4c</size>
         <input_file_ref idref="fl-100"/>
      </object_component>
      <object_component id="oc-42a">
         <name>.text:snprintf</name>
         <load_address>0x2000efbc</load_address>
         <run_address>0x2000efbc</run_address>
         <size>0x4c</size>
         <input_file_ref idref="fl-e1"/>
      </object_component>
      <object_component id="oc-964">
         <name>.text:uDMAChannelAssign</name>
         <load_address>0x2000f008</load_address>
         <run_address>0x2000f008</run_address>
         <size>0x4c</size>
         <input_file_ref idref="fl-109"/>
      </object_component>
      <object_component id="oc-306">
         <name>.text:GPIOGetIntNumber</name>
         <load_address>0x2000f054</load_address>
         <run_address>0x2000f054</run_address>
         <size>0x48</size>
         <input_file_ref idref="fl-18"/>
      </object_component>
      <object_component id="oc-984">
         <name>.text:SPIIntClear</name>
         <load_address>0x2000f09c</load_address>
         <run_address>0x2000f09c</run_address>
         <size>0x48</size>
         <input_file_ref idref="fl-1d"/>
      </object_component>
      <object_component id="oc-5dc">
         <name>.text:_SlDrvBasicCmd</name>
         <load_address>0x2000f0e4</load_address>
         <run_address>0x2000f0e4</run_address>
         <size>0x48</size>
         <input_file_ref idref="fl-25"/>
      </object_component>
      <object_component id="oc-8eb">
         <name>.text</name>
         <load_address>0x2000f12c</load_address>
         <run_address>0x2000f12c</run_address>
         <size>0x48</size>
         <input_file_ref idref="fl-f7"/>
      </object_component>
      <object_component id="oc-974">
         <name>.text:SPIDmaMaskGet</name>
         <load_address>0x2000f174</load_address>
         <run_address>0x2000f174</run_address>
         <size>0x44</size>
         <input_file_ref idref="fl-1d"/>
      </object_component>
      <object_component id="oc-2b6">
         <name>.text:TimerConfigure</name>
         <load_address>0x2000f1b8</load_address>
         <run_address>0x2000f1b8</run_address>
         <size>0x44</size>
         <input_file_ref idref="fl-1f"/>
      </object_component>
      <object_component id="oc-2ac">
         <name>.text:UARTIntNumberGet</name>
         <load_address>0x2000f1fc</load_address>
         <run_address>0x2000f1fc</run_address>
         <size>0x44</size>
         <input_file_ref idref="fl-20"/>
      </object_component>
      <object_component id="oc-b17">
         <name>.text:_SlDrvHandleHttpServerEvents</name>
         <load_address>0x2000f240</load_address>
         <run_address>0x2000f240</run_address>
         <size>0x44</size>
         <input_file_ref idref="fl-25"/>
      </object_component>
      <object_component id="oc-570">
         <name>.text:_SlDrvSyncObjWaitTimeout</name>
         <load_address>0x2000f284</load_address>
         <run_address>0x2000f284</run_address>
         <size>0x44</size>
         <input_file_ref idref="fl-25"/>
      </object_component>
      <object_component id="oc-1e1">
         <name>.text:__TI_auto_init_nobinit_nopinit:__TI_auto_init_nobinit_nopinit</name>
         <load_address>0x2000f2c8</load_address>
         <run_address>0x2000f2c8</run_address>
         <size>0x44</size>
         <input_file_ref idref="fl-f9"/>
      </object_component>
      <object_component id="oc-a86">
         <name>.text:cc_SetupTransfer</name>
         <load_address>0x2000f30c</load_address>
         <run_address>0x2000f30c</run_address>
         <size>0x44</size>
         <input_file_ref idref="fl-2b"/>
      </object_component>
      <object_component id="oc-3fa">
         <name>.text:sl_Htonl</name>
         <load_address>0x2000f350</load_address>
         <run_address>0x2000f350</run_address>
         <size>0x42</size>
         <input_file_ref idref="fl-29"/>
      </object_component>
      <object_component id="oc-33a">
         <name>.text:PinModeSet</name>
         <load_address>0x2000f394</load_address>
         <run_address>0x2000f394</run_address>
         <size>0x40</size>
         <input_file_ref idref="fl-1b"/>
      </object_component>
      <object_component id="oc-aa9">
         <name>.text:_SlDrvHandleNetAppEvents</name>
         <load_address>0x2000f3d4</load_address>
         <run_address>0x2000f3d4</run_address>
         <size>0x40</size>
         <input_file_ref idref="fl-25"/>
      </object_component>
      <object_component id="oc-aa3">
         <name>.text:_SlDrvHandleWlanEvents</name>
         <load_address>0x2000f414</load_address>
         <run_address>0x2000f414</run_address>
         <size>0x40</size>
         <input_file_ref idref="fl-25"/>
      </object_component>
      <object_component id="oc-681">
         <name>.text:_sl_TruncatePayloadByProtocol</name>
         <load_address>0x2000f454</load_address>
         <run_address>0x2000f454</run_address>
         <size>0x40</size>
         <input_file_ref idref="fl-29"/>
      </object_component>
      <object_component id="oc-436">
         <name>.text:sprintf</name>
         <load_address>0x2000f494</load_address>
         <run_address>0x2000f494</run_address>
         <size>0x40</size>
         <input_file_ref idref="fl-e2"/>
      </object_component>
      <object_component id="oc-251">
         <name>.text:vsnprintf</name>
         <load_address>0x2000f4d4</load_address>
         <run_address>0x2000f4d4</run_address>
         <size>0x40</size>
         <input_file_ref idref="fl-e3"/>
      </object_component>
      <object_component id="oc-564">
         <name>.text:NwpRegisterInterruptHandler</name>
         <load_address>0x2000f514</load_address>
         <run_address>0x2000f514</run_address>
         <size>0x3e</size>
         <input_file_ref idref="fl-2b"/>
      </object_component>
      <object_component id="oc-913">
         <name>.text:_fcpy</name>
         <load_address>0x2000f552</load_address>
         <run_address>0x2000f552</run_address>
         <size>0x3e</size>
         <input_file_ref idref="fl-f1"/>
      </object_component>
      <object_component id="oc-aca">
         <name>.text:CopyPingResultsToReport</name>
         <load_address>0x2000f590</load_address>
         <run_address>0x2000f590</run_address>
         <size>0x3c</size>
         <input_file_ref idref="fl-26"/>
      </object_component>
      <object_component id="oc-236">
         <name>.text:PRCMPeripheralClkEnable</name>
         <load_address>0x2000f5cc</load_address>
         <run_address>0x2000f5cc</run_address>
         <size>0x3c</size>
         <input_file_ref idref="fl-1c"/>
      </object_component>
      <object_component id="oc-a53">
         <name>.text:simplelink_timerA2_start</name>
         <load_address>0x2000f608</load_address>
         <run_address>0x2000f608</run_address>
         <size>0x3c</size>
         <input_file_ref idref="fl-2b"/>
      </object_component>
      <object_component id="oc-3f4">
         <name>.text:sl_Htons</name>
         <load_address>0x2000f644</load_address>
         <run_address>0x2000f644</run_address>
         <size>0x3c</size>
         <input_file_ref idref="fl-29"/>
      </object_component>
      <object_component id="oc-aed">
         <name>.text:uDMAChannelControlSet</name>
         <load_address>0x2000f680</load_address>
         <run_address>0x2000f680</run_address>
         <size>0x3c</size>
         <input_file_ref idref="fl-109"/>
      </object_component>
      <object_component id="oc-55e">
         <name>.text:NwpPowerOff</name>
         <load_address>0x2000f6bc</load_address>
         <run_address>0x2000f6bc</run_address>
         <size>0x38</size>
         <input_file_ref idref="fl-2b"/>
      </object_component>
      <object_component id="oc-3b8">
         <name>.text:sl_WlanDisconnect</name>
         <load_address>0x2000f6f4</load_address>
         <run_address>0x2000f6f4</run_address>
         <size>0x38</size>
         <input_file_ref idref="fl-2a"/>
      </object_component>
      <object_component id="oc-346">
         <name>.text:GPIODirModeSet</name>
         <load_address>0x2000f72c</load_address>
         <run_address>0x2000f72c</run_address>
         <size>0x36</size>
         <input_file_ref idref="fl-18"/>
      </object_component>
      <object_component id="oc-456">
         <name>.text:strncpy</name>
         <load_address>0x2000f762</load_address>
         <run_address>0x2000f762</run_address>
         <size>0x36</size>
         <input_file_ref idref="fl-ef"/>
      </object_component>
      <object_component id="oc-7a7">
         <name>.text:PRCMPeripheralStatusGet</name>
         <load_address>0x2000f798</load_address>
         <run_address>0x2000f798</run_address>
         <size>0x34</size>
         <input_file_ref idref="fl-1c"/>
      </object_component>
      <object_component id="oc-7bf">
         <name>.text:SPIFIFOLevelSet</name>
         <load_address>0x2000f7cc</load_address>
         <run_address>0x2000f7cc</run_address>
         <size>0x34</size>
         <input_file_ref idref="fl-1d"/>
      </object_component>
      <object_component id="oc-340">
         <name>.text:PinTypeGPIO</name>
         <load_address>0x2000f800</load_address>
         <run_address>0x2000f800</run_address>
         <size>0x30</size>
         <input_file_ref idref="fl-1b"/>
      </object_component>
      <object_component id="oc-2a3">
         <name>.text:UARTDisable</name>
         <load_address>0x2000f830</load_address>
         <run_address>0x2000f830</run_address>
         <size>0x30</size>
         <input_file_ref idref="fl-20"/>
      </object_component>
      <object_component id="oc-65e">
         <name>.text:_outs</name>
         <load_address>0x2000f860</load_address>
         <run_address>0x2000f860</run_address>
         <size>0x30</size>
         <input_file_ref idref="fl-e1"/>
      </object_component>
      <object_component id="oc-4bc">
         <name>.text:_outs</name>
         <load_address>0x2000f890</load_address>
         <run_address>0x2000f890</run_address>
         <size>0x30</size>
         <input_file_ref idref="fl-e3"/>
      </object_component>
      <object_component id="oc-8f6">
         <name>.text</name>
         <load_address>0x2000f8c0</load_address>
         <run_address>0x2000f8c0</run_address>
         <size>0x2e</size>
         <input_file_ref idref="fl-f8"/>
      </object_component>
      <object_component id="oc-6c6">
         <name>.text:I2CMasterErr</name>
         <load_address>0x2000f8ee</load_address>
         <run_address>0x2000f8ee</run_address>
         <size>0x2c</size>
         <input_file_ref idref="fl-19"/>
      </object_component>
      <object_component id="oc-56a">
         <name>.text:NwpPowerOn</name>
         <load_address>0x2000f91c</load_address>
         <run_address>0x2000f91c</run_address>
         <size>0x2c</size>
         <input_file_ref idref="fl-2b"/>
      </object_component>
      <object_component id="oc-224">
         <name>.text:PRCMSysResetCauseGet</name>
         <load_address>0x2000f948</load_address>
         <run_address>0x2000f948</run_address>
         <size>0x2c</size>
         <input_file_ref idref="fl-1c"/>
      </object_component>
      <object_component id="oc-82d">
         <name>.text:_SlDrvObjGlobalLockWaitForever</name>
         <load_address>0x2000f974</load_address>
         <run_address>0x2000f974</run_address>
         <size>0x2c</size>
         <input_file_ref idref="fl-25"/>
      </object_component>
      <object_component id="oc-625">
         <name>.text:_SlDrvProtectionObjLockWaitForever</name>
         <load_address>0x2000f9a0</load_address>
         <run_address>0x2000f9a0</run_address>
         <size>0x2c</size>
         <input_file_ref idref="fl-25"/>
      </object_component>
      <object_component id="oc-2e0">
         <name>.text:TimerLoadSet</name>
         <load_address>0x2000f9cc</load_address>
         <run_address>0x2000f9cc</run_address>
         <size>0x2a</size>
         <input_file_ref idref="fl-1f"/>
      </object_component>
      <object_component id="oc-2bc">
         <name>.text:TimerPrescaleSet</name>
         <load_address>0x2000f9f6</load_address>
         <run_address>0x2000f9f6</run_address>
         <size>0x2a</size>
         <input_file_ref idref="fl-1f"/>
      </object_component>
      <object_component id="oc-23c">
         <name>.text:PRCMPeripheralClkDisable</name>
         <load_address>0x2000fa20</load_address>
         <run_address>0x2000fa20</run_address>
         <size>0x28</size>
         <input_file_ref idref="fl-1c"/>
      </object_component>
      <object_component id="oc-833">
         <name>.text:_SlDrvGlobalObjUnLock</name>
         <load_address>0x2000fa48</load_address>
         <run_address>0x2000fa48</run_address>
         <size>0x28</size>
         <input_file_ref idref="fl-25"/>
      </object_component>
      <object_component id="oc-62b">
         <name>.text:_SlDrvProtectionObjUnLock</name>
         <load_address>0x2000fa70</load_address>
         <run_address>0x2000fa70</run_address>
         <size>0x28</size>
         <input_file_ref idref="fl-25"/>
      </object_component>
      <object_component id="oc-631">
         <name>.text:_SlDrvSyncObjWaitForever</name>
         <load_address>0x2000fa98</load_address>
         <run_address>0x2000fa98</run_address>
         <size>0x28</size>
         <input_file_ref idref="fl-25"/>
      </object_component>
      <object_component id="oc-4ec">
         <name>.text:free_list_insert</name>
         <load_address>0x2000fac0</load_address>
         <run_address>0x2000fac0</run_address>
         <size>0x28</size>
         <input_file_ref idref="fl-ec"/>
      </object_component>
      <object_component id="oc-25d">
         <name>.text:memmove</name>
         <load_address>0x2000fae8</load_address>
         <run_address>0x2000fae8</run_address>
         <size>0x28</size>
         <input_file_ref idref="fl-eb"/>
      </object_component>
      <object_component id="oc-8a0">
         <name>.text:_SlDrvObjLockWaitForever</name>
         <load_address>0x2000fb10</load_address>
         <run_address>0x2000fb10</run_address>
         <size>0x26</size>
         <input_file_ref idref="fl-25"/>
      </object_component>
      <object_component id="oc-b33">
         <name>.text</name>
         <load_address>0x2000fb36</load_address>
         <run_address>0x2000fb36</run_address>
         <size>0x26</size>
         <input_file_ref idref="fl-9"/>
      </object_component>
      <object_component id="oc-7d1">
         <name>.text:DmaSpiSwIntHandler</name>
         <load_address>0x2000fb5c</load_address>
         <run_address>0x2000fb5c</run_address>
         <size>0x24</size>
         <input_file_ref idref="fl-2b"/>
      </object_component>
      <object_component id="oc-518">
         <name>.text:IntUnregister</name>
         <load_address>0x2000fb80</load_address>
         <run_address>0x2000fb80</run_address>
         <size>0x24</size>
         <input_file_ref idref="fl-1a"/>
      </object_component>
      <object_component id="oc-15f">
         <name>.text:UARTEnable</name>
         <load_address>0x2000fba4</load_address>
         <run_address>0x2000fba4</run_address>
         <size>0x24</size>
         <input_file_ref idref="fl-20"/>
      </object_component>
      <object_component id="oc-5b">
         <name>.text:_c_int00_noargs:_c_int00_noargs</name>
         <load_address>0x2000fbc8</load_address>
         <run_address>0x2000fbc8</run_address>
         <size>0x24</size>
         <input_file_ref idref="fl-f0"/>
      </object_component>
      <object_component id="oc-e9">
         <name>.text:GPIOIntStatus</name>
         <load_address>0x2000fbec</load_address>
         <run_address>0x2000fbec</run_address>
         <size>0x22</size>
         <input_file_ref idref="fl-18"/>
      </object_component>
      <object_component id="oc-6cc">
         <name>.text:I2CMasterSlaveAddrSet</name>
         <load_address>0x2000fc0e</load_address>
         <run_address>0x2000fc0e</run_address>
         <size>0x22</size>
         <input_file_ref idref="fl-19"/>
      </object_component>
      <object_component id="oc-18d">
         <name>.text:SPIReset</name>
         <load_address>0x2000fc30</load_address>
         <run_address>0x2000fc30</run_address>
         <size>0x22</size>
         <input_file_ref idref="fl-1d"/>
      </object_component>
      <object_component id="oc-a2f">
         <name>.text:SPIWordCountSet</name>
         <load_address>0x2000fc52</load_address>
         <run_address>0x2000fc52</run_address>
         <size>0x22</size>
         <input_file_ref idref="fl-1d"/>
      </object_component>
      <object_component id="oc-36d">
         <name>.text:GPIOPinWrite</name>
         <load_address>0x2000fc74</load_address>
         <run_address>0x2000fc74</run_address>
         <size>0x20</size>
         <input_file_ref idref="fl-18"/>
      </object_component>
      <object_component id="oc-28f">
         <name>.text:IntRegister</name>
         <load_address>0x2000fc94</load_address>
         <run_address>0x2000fc94</run_address>
         <size>0x20</size>
         <input_file_ref idref="fl-1a"/>
      </object_component>
      <object_component id="oc-5aa">
         <name>.text:NwpPrePowerOffTimout0</name>
         <load_address>0x2000fcb4</load_address>
         <run_address>0x2000fcb4</run_address>
         <size>0x20</size>
         <input_file_ref idref="fl-2b"/>
      </object_component>
      <object_component id="oc-379">
         <name>.text:SPIDataGet</name>
         <load_address>0x2000fcd4</load_address>
         <run_address>0x2000fcd4</run_address>
         <size>0x20</size>
         <input_file_ref idref="fl-1d"/>
      </object_component>
      <object_component id="oc-9f9">
         <name>.text:TimerGetCurrentTimestamp</name>
         <load_address>0x2000fcf4</load_address>
         <run_address>0x2000fcf4</run_address>
         <size>0x20</size>
         <input_file_ref idref="fl-2b"/>
      </object_component>
      <object_component id="oc-8a6">
         <name>.text:_SlDrvObjUnLock</name>
         <load_address>0x2000fd14</load_address>
         <run_address>0x2000fd14</run_address>
         <size>0x20</size>
         <input_file_ref idref="fl-25"/>
      </object_component>
      <object_component id="oc-801">
         <name>.text:_SlDrvSyncObjSignal</name>
         <load_address>0x2000fd34</load_address>
         <run_address>0x2000fd34</run_address>
         <size>0x20</size>
         <input_file_ref idref="fl-25"/>
      </object_component>
      <object_component id="oc-16b">
         <name>.text:GPIOIntRegister</name>
         <load_address>0x2000fd54</load_address>
         <run_address>0x2000fd54</run_address>
         <size>0x1e</size>
         <input_file_ref idref="fl-18"/>
      </object_component>
      <object_component id="oc-6c0">
         <name>.text:I2CMasterIntStatusEx</name>
         <load_address>0x2000fd72</load_address>
         <run_address>0x2000fd72</run_address>
         <size>0x1e</size>
         <input_file_ref idref="fl-19"/>
      </object_component>
      <object_component id="oc-373">
         <name>.text:SPIDataPut</name>
         <load_address>0x2000fd90</load_address>
         <run_address>0x2000fd90</run_address>
         <size>0x1e</size>
         <input_file_ref idref="fl-1d"/>
      </object_component>
      <object_component id="oc-2ec">
         <name>.text:TimerDisable</name>
         <load_address>0x2000fdae</load_address>
         <run_address>0x2000fdae</run_address>
         <size>0x1e</size>
         <input_file_ref idref="fl-1f"/>
      </object_component>
      <object_component id="oc-2e6">
         <name>.text:TimerEnable</name>
         <load_address>0x2000fdcc</load_address>
         <run_address>0x2000fdcc</run_address>
         <size>0x1e</size>
         <input_file_ref idref="fl-1f"/>
      </object_component>
      <object_component id="oc-2d4">
         <name>.text:TimerIntStatus</name>
         <load_address>0x2000fdea</load_address>
         <run_address>0x2000fdea</run_address>
         <size>0x1e</size>
         <input_file_ref idref="fl-1f"/>
      </object_component>
      <object_component id="oc-24b">
         <name>.text:UARTCharPut</name>
         <load_address>0x2000fe08</load_address>
         <run_address>0x2000fe08</run_address>
         <size>0x1e</size>
         <input_file_ref idref="fl-20"/>
      </object_component>
      <object_component id="oc-153">
         <name>.text:UARTIntRegister</name>
         <load_address>0x2000fe26</load_address>
         <run_address>0x2000fe26</run_address>
         <size>0x1e</size>
         <input_file_ref idref="fl-20"/>
      </object_component>
      <object_component id="oc-120">
         <name>.text:UARTIntStatus</name>
         <load_address>0x2000fe44</load_address>
         <run_address>0x2000fe44</run_address>
         <size>0x1e</size>
         <input_file_ref idref="fl-20"/>
      </object_component>
      <object_component id="oc-7ad">
         <name>.text:cc_UDMAChannelSelect</name>
         <load_address>0x2000fe62</load_address>
         <run_address>0x2000fe62</run_address>
         <size>0x1e</size>
         <input_file_ref idref="fl-2b"/>
      </object_component>
      <object_component id="oc-34c">
         <name>.text:PinTypeI2C</name>
         <load_address>0x2000fe80</load_address>
         <run_address>0x2000fe80</run_address>
         <size>0x1c</size>
         <input_file_ref idref="fl-1b"/>
      </object_component>
      <object_component id="oc-10b">
         <name>.text:SysTickIntRegister</name>
         <load_address>0x2000fe9c</load_address>
         <run_address>0x2000fe9c</run_address>
         <size>0x1c</size>
         <input_file_ref idref="fl-1e"/>
      </object_component>
      <object_component id="oc-2fe">
         <name>.text:TimerValueGet</name>
         <load_address>0x2000feb8</load_address>
         <run_address>0x2000feb8</run_address>
         <size>0x1c</size>
         <input_file_ref idref="fl-1f"/>
      </object_component>
      <object_component id="oc-12c">
         <name>.text:UARTCharGetNonBlocking</name>
         <load_address>0x2000fed4</load_address>
         <run_address>0x2000fed4</run_address>
         <size>0x1c</size>
         <input_file_ref idref="fl-20"/>
      </object_component>
      <object_component id="oc-950">
         <name>.text:_SlDrvStartMeasureTimeout</name>
         <load_address>0x2000fef0</load_address>
         <run_address>0x2000fef0</run_address>
         <size>0x1c</size>
         <input_file_ref idref="fl-25"/>
      </object_component>
      <object_component id="oc-49">
         <name>.text:decompress:ZI:__TI_zero_init_nomemset:__TI_zero_init_nomemset</name>
         <load_address>0x2000ff0c</load_address>
         <run_address>0x2000ff0c</run_address>
         <size>0x1c</size>
         <input_file_ref idref="fl-e8"/>
      </object_component>
      <object_component id="oc-4df">
         <name>.text:free_list_remove</name>
         <load_address>0x2000ff28</load_address>
         <run_address>0x2000ff28</run_address>
         <size>0x1c</size>
         <input_file_ref idref="fl-ec"/>
      </object_component>
      <object_component id="oc-74a">
         <name>.text:memccpy</name>
         <load_address>0x2000ff44</load_address>
         <run_address>0x2000ff44</run_address>
         <size>0x1c</size>
         <input_file_ref idref="fl-102"/>
      </object_component>
      <object_component id="oc-aff">
         <name>.text:uDMAChannelEnable</name>
         <load_address>0x2000ff60</load_address>
         <run_address>0x2000ff60</run_address>
         <size>0x1c</size>
         <input_file_ref idref="fl-109"/>
      </object_component>
      <object_component id="oc-177">
         <name>.text:GPIOIntEnable</name>
         <load_address>0x2000ff7c</load_address>
         <run_address>0x2000ff7c</run_address>
         <size>0x1a</size>
         <input_file_ref idref="fl-18"/>
      </object_component>
      <object_component id="oc-352">
         <name>.text:PinTypeSPI</name>
         <load_address>0x2000ff96</load_address>
         <run_address>0x2000ff96</run_address>
         <size>0x1a</size>
         <input_file_ref idref="fl-1b"/>
      </object_component>
      <object_component id="oc-358">
         <name>.text:PinTypeUART</name>
         <load_address>0x2000ffb0</load_address>
         <run_address>0x2000ffb0</run_address>
         <size>0x1a</size>
         <input_file_ref idref="fl-1b"/>
      </object_component>
      <object_component id="oc-857">
         <name>.text:SPIDmaDisable</name>
         <load_address>0x2000ffca</load_address>
         <run_address>0x2000ffca</run_address>
         <size>0x1a</size>
         <input_file_ref idref="fl-1d"/>
      </object_component>
      <object_component id="oc-7b9">
         <name>.text:SPIDmaEnable</name>
         <load_address>0x2000ffe4</load_address>
         <run_address>0x2000ffe4</run_address>
         <size>0x1a</size>
         <input_file_ref idref="fl-1d"/>
      </object_component>
      <object_component id="oc-851">
         <name>.text:SPIFIFODisable</name>
         <load_address>0x2000fffe</load_address>
         <run_address>0x2000fffe</run_address>
         <size>0x1a</size>
         <input_file_ref idref="fl-1d"/>
      </object_component>
      <object_component id="oc-7b3">
         <name>.text:SPIFIFOEnable</name>
         <load_address>0x20010018</load_address>
         <run_address>0x20010018</run_address>
         <size>0x1a</size>
         <input_file_ref idref="fl-1d"/>
      </object_component>
      <object_component id="oc-84b">
         <name>.text:SPIIntUnregister</name>
         <load_address>0x20010032</load_address>
         <run_address>0x20010032</run_address>
         <size>0x1a</size>
         <input_file_ref idref="fl-1d"/>
      </object_component>
      <object_component id="oc-611">
         <name>.text:GPIOPinRead</name>
         <load_address>0x2001004c</load_address>
         <run_address>0x2001004c</run_address>
         <size>0x18</size>
         <input_file_ref idref="fl-18"/>
      </object_component>
      <object_component id="oc-6e4">
         <name>.text:I2CMasterIntEnableEx</name>
         <load_address>0x20010064</load_address>
         <run_address>0x20010064</run_address>
         <size>0x18</size>
         <input_file_ref idref="fl-19"/>
      </object_component>
      <object_component id="oc-37f">
         <name>.text:SPICSDisable</name>
         <load_address>0x2001007c</load_address>
         <run_address>0x2001007c</run_address>
         <size>0x18</size>
         <input_file_ref idref="fl-1d"/>
      </object_component>
      <object_component id="oc-367">
         <name>.text:SPICSEnable</name>
         <load_address>0x20010094</load_address>
         <run_address>0x20010094</run_address>
         <size>0x18</size>
         <input_file_ref idref="fl-1d"/>
      </object_component>
      <object_component id="oc-7a1">
         <name>.text:SPIDisable</name>
         <load_address>0x200100ac</load_address>
         <run_address>0x200100ac</run_address>
         <size>0x18</size>
         <input_file_ref idref="fl-1d"/>
      </object_component>
      <object_component id="oc-199">
         <name>.text:SPIEnable</name>
         <load_address>0x200100c4</load_address>
         <run_address>0x200100c4</run_address>
         <size>0x18</size>
         <input_file_ref idref="fl-1d"/>
      </object_component>
      <object_component id="oc-105">
         <name>.text:SysTickPeriodSet</name>
         <load_address>0x200100dc</load_address>
         <run_address>0x200100dc</run_address>
         <size>0x18</size>
         <input_file_ref idref="fl-1e"/>
      </object_component>
      <object_component id="oc-2f2">
         <name>.text:TimerIntDisable</name>
         <load_address>0x200100f4</load_address>
         <run_address>0x200100f4</run_address>
         <size>0x18</size>
         <input_file_ref idref="fl-1f"/>
      </object_component>
      <object_component id="oc-2ce">
         <name>.text:TimerIntEnable</name>
         <load_address>0x2001010c</load_address>
[...]
         <value>0x2000b7b5</value>
         <object_component_ref idref="oc-3ee"/>
      </symbol>
      <symbol id="sm-f39">
         <name>_sl_HandleAsync_DnsGetHostByName</name>
         <value>0x2000d9f1</value>
         <object_component_ref idref="oc-ab1"/>
      </symbol>
      <symbol id="sm-f3a">
         <name>_sl_HandleAsync_PingResponse</name>
         <value>0x2000da81</value>
         <object_component_ref idref="oc-a6c"/>
      </symbol>
      <symbol id="sm-f3b">
         <name>_SlDrvNetAppEventHandler</name>
         <value>0x2000bffd</value>
         <object_component_ref idref="oc-a66"/>
      </symbol>
      <symbol id="sm-f3c">
         <name>_sl_HandleAsync_DnsGetHostByService</name>
         <value>0x2000cce1</value>
         <object_component_ref idref="oc-ab7"/>
      </symbol>
      <symbol id="sm-f3d">
         <name>_sl_NetAppSendTokenValue</name>
         <value>0x2000e699</value>
         <object_component_ref idref="oc-ac3"/>
      </symbol>
      <symbol id="sm-f3e">
         <name>sl_NetAppMDNSRegisterUnregisterService</name>
         <value>0x2000ca51</value>
         <object_component_ref idref="oc-5f1"/>
      </symbol>
      <symbol id="sm-f60">
         <name>sl_NetCfgSet</name>
         <value>0x2000d665</value>
         <object_component_ref idref="oc-3be"/>
      </symbol>
      <symbol id="sm-fa8">
         <name>_SlNonOsSemSet</name>
         <value>0x2001016d</value>
         <object_component_ref idref="oc-790"/>
      </symbol>
      <symbol id="sm-fa9">
         <name>_SlNonOsSpawn</name>
         <value>0x2000e7d5</value>
         <object_component_ref idref="oc-81a"/>
      </symbol>
      <symbol id="sm-faa">
         <name>_SlNonOsSemGet</name>
         <value>0x2000d0b1</value>
         <object_component_ref idref="oc-796"/>
      </symbol>
      <symbol id="sm-fab">
         <name>_SlNonOsMainLoopTask</name>
         <value>0x2000e469</value>
         <object_component_ref idref="oc-394"/>
      </symbol>
      <symbol id="sm-fac">
         <name>g__SlNonOsCB</name>
         <value>0x20017b30</value>
         <object_component_ref idref="oc-595"/>
      </symbol>
      <symbol id="sm-10ad">
         <name>sl_Recv</name>
         <value>0x2000d3f5</value>
         <object_component_ref idref="oc-448"/>
      </symbol>
      <symbol id="sm-10ae">
         <name>sl_Send</name>
         <value>0x2000bb6d</value>
         <object_component_ref idref="oc-43c"/>
      </symbol>
      <symbol id="sm-10af">
         <name>_sl_HandleAsync_Connect</name>
         <value>0x2000e17d</value>
         <object_component_ref idref="oc-ad9"/>
      </symbol>
      <symbol id="sm-10b0">
         <name>sl_Htonl</name>
         <value>0x2000f351</value>
         <object_component_ref idref="oc-3fa"/>
      </symbol>
      <symbol id="sm-10b1">
         <name>sl_Htons</name>
         <value>0x2000f645</value>
         <object_component_ref idref="oc-3f4"/>
      </symbol>
      <symbol id="sm-10b2">
         <name>sl_Connect</name>
         <value>0x2000ae0d</value>
         <object_component_ref idref="oc-40c"/>
      </symbol>
      <symbol id="sm-10b3">
         <name>sl_Socket</name>
         <value>0x2000ddd1</value>
         <object_component_ref idref="oc-400"/>
      </symbol>
      <symbol id="sm-10b4">
         <name>_sl_HandleAsync_Select</name>
         <value>0x2000ed49</value>
         <object_component_ref idref="oc-adf"/>
      </symbol>
      <symbol id="sm-10b5">
         <name>sl_Close</name>
         <value>0x2000e9c9</value>
         <object_component_ref idref="oc-442"/>
      </symbol>
      <symbol id="sm-10b6">
         <name>_sl_HandleAsync_Accept</name>
         <value>0x2000e839</value>
         <object_component_ref idref="oc-ad3"/>
      </symbol>
      <symbol id="sm-10b7">
         <name>sl_SetSockOpt</name>
         <value>0x2000d6fd</value>
         <object_component_ref idref="oc-406"/>
      </symbol>
      <symbol id="sm-1171">
         <name>sl_WlanDisconnect</name>
         <value>0x2000f6f5</value>
         <object_component_ref idref="oc-3b8"/>
      </symbol>
      <symbol id="sm-1172">
         <name>sl_WlanPolicySet</name>
         <value>0x2000db11</value>
         <object_component_ref idref="oc-3ac"/>
      </symbol>
      <symbol id="sm-1173">
         <name>sl_WlanProfileDel</name>
         <value>0x2000ea29</value>
         <object_component_ref idref="oc-3b2"/>
      </symbol>
      <symbol id="sm-1174">
         <name>sl_WlanRxFilterSet</name>
         <value>0x2000e075</value>
         <object_component_ref idref="oc-3d3"/>
      </symbol>
      <symbol id="sm-1175">
         <name>sl_WlanConnect</name>
         <value>0x20009471</value>
         <object_component_ref idref="oc-3dd"/>
      </symbol>
      <symbol id="sm-1176">
         <name>sl_WlanSet</name>
         <value>0x2000d795</value>
         <object_component_ref idref="oc-3c4"/>
      </symbol>
      <symbol id="sm-1177">
         <name>sl_WlanSetMode</name>
         <value>0x2000ea89</value>
         <object_component_ref idref="oc-39a"/>
      </symbol>
      <symbol id="sm-1297">
         <name>g_ucDinDout</name>
         <value>0x200179e8</value>
      </symbol>
      <symbol id="sm-1298">
         <name>g_cDummy</name>
         <value>0x20017ace</value>
      </symbol>
      <symbol id="sm-1299">
         <name>NwpMaskInterrupt</name>
         <value>0x200103d5</value>
         <object_component_ref idref="oc-7df"/>
      </symbol>
      <symbol id="sm-129a">
         <name>NwpPrePowerOffTimout0</name>
         <value>0x2000fcb5</value>
         <object_component_ref idref="oc-5aa"/>
      </symbol>
      <symbol id="sm-129b">
         <name>NwpRegisterInterruptHandler</name>
         <value>0x2000f515</value>
         <object_component_ref idref="oc-564"/>
      </symbol>
      <symbol id="sm-129c">
         <name>g_pHostIntHdl</name>
         <value>0x20017c6c</value>
         <object_component_ref idref="oc-7cb"/>
      </symbol>
      <symbol id="sm-129d">
         <name>simplelink_timerA2_start</name>
         <value>0x2000f609</value>
         <object_component_ref idref="oc-a53"/>
      </symbol>
      <symbol id="sm-129e">
         <name>NwpUnMaskInterrupt</name>
         <value>0x200103e1</value>
         <object_component_ref idref="oc-7ed"/>
      </symbol>
      <symbol id="sm-129f">
         <name>NwpPowerOff</name>
         <value>0x2000f6bd</value>
         <object_component_ref idref="oc-55e"/>
      </symbol>
      <symbol id="sm-12a0">
         <name>TimerGetCurrentTimestamp</name>
         <value>0x2000fcf5</value>
         <object_component_ref idref="oc-9f9"/>
      </symbol>
      <symbol id="sm-12a1">
         <name>spi_Read</name>
         <value>0x2000c3ed</value>
         <object_component_ref idref="oc-a18"/>
      </symbol>
      <symbol id="sm-12a2">
         <name>DmaSpiSwIntHandler</name>
         <value>0x2000fb5d</value>
         <object_component_ref idref="oc-7d1"/>
      </symbol>
      <symbol id="sm-12a3">
         <name>NwpPowerOn</name>
         <value>0x2000f91d</value>
         <object_component_ref idref="oc-56a"/>
      </symbol>
      <symbol id="sm-12a4">
         <name>spi_Close</name>
         <value>0x2000e379</value>
         <object_component_ref idref="oc-5b0"/>
      </symbol>
      <symbol id="sm-12a5">
         <name>spi_Write</name>
         <value>0x2000d82d</value>
         <object_component_ref idref="oc-9a6"/>
      </symbol>
      <symbol id="sm-12a6">
         <name>spi_Open</name>
         <value>0x2000b529</value>
         <object_component_ref idref="oc-552"/>
      </symbol>
      <symbol id="sm-12a7">
         <name>g_ucDMAEnabled</name>
         <value>0x20017c70</value>
         <object_component_ref idref="oc-7cb"/>
      </symbol>
      <symbol id="sm-12a8">
         <name>g_SpiFd</name>
         <value>0x20017c68</value>
         <object_component_ref idref="oc-7cb"/>
      </symbol>
      <symbol id="sm-12d7">
         <name>snprintf</name>
         <value>0x2000efbd</value>
         <object_component_ref idref="oc-42a"/>
      </symbol>
      <symbol id="sm-12f9">
         <name>sprintf</name>
         <value>0x2000f495</value>
         <object_component_ref idref="oc-436"/>
      </symbol>
      <symbol id="sm-1323">
         <name>vsnprintf</name>
         <value>0x2000f4d5</value>
         <object_component_ref idref="oc-251"/>
      </symbol>
      <symbol id="sm-132c">
         <name>__aeabi_lmul</name>
         <value>0x200101e5</value>
         <object_component_ref idref="oc-100"/>
      </symbol>
      <symbol id="sm-1347">
         <name>memcpy</name>
         <value>0x2000d495</value>
         <object_component_ref idref="oc-3d"/>
      </symbol>
      <symbol id="sm-1348">
         <name>__aeabi_memcpy</name>
         <value>0x2000d495</value>
         <object_component_ref idref="oc-3d"/>
      </symbol>
      <symbol id="sm-1349">
         <name>__aeabi_memcpy8</name>
         <value>0x2000d495</value>
         <object_component_ref idref="oc-3d"/>
      </symbol>
      <symbol id="sm-134a">
         <name>__aeabi_memcpy4</name>
         <value>0x2000d495</value>
         <object_component_ref idref="oc-3d"/>
      </symbol>
      <symbol id="sm-1359">
         <name>__aeabi_memset</name>
         <value>0x2000e2ff</value>
         <object_component_ref idref="oc-8b"/>
      </symbol>
      <symbol id="sm-135a">
         <name>memset</name>
         <value>0x2000e305</value>
         <object_component_ref idref="oc-8b"/>
      </symbol>
      <symbol id="sm-135b">
         <name>__aeabi_memset8</name>
         <value>0x2000e2ff</value>
         <object_component_ref idref="oc-8b"/>
      </symbol>
      <symbol id="sm-135c">
         <name>__aeabi_memset4</name>
         <value>0x2000e2ff</value>
         <object_component_ref idref="oc-8b"/>
      </symbol>
      <symbol id="sm-135d">
         <name>__aeabi_memclr8</name>
         <value>0x2000e2fd</value>
         <object_component_ref idref="oc-8b"/>
      </symbol>
      <symbol id="sm-135e">
         <name>__aeabi_memclr4</name>
         <value>0x2000e2fd</value>
         <object_component_ref idref="oc-8b"/>
      </symbol>
      <symbol id="sm-135f">
         <name>__aeabi_memclr</name>
         <value>0x2000e2fd</value>
         <object_component_ref idref="oc-8b"/>
      </symbol>
      <symbol id="sm-136c">
         <name>__aeabi_uldivmod</name>
         <value>0x2000d8c5</value>
         <object_component_ref idref="oc-fb"/>
      </symbol>
      <symbol id="sm-1380">
         <name>__TI_zero_init_nomemset</name>
         <value>0x2000ff0d</value>
         <object_component_ref idref="oc-49"/>
      </symbol>
      <symbol id="sm-1397">
         <name>__TI_decompress_none</name>
         <value>0x200103b9</value>
         <object_component_ref idref="oc-1b"/>
      </symbol>
      <symbol id="sm-13ba">
         <name>__TI_decompress_lzss</name>
         <value>0x2000e76d</value>
         <object_component_ref idref="oc-15"/>
      </symbol>
      <symbol id="sm-13cb">
         <name>memmove</name>
         <value>0x2000fae9</value>
         <object_component_ref idref="oc-25d"/>
      </symbol>
      <symbol id="sm-1469">
         <name>_sys_memory</name>
         <value>0x20017000</value>
         <object_component_ref idref="oc-23"/>
      </symbol>
      <symbol id="sm-146a">
         <name>free</name>
         <value>0x2000c889</value>
         <object_component_ref idref="oc-26f"/>
      </symbol>
      <symbol id="sm-146b">
         <name>realloc</name>
         <value>0x2000c96d</value>
         <object_component_ref idref="oc-269"/>
      </symbol>
      <symbol id="sm-146c">
         <name>memalign</name>
         <value>0x2000c101</value>
         <object_component_ref idref="oc-4d8"/>
      </symbol>
      <symbol id="sm-146d">
         <name>malloc</name>
         <value>0x20010421</value>
         <object_component_ref idref="oc-263"/>
      </symbol>
      <symbol id="sm-146e">
         <name>aligned_alloc</name>
         <value>0x2000c101</value>
         <object_component_ref idref="oc-4d8"/>
      </symbol>
      <symbol id="sm-147c">
         <name>strcpy</name>
         <value>0x200102e9</value>
         <object_component_ref idref="oc-430"/>
      </symbol>
      <symbol id="sm-148a">
         <name>strlen</name>
         <value>0x200102fd</value>
         <object_component_ref idref="oc-257"/>
      </symbol>
      <symbol id="sm-149a">
         <name>strncpy</name>
         <value>0x2000f763</value>
         <object_component_ref idref="oc-456"/>
      </symbol>
      <symbol id="sm-14ac">
         <name>__stack</name>
         <value>0x2002ff00</value>
         <object_component_ref idref="oc-26"/>
      </symbol>
      <symbol id="sm-14ad">
         <name>_c_int00_noargs</name>
         <value>0x2000fbc9</value>
         <object_component_ref idref="oc-5b"/>
      </symbol>
      <symbol id="sm-1612">
         <name>__TI_printfi</name>
         <value>0x20006d09</value>
         <object_component_ref idref="oc-4b6"/>
      </symbol>
      <symbol id="sm-161c">
         <name>__aeabi_idiv0</name>
         <value>0x2000a793</value>
         <object_component_ref idref="oc-287"/>
      </symbol>
      <symbol id="sm-161d">
         <name>__aeabi_ldiv0</name>
         <value>0x2000a793</value>
         <object_component_ref idref="oc-287"/>
      </symbol>
      <symbol id="sm-1634">
         <name>__aeabi_dsub</name>
         <value>0x2000a5dd</value>
         <object_component_ref idref="oc-8fb"/>
      </symbol>
      <symbol id="sm-1635">
         <name>__aeabi_dadd</name>
         <value>0x2000a5e7</value>
         <object_component_ref idref="oc-8fb"/>
      </symbol>
      <symbol id="sm-1657">
         <name>__aeabi_cdcmpeq</name>
         <value>0x2000dee5</value>
         <object_component_ref idref="oc-72d"/>
      </symbol>
      <symbol id="sm-1658">
         <name>__aeabi_cdcmple</name>
         <value>0x2000dee5</value>
         <object_component_ref idref="oc-72d"/>
      </symbol>
      <symbol id="sm-1659">
         <name>__aeabi_cdrcmple</name>
         <value>0x2000df6b</value>
         <object_component_ref idref="oc-8e6"/>
      </symbol>
      <symbol id="sm-166d">
         <name>__aeabi_ddiv</name>
         <value>0x2000ba35</value>
         <object_component_ref idref="oc-8e1"/>
      </symbol>
      <symbol id="sm-1678">
         <name>__aeabi_dmul</name>
         <value>0x2000c201</value>
         <object_component_ref idref="oc-8dc"/>
      </symbol>
      <symbol id="sm-1682">
         <name>__aeabi_d2iz</name>
         <value>0x2000f12d</value>
         <object_component_ref idref="oc-8eb"/>
      </symbol>
      <symbol id="sm-168c">
         <name>__aeabi_i2d</name>
         <value>0x2000f8c1</value>
         <object_component_ref idref="oc-8f6"/>
      </symbol>
      <symbol id="sm-16b4">
         <name>__TI_auto_init_nobinit_nopinit</name>
         <value>0x2000f2c9</value>
         <object_component_ref idref="oc-1e1"/>
      </symbol>
      <symbol id="sm-16be">
         <name>_system_pre_init</name>
         <value>0x2001042f</value>
         <object_component_ref idref="oc-91"/>
      </symbol>
      <symbol id="sm-16ca">
         <name>C$$EXIT</name>
         <value>0x20010433</value>
         <object_component_ref idref="oc-1d5"/>
      </symbol>
      <symbol id="sm-16cb">
         <name>abort</name>
         <value>0x20010433</value>
         <object_component_ref idref="oc-1d5"/>
      </symbol>
      <symbol id="sm-16e0">
         <name>_nop</name>
         <value>0x20008e37</value>
         <object_component_ref idref="oc-700"/>
      </symbol>
      <symbol id="sm-16e1">
         <name>_lock</name>
         <value>0x20017c74</value>
         <object_component_ref idref="oc-48a"/>
      </symbol>
      <symbol id="sm-16e2">
         <name>_unlock</name>
         <value>0x20017c78</value>
         <object_component_ref idref="oc-48a"/>
      </symbol>
      <symbol id="sm-16f1">
         <name>__TI_ltoa</name>
         <value>0x2000ecf5</value>
         <object_component_ref idref="oc-8f0"/>
      </symbol>
      <symbol id="sm-1708">
         <name>atoi</name>
         <value>0x2000ef71</value>
         <object_component_ref idref="oc-721"/>
      </symbol>
      <symbol id="sm-1713">
         <name>_ctypes_</name>
         <value>0x20010933</value>
         <object_component_ref idref="oc-8d5"/>
      </symbol>
      <symbol id="sm-1723">
         <name>memccpy</name>
         <value>0x2000ff45</value>
         <object_component_ref idref="oc-74a"/>
      </symbol>
      <symbol id="sm-1733">
         <name>strchr</name>
         <value>0x20010297</value>
         <object_component_ref idref="oc-927"/>
      </symbol>
      <symbol id="sm-1749">
         <name>__aeabi_errno_addr</name>
         <value>0x20010419</value>
         <object_component_ref idref="oc-756"/>
      </symbol>
      <symbol id="sm-174a">
         <name>errno</name>
         <value>0x20017c8c</value>
         <object_component_ref idref="oc-937"/>
      </symbol>
      <symbol id="sm-1763">
         <name>wcslen</name>
         <value>0x20010359</value>
         <object_component_ref idref="oc-750"/>
      </symbol>
      <symbol id="sm-1783">
         <name>frexpl</name>
         <value>0x2000eae9</value>
         <object_component_ref idref="oc-91b"/>
      </symbol>
      <symbol id="sm-1784">
         <name>frexp</name>
         <value>0x2000eae9</value>
         <object_component_ref idref="oc-91b"/>
      </symbol>
      <symbol id="sm-17a2">
         <name>scalbn</name>
         <value>0x2000cc11</value>
         <object_component_ref idref="oc-921"/>
      </symbol>
      <symbol id="sm-17a3">
         <name>scalbnl</name>
         <value>0x2000cc11</value>
         <object_component_ref idref="oc-921"/>
      </symbol>
      <symbol id="sm-17a4">
         <name>ldexpl</name>
         <value>0x2000cc11</value>
         <object_component_ref idref="oc-921"/>
      </symbol>
      <symbol id="sm-17a5">
         <name>ldexp</name>
         <value>0x2000cc11</value>
         <object_component_ref idref="oc-921"/>
      </symbol>
      <symbol id="sm-17af">
         <name>copysign</name>
         <value>0x200103f9</value>
         <object_component_ref idref="oc-9dd"/>
      </symbol>
      <symbol id="sm-17b0">
         <name>copysignl</name>
         <value>0x200103f9</value>
         <object_component_ref idref="oc-9dd"/>
      </symbol>
      <symbol id="sm-1807">
         <name>uDMAChannelControlSet</name>
         <value>0x2000f681</value>
         <object_component_ref idref="oc-aed"/>
      </symbol>
      <symbol id="sm-1808">
         <name>uDMAChannelAttributeEnable</name>
         <value>0x2000e965</value>
         <object_component_ref idref="oc-af3"/>
      </symbol>
      <symbol id="sm-1809">
         <name>uDMAChannelTransferSet</name>
         <value>0x2000c4dd</value>
         <object_component_ref idref="oc-af9"/>
      </symbol>
      <symbol id="sm-180a">
         <name>uDMAChannelAssign</name>
         <value>0x2000f009</value>
         <object_component_ref idref="oc-964"/>
      </symbol>
      <symbol id="sm-180b">
         <name>uDMAChannelAttributeDisable</name>
         <value>0x2000e901</value>
         <object_component_ref idref="oc-96a"/>
      </symbol>
      <symbol id="sm-180c">
         <name>uDMAChannelEnable</name>
         <value>0x2000ff61</value>
         <object_component_ref idref="oc-aff"/>
      </symbol>
      <symbol id="sm-180d">
         <name>__TI_static_base__</name>
         <value>0x20011020</value>
      </symbol>
      <symbol id="sm-1810">
         <name>__mpu_init</name>
         <value>0x0</value>
      </symbol>
      <symbol id="sm-1811">
         <name>_system_post_cinit</name>
         <value>0x0</value>
      </symbol>
   </symbol_table>
   <title>Link successful</title>
</link_info>
