<?xml version="1.0" encoding="ISO-8859-1" ?>
<link_info>
   <banner>TI ARM Linker PC v20.2.7.LTS</banner>
   <copyright>Copyright (c) 1996-2018 Texas Instruments Incorporated</copyright>
   <link_time>0x682d0fde</link_time>
   <link_errors>0x0</link_errors>
   <output_file>lab4_task3.out</output_file>
   <entry_point>
      <name>_c_int00_noargs</name>
      <address>0x2000e921</address>
   </entry_point>
   <input_file_list>
      <input_file id="fl-2">
         <path>.\</path>
         <kind>object</kind>
         <file>Adafruit_GFX.obj</file>
         <name>Adafruit_GFX.obj</name>
      </input_file>
      <input_file id="fl-3">
         <path>.\</path>
         <kind>object</kind>
         <file>Adafruit_OLED.obj</file>
         <name>Adafruit_OLED.obj</name>
      </input_file>
      <input_file id="fl-4">
         <path>.\</path>
         <kind>object</kind>
         <file>aws_http.obj</file>
         <name>aws_http.obj</name>
      </input_file>
      <input_file id="fl-5">
         <path>.\</path>
         <kind>object</kind>
         <file>gpio_if.obj</file>
         <name>gpio_if.obj</name>
      </input_file>
      <input_file id="fl-6">
         <path>.\</path>
         <kind>object</kind>
         <file>main.obj</file>
         <name>main.obj</name>
      </input_file>
      <input_file id="fl-7">
         <path>.\</path>
         <kind>object</kind>
         <file>network_common.obj</file>
         <name>network_common.obj</name>
      </input_file>
      <input_file id="fl-8">
         <path>.\</path>
         <kind>object</kind>
         <file>oled_test.obj</file>
         <name>oled_test.obj</name>
      </input_file>
      <input_file id="fl-9">
         <path>.\</path>
         <kind>object</kind>
         <file>pin_mux_config.obj</file>
         <name>pin_mux_config.obj</name>
      </input_file>
      <input_file id="fl-a">
         <path>.\</path>
         <kind>object</kind>
         <file>startup_ccs.obj</file>
         <name>startup_ccs.obj</name>
      </input_file>
      <input_file id="fl-b">
         <path>.\</path>
         <kind>object</kind>
         <file>timer_if.obj</file>
         <name>timer_if.obj</name>
      </input_file>
      <input_file id="fl-c">
         <path>.\</path>
         <kind>object</kind>
         <file>uart_if.obj</file>
         <name>uart_if.obj</name>
      </input_file>
      <input_file id="fl-d">
         <path>.\utils\</path>
         <kind>object</kind>
         <file>network_utils.obj</file>
         <name>network_utils.obj</name>
      </input_file>
      <input_file id="fl-13">
         <kind>object</kind>
         <file>&lt;internal&gt;</file>
         <name>&lt;internal&gt;</name>
      </input_file>
      <input_file id="fl-14">
         <path>C:\ti\CC3200SDK_1.5.0\cc3200-sdk\driverlib\ccs\Release\</path>
         <kind>archive</kind>
         <file>driverlib.a</file>
         <name>gpio.obj</name>
      </input_file>
      <input_file id="fl-15">
         <path>C:\ti\CC3200SDK_1.5.0\cc3200-sdk\driverlib\ccs\Release\</path>
         <kind>archive</kind>
         <file>driverlib.a</file>
         <name>interrupt.obj</name>
      </input_file>
      <input_file id="fl-16">
         <path>C:\ti\CC3200SDK_1.5.0\cc3200-sdk\driverlib\ccs\Release\</path>
         <kind>archive</kind>
         <file>driverlib.a</file>
         <name>pin.obj</name>
      </input_file>
      <input_file id="fl-17">
         <path>C:\ti\CC3200SDK_1.5.0\cc3200-sdk\driverlib\ccs\Release\</path>
         <kind>archive</kind>
         <file>driverlib.a</file>
         <name>prcm.obj</name>
      </input_file>
      <input_file id="fl-18">
         <path>C:\ti\CC3200SDK_1.5.0\cc3200-sdk\driverlib\ccs\Release\</path>
         <kind>archive</kind>
         <file>driverlib.a</file>
         <name>spi.obj</name>
      </input_file>
      <input_file id="fl-19">
         <path>C:\ti\CC3200SDK_1.5.0\cc3200-sdk\driverlib\ccs\Release\</path>
         <kind>archive</kind>
         <file>driverlib.a</file>
         <name>systick.obj</name>
      </input_file>
      <input_file id="fl-1a">
         <path>C:\ti\CC3200SDK_1.5.0\cc3200-sdk\driverlib\ccs\Release\</path>
         <kind>archive</kind>
         <file>driverlib.a</file>
         <name>timer.obj</name>
      </input_file>
      <input_file id="fl-1b">
         <path>C:\ti\CC3200SDK_1.5.0\cc3200-sdk\driverlib\ccs\Release\</path>
         <kind>archive</kind>
         <file>driverlib.a</file>
         <name>uart.obj</name>
      </input_file>
      <input_file id="fl-1c">
         <path>C:\ti\CC3200SDK_1.5.0\cc3200-sdk\driverlib\ccs\Release\</path>
         <kind>archive</kind>
         <file>driverlib.a</file>
         <name>utils.obj</name>
      </input_file>
      <input_file id="fl-1d">
         <path>C:\ti\CC3200SDK_1.5.0\cc3200-sdk\driverlib\ccs\Release\</path>
         <kind>archive</kind>
         <file>driverlib.a</file>
         <name>cpu.obj</name>
      </input_file>
      <input_file id="fl-1e">
         <path>C:\ti\CC3200SDK_1.5.0\cc3200-sdk\driverlib\ccs\Release\</path>
         <kind>archive</kind>
         <file>driverlib.a</file>
         <name>flash.obj</name>
      </input_file>
      <input_file id="fl-1f">
         <path>C:\ti\CC3200SDK_1.5.0\cc3200-sdk\simplelink\ccs\NON_OS\</path>
         <kind>archive</kind>
         <file>simplelink.a</file>
         <name>device.obj</name>
      </input_file>
      <input_file id="fl-20">
         <path>C:\ti\CC3200SDK_1.5.0\cc3200-sdk\simplelink\ccs\NON_OS\</path>
         <kind>archive</kind>
         <file>simplelink.a</file>
         <name>driver.obj</name>
      </input_file>
      <input_file id="fl-21">
         <path>C:\ti\CC3200SDK_1.5.0\cc3200-sdk\simplelink\ccs\NON_OS\</path>
         <kind>archive</kind>
         <file>simplelink.a</file>
         <name>netapp.obj</name>
      </input_file>
      <input_file id="fl-22">
         <path>C:\ti\CC3200SDK_1.5.0\cc3200-sdk\simplelink\ccs\NON_OS\</path>
         <kind>archive</kind>
         <file>simplelink.a</file>
         <name>netcfg.obj</name>
      </input_file>
      <input_file id="fl-23">
         <path>C:\ti\CC3200SDK_1.5.0\cc3200-sdk\simplelink\ccs\NON_OS\</path>
         <kind>archive</kind>
         <file>simplelink.a</file>
         <name>nonos.obj</name>
      </input_file>
      <input_file id="fl-24">
         <path>C:\ti\CC3200SDK_1.5.0\cc3200-sdk\simplelink\ccs\NON_OS\</path>
         <kind>archive</kind>
         <file>simplelink.a</file>
         <name>socket.obj</name>
      </input_file>
      <input_file id="fl-25">
         <path>C:\ti\CC3200SDK_1.5.0\cc3200-sdk\simplelink\ccs\NON_OS\</path>
         <kind>archive</kind>
         <file>simplelink.a</file>
         <name>wlan.obj</name>
      </input_file>
      <input_file id="fl-26">
         <path>C:\ti\CC3200SDK_1.5.0\cc3200-sdk\simplelink\ccs\NON_OS\</path>
         <kind>archive</kind>
         <file>simplelink.a</file>
         <name>cc_pal.obj</name>
      </input_file>
      <input_file id="fl-dc">
         <path>C:\ti\ccs1250\ccs\tools\compiler\ti-cgt-arm_20.2.7.LTS\lib\</path>
         <kind>archive</kind>
         <file>rtsv7M4_T_le_eabi.lib</file>
         <name>snprintf.c.obj</name>
      </input_file>
      <input_file id="fl-dd">
         <path>C:\ti\ccs1250\ccs\tools\compiler\ti-cgt-arm_20.2.7.LTS\lib\</path>
         <kind>archive</kind>
         <file>rtsv7M4_T_le_eabi.lib</file>
         <name>sprintf.c.obj</name>
      </input_file>
      <input_file id="fl-de">
         <path>C:\ti\ccs1250\ccs\tools\compiler\ti-cgt-arm_20.2.7.LTS\lib\</path>
         <kind>archive</kind>
         <file>rtsv7M4_T_le_eabi.lib</file>
         <name>vsnprintf.c.obj</name>
      </input_file>
      <input_file id="fl-df">
         <path>C:\ti\ccs1250\ccs\tools\compiler\ti-cgt-arm_20.2.7.LTS\lib\</path>
         <kind>archive</kind>
         <file>rtsv7M4_T_le_eabi.lib</file>
         <name>ll_mul_t2.asm.obj</name>
      </input_file>
      <input_file id="fl-e0">
         <path>C:\ti\ccs1250\ccs\tools\compiler\ti-cgt-arm_20.2.7.LTS\lib\</path>
         <kind>archive</kind>
         <file>rtsv7M4_T_le_eabi.lib</file>
         <name>memcpy_t2.asm.obj</name>
      </input_file>
      <input_file id="fl-e1">
         <path>C:\ti\ccs1250\ccs\tools\compiler\ti-cgt-arm_20.2.7.LTS\lib\</path>
         <kind>archive</kind>
         <file>rtsv7M4_T_le_eabi.lib</file>
         <name>memset_t2.asm.obj</name>
      </input_file>
      <input_file id="fl-e2">
         <path>C:\ti\ccs1250\ccs\tools\compiler\ti-cgt-arm_20.2.7.LTS\lib\</path>
         <kind>archive</kind>
         <file>rtsv7M4_T_le_eabi.lib</file>
         <name>ull_div_t2.asm.obj</name>
      </input_file>
      <input_file id="fl-e3">
         <path>C:\ti\ccs1250\ccs\tools\compiler\ti-cgt-arm_20.2.7.LTS\lib\</path>
         <kind>archive</kind>
         <file>rtsv7M4_T_le_eabi.lib</file>
         <name>copy_zero_init.c.obj</name>
      </input_file>
      <input_file id="fl-e4">
         <path>C:\ti\ccs1250\ccs\tools\compiler\ti-cgt-arm_20.2.7.LTS\lib\</path>
         <kind>archive</kind>
         <file>rtsv7M4_T_le_eabi.lib</file>
         <name>copy_decompress_none.c.obj</name>
      </input_file>
      <input_file id="fl-e5">
         <path>C:\ti\ccs1250\ccs\tools\compiler\ti-cgt-arm_20.2.7.LTS\lib\</path>
         <kind>archive</kind>
         <file>rtsv7M4_T_le_eabi.lib</file>
         <name>copy_decompress_lzss.c.obj</name>
      </input_file>
      <input_file id="fl-e6">
         <path>C:\ti\ccs1250\ccs\tools\compiler\ti-cgt-arm_20.2.7.LTS\lib\</path>
         <kind>archive</kind>
         <file>rtsv7M4_T_le_eabi.lib</file>
         <name>memmov.c.obj</name>
      </input_file>
      <input_file id="fl-e7">
         <path>C:\ti\ccs1250\ccs\tools\compiler\ti-cgt-arm_20.2.7.LTS\lib\</path>
         <kind>archive</kind>
         <file>rtsv7M4_T_le_eabi.lib</file>
         <name>memory.c.obj</name>
      </input_file>
      <input_file id="fl-e8">
         <path>C:\ti\ccs1250\ccs\tools\compiler\ti-cgt-arm_20.2.7.LTS\lib\</path>
         <kind>archive</kind>
         <file>rtsv7M4_T_le_eabi.lib</file>
         <name>strcpy.c.obj</name>
      </input_file>
      <input_file id="fl-e9">
         <path>C:\ti\ccs1250\ccs\tools\compiler\ti-cgt-arm_20.2.7.LTS\lib\</path>
         <kind>archive</kind>
         <file>rtsv7M4_T_le_eabi.lib</file>
         <name>strlen.c.obj</name>
      </input_file>
      <input_file id="fl-ea">
         <path>C:\ti\ccs1250\ccs\tools\compiler\ti-cgt-arm_20.2.7.LTS\lib\</path>
         <kind>archive</kind>
         <file>rtsv7M4_T_le_eabi.lib</file>
         <name>strstr.c.obj</name>
      </input_file>
      <input_file id="fl-eb">
         <path>C:\ti\ccs1250\ccs\tools\compiler\ti-cgt-arm_20.2.7.LTS\lib\</path>
         <kind>archive</kind>
         <file>rtsv7M4_T_le_eabi.lib</file>
         <name>boot_cortex_m.c.obj</name>
      </input_file>
      <input_file id="fl-ec">
         <path>C:\ti\ccs1250\ccs\tools\compiler\ti-cgt-arm_20.2.7.LTS\lib\</path>
         <kind>archive</kind>
         <file>rtsv7M4_T_le_eabi.lib</file>
         <name>_printfi.c.obj</name>
      </input_file>
      <input_file id="fl-ed">
         <path>C:\ti\ccs1250\ccs\tools\compiler\ti-cgt-arm_20.2.7.LTS\lib\</path>
         <kind>archive</kind>
         <file>rtsv7M4_T_le_eabi.lib</file>
         <name>div0.asm.obj</name>
      </input_file>
      <input_file id="fl-ee">
         <path>C:\ti\ccs1250\ccs\tools\compiler\ti-cgt-arm_20.2.7.LTS\lib\</path>
         <kind>archive</kind>
         <file>rtsv7M4_T_le_eabi.lib</file>
         <name>fd_add_t2.asm.obj</name>
      </input_file>
      <input_file id="fl-ef">
         <path>C:\ti\ccs1250\ccs\tools\compiler\ti-cgt-arm_20.2.7.LTS\lib\</path>
         <kind>archive</kind>
         <file>rtsv7M4_T_le_eabi.lib</file>
         <name>fd_cmp_t2.asm.obj</name>
      </input_file>
      <input_file id="fl-f0">
         <path>C:\ti\ccs1250\ccs\tools\compiler\ti-cgt-arm_20.2.7.LTS\lib\</path>
         <kind>archive</kind>
         <file>rtsv7M4_T_le_eabi.lib</file>
         <name>fd_div_t2.asm.obj</name>
      </input_file>
      <input_file id="fl-f1">
         <path>C:\ti\ccs1250\ccs\tools\compiler\ti-cgt-arm_20.2.7.LTS\lib\</path>
         <kind>archive</kind>
         <file>rtsv7M4_T_le_eabi.lib</file>
         <name>fd_mul_t2.asm.obj</name>
      </input_file>
      <input_file id="fl-f2">
         <path>C:\ti\ccs1250\ccs\tools\compiler\ti-cgt-arm_20.2.7.LTS\lib\</path>
         <kind>archive</kind>
         <file>rtsv7M4_T_le_eabi.lib</file>
         <name>fd_toi_t2.asm.obj</name>
      </input_file>
      <input_file id="fl-f3">
         <path>C:\ti\ccs1250\ccs\tools\compiler\ti-cgt-arm_20.2.7.LTS\lib\</path>
         <kind>archive</kind>
         <file>rtsv7M4_T_le_eabi.lib</file>
         <name>i_tofd_t2.asm.obj</name>
      </input_file>
      <input_file id="fl-f4">
         <path>C:\ti\ccs1250\ccs\tools\compiler\ti-cgt-arm_20.2.7.LTS\lib\</path>
         <kind>archive</kind>
         <file>rtsv7M4_T_le_eabi.lib</file>
         <name>autoinit.c.obj</name>
      </input_file>
      <input_file id="fl-f5">
         <path>C:\ti\ccs1250\ccs\tools\compiler\ti-cgt-arm_20.2.7.LTS\lib\</path>
         <kind>archive</kind>
         <file>rtsv7M4_T_le_eabi.lib</file>
         <name>pre_init.c.obj</name>
      </input_file>
      <input_file id="fl-f6">
         <path>C:\ti\ccs1250\ccs\tools\compiler\ti-cgt-arm_20.2.7.LTS\lib\</path>
         <kind>archive</kind>
         <file>rtsv7M4_T_le_eabi.lib</file>
         <name>cpy_tbl.c.obj</name>
      </input_file>
      <input_file id="fl-f7">
         <path>C:\ti\ccs1250\ccs\tools\compiler\ti-cgt-arm_20.2.7.LTS\lib\</path>
         <kind>archive</kind>
         <file>rtsv7M4_T_le_eabi.lib</file>
         <name>exit.c.obj</name>
      </input_file>
      <input_file id="fl-f8">
         <path>C:\ti\ccs1250\ccs\tools\compiler\ti-cgt-arm_20.2.7.LTS\lib\</path>
         <kind>archive</kind>
         <file>rtsv7M4_T_le_eabi.lib</file>
         <name>_lock.c.obj</name>
      </input_file>
      <input_file id="fl-f9">
         <path>C:\ti\ccs1250\ccs\tools\compiler\ti-cgt-arm_20.2.7.LTS\lib\</path>
         <kind>archive</kind>
         <file>rtsv7M4_T_le_eabi.lib</file>
         <name>_ltoa.c.obj</name>
      </input_file>
      <input_file id="fl-fa">
         <path>C:\ti\ccs1250\ccs\tools\compiler\ti-cgt-arm_20.2.7.LTS\lib\</path>
         <kind>archive</kind>
         <file>rtsv7M4_T_le_eabi.lib</file>
         <name>args_main.c.obj</name>
      </input_file>
      <input_file id="fl-fb">
         <path>C:\ti\ccs1250\ccs\tools\compiler\ti-cgt-arm_20.2.7.LTS\lib\</path>
         <kind>archive</kind>
         <file>rtsv7M4_T_le_eabi.lib</file>
         <name>atoi.c.obj</name>
      </input_file>
      <input_file id="fl-fc">
         <path>C:\ti\ccs1250\ccs\tools\compiler\ti-cgt-arm_20.2.7.LTS\lib\</path>
         <kind>archive</kind>
         <file>rtsv7M4_T_le_eabi.lib</file>
         <name>ctype.c.obj</name>
      </input_file>
      <input_file id="fl-fd">
         <path>C:\ti\ccs1250\ccs\tools\compiler\ti-cgt-arm_20.2.7.LTS\lib\</path>
         <kind>archive</kind>
         <file>rtsv7M4_T_le_eabi.lib</file>
         <name>memccpy.c.obj</name>
      </input_file>
      <input_file id="fl-fe">
         <path>C:\ti\ccs1250\ccs\tools\compiler\ti-cgt-arm_20.2.7.LTS\lib\</path>
         <kind>archive</kind>
         <file>rtsv7M4_T_le_eabi.lib</file>
         <name>strchr.c.obj</name>
      </input_file>
      <input_file id="fl-ff">
         <path>C:\ti\ccs1250\ccs\tools\compiler\ti-cgt-arm_20.2.7.LTS\lib\</path>
         <kind>archive</kind>
         <file>rtsv7M4_T_le_eabi.lib</file>
         <name>errno.c.obj</name>
      </input_file>
      <input_file id="fl-100">
         <path>C:\ti\ccs1250\ccs\tools\compiler\ti-cgt-arm_20.2.7.LTS\lib\</path>
         <kind>archive</kind>
         <file>rtsv7M4_T_le_eabi.lib</file>
         <name>wcslen.c.obj</name>
      </input_file>
      <input_file id="fl-101">
         <path>C:\ti\ccs1250\ccs\tools\compiler\ti-cgt-arm_20.2.7.LTS\lib\</path>
         <kind>archive</kind>
         <file>rtsv7M4_T_le_eabi.lib</file>
         <name>s_frexp.c.obj</name>
      </input_file>
      <input_file id="fl-102">
         <path>C:\ti\ccs1250\ccs\tools\compiler\ti-cgt-arm_20.2.7.LTS\lib\</path>
         <kind>archive</kind>
         <file>rtsv7M4_T_le_eabi.lib</file>
         <name>s_scalbn.c.obj</name>
      </input_file>
      <input_file id="fl-103">
         <path>C:\ti\ccs1250\ccs\tools\compiler\ti-cgt-arm_20.2.7.LTS\lib\</path>
         <kind>archive</kind>
         <file>rtsv7M4_T_le_eabi.lib</file>
         <name>s_copysign.c.obj</name>
      </input_file>
      <input_file id="fl-104">
         <path>C:\ti\CC3200SDK_1.5.0\cc3200-sdk\driverlib\ccs\Release\</path>
         <kind>archive</kind>
         <file>driverlib.a</file>
         <name>udma.obj</name>
      </input_file>
   </input_file_list>
   <object_component_list>
      <object_component id="oc-12">
         <name>.intvecs</name>
         <load_address>0x20004000</load_address>
         <run_address>0x20004000</run_address>
         <size>0x400</size>
         <input_file_ref idref="fl-a"/>
      </object_component>
      <object_component id="oc-1a5">
         <name>.text</name>
         <load_address>0x20004400</load_address>
         <run_address>0x20004400</run_address>
         <size>0xed0</size>
         <input_file_ref idref="fl-d"/>
      </object_component>
      <object_component id="oc-97">
         <name>.text</name>
         <load_address>0x200052d0</load_address>
         <run_address>0x200052d0</run_address>
         <size>0xb58</size>
         <input_file_ref idref="fl-6"/>
      </object_component>
      <object_component id="oc-dd">
         <name>.text</name>
         <load_address>0x20005e28</load_address>
         <run_address>0x20005e28</run_address>
         <size>0xa80</size>
         <input_file_ref idref="fl-2"/>
      </object_component>
      <object_component id="oc-461">
         <name>.text:__TI_printfi</name>
         <load_address>0x200068a8</load_address>
         <run_address>0x200068a8</run_address>
         <size>0xa4e</size>
         <input_file_ref idref="fl-ec"/>
      </object_component>
      <object_component id="oc-71e">
         <name>.text:IntDefaultHandler</name>
         <load_address>0x200072f6</load_address>
         <run_address>0x200072f6</run_address>
         <size>0x2</size>
         <input_file_ref idref="fl-15"/>
      </object_component>
      <object_component id="oc-829">
         <name>.text:_SlDrvMsgRead</name>
         <load_address>0x200072f8</load_address>
         <run_address>0x200072f8</run_address>
         <size>0x590</size>
         <input_file_ref idref="fl-20"/>
      </object_component>
      <object_component id="oc-1ab">
         <name>.text</name>
         <load_address>0x20007888</load_address>
         <run_address>0x20007888</run_address>
         <size>0x508</size>
         <input_file_ref idref="fl-4"/>
      </object_component>
      <object_component id="oc-19f">
         <name>.text</name>
         <load_address>0x20007d90</load_address>
         <run_address>0x20007d90</run_address>
         <size>0x4aa</size>
         <input_file_ref idref="fl-3"/>
      </object_component>
      <object_component id="oc-6e2">
         <name>.text:_nop</name>
         <load_address>0x2000823a</load_address>
         <run_address>0x2000823a</run_address>
         <size>0x2</size>
         <input_file_ref idref="fl-f8"/>
      </object_component>
      <object_component id="oc-3dd">
         <name>.text</name>
         <load_address>0x2000823c</load_address>
         <run_address>0x2000823c</run_address>
         <size>0x398</size>
         <input_file_ref idref="fl-5"/>
      </object_component>
      <object_component id="oc-3d7">
         <name>.text:sl_WlanConnect</name>
         <load_address>0x200085d4</load_address>
         <run_address>0x200085d4</run_address>
         <size>0x280</size>
         <input_file_ref idref="fl-25"/>
      </object_component>
      <object_component id="oc-e3">
         <name>.text</name>
         <load_address>0x20008854</load_address>
         <run_address>0x20008854</run_address>
         <size>0x27c</size>
         <input_file_ref idref="fl-c"/>
      </object_component>
      <object_component id="oc-6b8">
         <name>.text:_pconv_a</name>
         <load_address>0x20008ad0</load_address>
         <run_address>0x20008ad0</run_address>
         <size>0x268</size>
         <input_file_ref idref="fl-ec"/>
      </object_component>
      <object_component id="oc-92c">
         <name>.text:_SlDrvRxHdrRead</name>
         <load_address>0x20008d38</load_address>
         <run_address>0x20008d38</run_address>
         <size>0x248</size>
         <input_file_ref idref="fl-20"/>
      </object_component>
      <object_component id="oc-659">
         <name>.text:_SlDrvDataReadOp</name>
         <load_address>0x20008f80</load_address>
         <run_address>0x20008f80</run_address>
         <size>0x1e4</size>
         <input_file_ref idref="fl-20"/>
      </object_component>
      <object_component id="oc-562">
         <name>.text:_SlDrvReleasePoolObj</name>
         <load_address>0x20009164</load_address>
         <run_address>0x20009164</run_address>
         <size>0x1d0</size>
         <input_file_ref idref="fl-20"/>
      </object_component>
      <object_component id="oc-6a6">
         <name>.text:_pconv_g</name>
         <load_address>0x20009334</load_address>
         <run_address>0x20009334</run_address>
         <size>0x1cc</size>
         <input_file_ref idref="fl-ec"/>
      </object_component>
      <object_component id="oc-85c">
         <name>.text</name>
         <load_address>0x20009500</load_address>
         <run_address>0x20009500</run_address>
         <size>0x1b6</size>
         <input_file_ref idref="fl-ee"/>
      </object_component>
      <object_component id="oc-287">
         <name>.text</name>
         <load_address>0x200096b6</load_address>
         <run_address>0x200096b6</run_address>
         <size>0x2</size>
         <input_file_ref idref="fl-ed"/>
      </object_component>
      <object_component id="oc-538">
         <name>.text:_SlDrvDriverCBInit</name>
         <load_address>0x200096b8</load_address>
         <run_address>0x200096b8</run_address>
         <size>0x1b4</size>
         <input_file_ref idref="fl-20"/>
      </object_component>
      <object_component id="oc-671">
         <name>.text:_SlDrvMsgWrite</name>
         <load_address>0x2000986c</load_address>
         <run_address>0x2000986c</run_address>
         <size>0x19c</size>
         <input_file_ref idref="fl-20"/>
      </object_component>
      <object_component id="oc-165">
         <name>.text</name>
         <load_address>0x20009a08</load_address>
         <run_address>0x20009a08</run_address>
         <size>0x198</size>
         <input_file_ref idref="fl-b"/>
      </object_component>
      <object_component id="oc-5ff">
         <name>.text:_SlDrvWaitForPoolObj</name>
         <load_address>0x20009ba0</load_address>
         <run_address>0x20009ba0</run_address>
         <size>0x190</size>
         <input_file_ref idref="fl-20"/>
      </object_component>
      <object_component id="oc-406">
         <name>.text:sl_Connect</name>
         <load_address>0x20009d30</load_address>
         <run_address>0x20009d30</run_address>
         <size>0x18c</size>
         <input_file_ref idref="fl-24"/>
      </object_component>
      <object_component id="oc-d7">
         <name>.text:PRCMCC3200MCUInit</name>
         <load_address>0x20009ebc</load_address>
         <run_address>0x20009ebc</run_address>
         <size>0x178</size>
         <input_file_ref idref="fl-17"/>
      </object_component>
      <object_component id="oc-93e">
         <name>.text:_SlFindAndSetActiveObj</name>
         <load_address>0x2000a034</load_address>
         <run_address>0x2000a034</run_address>
         <size>0x170</size>
         <input_file_ref idref="fl-20"/>
      </object_component>
      <object_component id="oc-64f">
         <name>.text:_SlDrvDataWriteOp</name>
         <load_address>0x2000a1a4</load_address>
         <run_address>0x2000a1a4</run_address>
         <size>0x150</size>
         <input_file_ref idref="fl-20"/>
      </object_component>
      <object_component id="oc-181">
         <name>.text</name>
         <load_address>0x2000a2f4</load_address>
         <run_address>0x2000a2f4</run_address>
         <size>0x148</size>
         <input_file_ref idref="fl-9"/>
      </object_component>
      <object_component id="oc-53e">
         <name>.text:spi_Open</name>
         <load_address>0x2000a43c</load_address>
         <run_address>0x2000a43c</run_address>
         <size>0x148</size>
         <input_file_ref idref="fl-26"/>
      </object_component>
      <object_component id="oc-677">
         <name>.text:_SlDrvMsgReadCmdCtx</name>
         <load_address>0x2000a584</load_address>
         <run_address>0x2000a584</run_address>
         <size>0x144</size>
         <input_file_ref idref="fl-20"/>
      </object_component>
      <object_component id="oc-3e8">
         <name>.text:sl_NetAppDnsGetHostByName</name>
         <load_address>0x2000a6c8</load_address>
         <run_address>0x2000a6c8</run_address>
         <size>0x144</size>
         <input_file_ref idref="fl-21"/>
      </object_component>
      <object_component id="oc-6b2">
         <name>.text:_pconv_e</name>
         <load_address>0x2000a80c</load_address>
         <run_address>0x2000a80c</run_address>
         <size>0x13c</size>
         <input_file_ref idref="fl-ec"/>
      </object_component>
      <object_component id="oc-842">
         <name>.text</name>
         <load_address>0x2000a948</load_address>
         <run_address>0x2000a948</run_address>
         <size>0x136</size>
         <input_file_ref idref="fl-f0"/>
      </object_component>
      <object_component id="oc-42f">
         <name>.text:sl_Send</name>
         <load_address>0x2000aa80</load_address>
         <run_address>0x2000aa80</run_address>
         <size>0x134</size>
         <input_file_ref idref="fl-24"/>
      </object_component>
      <object_component id="oc-596">
         <name>.text:_SlDrvDriverCBDeinit</name>
         <load_address>0x2000abb4</load_address>
         <run_address>0x2000abb4</run_address>
         <size>0x130</size>
         <input_file_ref idref="fl-20"/>
      </object_component>
      <object_component id="oc-86e">
         <name>.text:fcvt</name>
         <load_address>0x2000ace4</load_address>
         <run_address>0x2000ace4</run_address>
         <size>0x120</size>
         <input_file_ref idref="fl-ec"/>
      </object_component>
      <object_component id="oc-9a7">
         <name>.text:_SlDrvNetAppEventHandler</name>
         <load_address>0x2000ae04</load_address>
         <run_address>0x2000ae04</run_address>
         <size>0x104</size>
         <input_file_ref idref="fl-21"/>
      </object_component>
      <object_component id="oc-4ca">
         <name>.text:aligned_alloc</name>
         <load_address>0x2000af08</load_address>
         <run_address>0x2000af08</run_address>
         <size>0x100</size>
         <input_file_ref idref="fl-e7"/>
      </object_component>
      <object_component id="oc-83d">
         <name>.text</name>
         <load_address>0x2000b008</load_address>
         <run_address>0x2000b008</run_address>
         <size>0xfc</size>
         <input_file_ref idref="fl-f1"/>
      </object_component>
      <object_component id="oc-39a">
         <name>.text:sl_Stop</name>
         <load_address>0x2000b104</load_address>
         <run_address>0x2000b104</run_address>
         <size>0xf0</size>
         <input_file_ref idref="fl-1f"/>
      </object_component>
      <object_component id="oc-938">
         <name>.text:spi_Read</name>
         <load_address>0x2000b1f4</load_address>
         <run_address>0x2000b1f4</run_address>
         <size>0xf0</size>
         <input_file_ref idref="fl-26"/>
      </object_component>
      <object_component id="oc-9ee">
         <name>.text:uDMAChannelTransferSet</name>
         <load_address>0x2000b2e4</load_address>
         <run_address>0x2000b2e4</run_address>
         <size>0xf0</size>
         <input_file_ref idref="fl-104"/>
      </object_component>
      <object_component id="oc-388">
         <name>.text:sl_Start</name>
         <load_address>0x2000b3d4</load_address>
         <run_address>0x2000b3d4</run_address>
         <size>0xec</size>
         <input_file_ref idref="fl-1f"/>
      </object_component>
      <object_component id="oc-82f">
         <name>.text:_SlAsyncEventGenericHandler</name>
         <load_address>0x2000b4c0</load_address>
         <run_address>0x2000b4c0</run_address>
         <size>0xe8</size>
         <input_file_ref idref="fl-20"/>
      </object_component>
      <object_component id="oc-7a8">
         <name>.text:_SlDrvMsgReadSpawnCtx</name>
         <load_address>0x2000b5a8</load_address>
         <run_address>0x2000b5a8</run_address>
         <size>0xe8</size>
         <input_file_ref idref="fl-20"/>
      </object_component>
      <object_component id="oc-26f">
         <name>.text:free</name>
         <load_address>0x2000b690</load_address>
         <run_address>0x2000b690</run_address>
         <size>0xe4</size>
         <input_file_ref idref="fl-e7"/>
      </object_component>
      <object_component id="oc-269">
         <name>.text:realloc</name>
         <load_address>0x2000b774</load_address>
         <run_address>0x2000b774</run_address>
         <size>0xe4</size>
         <input_file_ref idref="fl-e7"/>
      </object_component>
      <object_component id="oc-5d1">
         <name>.text:sl_NetAppMDNSRegisterUnregisterService</name>
         <load_address>0x2000b858</load_address>
         <run_address>0x2000b858</run_address>
         <size>0xe4</size>
         <input_file_ref idref="fl-21"/>
      </object_component>
      <object_component id="oc-932">
         <name>.text:_SlDrvClassifyRxMsg</name>
         <load_address>0x2000b93c</load_address>
         <run_address>0x2000b93c</run_address>
         <size>0xdc</size>
         <input_file_ref idref="fl-20"/>
      </object_component>
      <object_component id="oc-882">
         <name>.text:scalbn</name>
         <load_address>0x2000ba18</load_address>
         <run_address>0x2000ba18</run_address>
         <size>0xd0</size>
         <input_file_ref idref="fl-102"/>
      </object_component>
      <object_component id="oc-a19">
         <name>.text:_sl_HandleAsync_DnsGetHostByService</name>
         <load_address>0x2000bae8</load_address>
         <run_address>0x2000bae8</run_address>
         <size>0xcc</size>
         <input_file_ref idref="fl-21"/>
      </object_component>
      <object_component id="oc-3a0">
         <name>.text:sl_DevGet</name>
         <load_address>0x2000bbb4</load_address>
         <run_address>0x2000bbb4</run_address>
         <size>0xcc</size>
         <input_file_ref idref="fl-1f"/>
      </object_component>
      <object_component id="oc-791">
         <name>.text:_SlRemoveFromList</name>
         <load_address>0x2000bc80</load_address>
         <run_address>0x2000bc80</run_address>
         <size>0xc4</size>
         <input_file_ref idref="fl-20"/>
      </object_component>
      <object_component id="oc-441">
         <name>.text:_SlDrvCmdOp</name>
         <load_address>0x2000bd44</load_address>
         <run_address>0x2000bd44</run_address>
         <size>0xc0</size>
         <input_file_ref idref="fl-20"/>
      </object_component>
      <object_component id="oc-69b">
         <name>.text:_ltostr</name>
         <load_address>0x2000be04</load_address>
         <run_address>0x2000be04</run_address>
         <size>0xb1</size>
         <input_file_ref idref="fl-ec"/>
      </object_component>
      <object_component id="oc-731">
         <name>.text:_SlNonOsSemGet</name>
         <load_address>0x2000beb8</load_address>
         <run_address>0x2000beb8</run_address>
         <size>0xb0</size>
         <input_file_ref idref="fl-23"/>
      </object_component>
      <object_component id="oc-504">
         <name>.text:IntDisable</name>
         <load_address>0x2000bf68</load_address>
         <run_address>0x2000bf68</run_address>
         <size>0xa8</size>
         <input_file_ref idref="fl-15"/>
      </object_component>
      <object_component id="oc-d1">
         <name>.text:IntEnable</name>
         <load_address>0x2000c010</load_address>
         <run_address>0x2000c010</run_address>
         <size>0xa8</size>
         <input_file_ref idref="fl-15"/>
      </object_component>
      <object_component id="oc-78a">
         <name>.text:_SlDriverHandleError</name>
         <load_address>0x2000c0b8</load_address>
         <run_address>0x2000c0b8</run_address>
         <size>0xa4</size>
         <input_file_ref idref="fl-20"/>
      </object_component>
      <object_component id="oc-193">
         <name>.text:SPIConfigSetExpClk</name>
         <load_address>0x2000c15c</load_address>
         <run_address>0x2000c15c</run_address>
         <size>0xa0</size>
         <input_file_ref idref="fl-18"/>
      </object_component>
      <object_component id="oc-435">
         <name>.text:sl_Recv</name>
         <load_address>0x2000c1fc</load_address>
         <run_address>0x2000c1fc</run_address>
         <size>0xa0</size>
         <input_file_ref idref="fl-24"/>
      </object_component>
      <object_component id="oc-3d">
         <name>.text</name>
         <load_address>0x2000c29c</load_address>
         <run_address>0x2000c29c</run_address>
         <size>0x9c</size>
         <input_file_ref idref="fl-e0"/>
      </object_component>
      <object_component id="oc-9ff">
         <name>.text:_SlDrvDeviceEventHandler</name>
         <load_address>0x2000c338</load_address>
         <run_address>0x2000c338</run_address>
         <size>0x9a</size>
         <input_file_ref idref="fl-1f"/>
      </object_component>
      <object_component id="oc-41c">
         <name>.text:sl_DevSet</name>
         <load_address>0x2000c3d4</load_address>
         <run_address>0x2000c3d4</run_address>
         <size>0x98</size>
         <input_file_ref idref="fl-1f"/>
      </object_component>
      <object_component id="oc-3b8">
         <name>.text:sl_NetCfgSet</name>
         <load_address>0x2000c46c</load_address>
         <run_address>0x2000c46c</run_address>
         <size>0x98</size>
         <input_file_ref idref="fl-22"/>
      </object_component>
      <object_component id="oc-400">
         <name>.text:sl_SetSockOpt</name>
         <load_address>0x2000c504</load_address>
         <run_address>0x2000c504</run_address>
         <size>0x98</size>
         <input_file_ref idref="fl-24"/>
      </object_component>
      <object_component id="oc-3be">
         <name>.text:sl_WlanSet</name>
         <load_address>0x2000c59c</load_address>
         <run_address>0x2000c59c</run_address>
         <size>0x98</size>
         <input_file_ref idref="fl-25"/>
      </object_component>
      <object_component id="oc-81f">
         <name>.text:spi_Write</name>
         <load_address>0x2000c634</load_address>
         <run_address>0x2000c634</run_address>
         <size>0x98</size>
         <input_file_ref idref="fl-26"/>
      </object_component>
      <object_component id="oc-fb">
         <name>.text</name>
         <load_address>0x2000c6cc</load_address>
         <run_address>0x2000c6cc</run_address>
         <size>0x96</size>
         <input_file_ref idref="fl-e2"/>
      </object_component>
      <object_component id="oc-13b">
         <name>.text:PRCMPeripheralClockGet</name>
         <load_address>0x2000c764</load_address>
         <run_address>0x2000c764</run_address>
         <size>0x94</size>
         <input_file_ref idref="fl-17"/>
      </object_component>
      <object_component id="oc-a13">
         <name>.text:_sl_HandleAsync_DnsGetHostByName</name>
         <load_address>0x2000c7f8</load_address>
         <run_address>0x2000c7f8</run_address>
         <size>0x90</size>
         <input_file_ref idref="fl-21"/>
      </object_component>
      <object_component id="oc-9ad">
         <name>.text:_sl_HandleAsync_PingResponse</name>
         <load_address>0x2000c888</load_address>
         <run_address>0x2000c888</run_address>
         <size>0x90</size>
         <input_file_ref idref="fl-21"/>
      </object_component>
      <object_component id="oc-3a6">
         <name>.text:sl_WlanPolicySet</name>
         <load_address>0x2000c918</load_address>
         <run_address>0x2000c918</run_address>
         <size>0x90</size>
         <input_file_ref idref="fl-25"/>
      </object_component>
      <object_component id="oc-9b4">
         <name>.text:SetupDMAReceive</name>
         <load_address>0x2000c9a8</load_address>
         <run_address>0x2000c9a8</run_address>
         <size>0x8c</size>
         <input_file_ref idref="fl-26"/>
      </object_component>
      <object_component id="oc-917">
         <name>.text:SetupDMASend</name>
         <load_address>0x2000ca34</load_address>
         <run_address>0x2000ca34</run_address>
         <size>0x8c</size>
         <input_file_ref idref="fl-26"/>
      </object_component>
      <object_component id="oc-8c6">
         <name>.text:_SlDrvIsTimeoutExpired</name>
         <load_address>0x2000cac0</load_address>
         <run_address>0x2000cac0</run_address>
         <size>0x8c</size>
         <input_file_ref idref="fl-20"/>
      </object_component>
      <object_component id="oc-a55">
         <name>.text:_sl_HandleAsync_InitComplete</name>
         <load_address>0x2000cb4c</load_address>
         <run_address>0x2000cb4c</run_address>
         <size>0x8c</size>
         <input_file_ref idref="fl-1f"/>
      </object_component>
      <object_component id="oc-3fa">
         <name>.text:sl_Socket</name>
         <load_address>0x2000cbd8</load_address>
         <run_address>0x2000cbd8</run_address>
         <size>0x8c</size>
         <input_file_ref idref="fl-24"/>
      </object_component>
      <object_component id="oc-51b">
         <name>.text:PinConfigSet</name>
         <load_address>0x2000cc64</load_address>
         <run_address>0x2000cc64</run_address>
         <size>0x88</size>
         <input_file_ref idref="fl-16"/>
      </object_component>
      <object_component id="oc-6a1">
         <name>.text:__aeabi_cdcmple</name>
         <load_address>0x2000ccec</load_address>
         <run_address>0x2000ccec</run_address>
         <size>0x86</size>
         <input_file_ref idref="fl-ef"/>
      </object_component>
      <object_component id="oc-847">
         <name>.text:__aeabi_cdrcmple</name>
         <load_address>0x2000cd72</load_address>
         <run_address>0x2000cd72</run_address>
         <size>0x86</size>
         <input_file_ref idref="fl-ef"/>
      </object_component>
      <object_component id="oc-3cd">
         <name>.text:sl_WlanRxFilterSet</name>
         <load_address>0x2000cdf8</load_address>
         <run_address>0x2000cdf8</run_address>
         <size>0x84</size>
         <input_file_ref idref="fl-25"/>
      </object_component>
      <object_component id="oc-171">
         <name>.text:GPIOIntTypeSet</name>
         <load_address>0x2000ce7c</load_address>
         <run_address>0x2000ce7c</run_address>
         <size>0x82</size>
         <input_file_ref idref="fl-14"/>
      </object_component>
      <object_component id="oc-a3b">
         <name>.text:_sl_HandleAsync_Connect</name>
         <load_address>0x2000cf00</load_address>
         <run_address>0x2000cf00</run_address>
         <size>0x80</size>
         <input_file_ref idref="fl-24"/>
      </object_component>
      <object_component id="oc-9ba">
         <name>.text:spi_Read_CPU</name>
         <load_address>0x2000cf80</load_address>
         <run_address>0x2000cf80</run_address>
         <size>0x80</size>
         <input_file_ref idref="fl-26"/>
      </object_component>
      <object_component id="oc-923">
         <name>.text:spi_Write_CPU</name>
         <load_address>0x2000d000</load_address>
         <run_address>0x2000d000</run_address>
         <size>0x80</size>
         <input_file_ref idref="fl-26"/>
      </object_component>
      <object_component id="oc-8b">
         <name>.text</name>
         <load_address>0x2000d080</load_address>
         <run_address>0x2000d080</run_address>
         <size>0x7a</size>
         <input_file_ref idref="fl-e1"/>
      </object_component>
      <object_component id="oc-590">
         <name>.text:spi_Close</name>
         <load_address>0x2000d0fc</load_address>
         <run_address>0x2000d0fc</run_address>
         <size>0x78</size>
         <input_file_ref idref="fl-26"/>
      </object_component>
      <object_component id="oc-141">
         <name>.text:UARTConfigSetExpClk</name>
         <load_address>0x2000d174</load_address>
         <run_address>0x2000d174</run_address>
         <size>0x76</size>
         <input_file_ref idref="fl-1b"/>
      </object_component>
      <object_component id="oc-38e">
         <name>.text:_SlNonOsMainLoopTask</name>
         <load_address>0x2000d1ec</load_address>
         <run_address>0x2000d1ec</run_address>
         <size>0x74</size>
         <input_file_ref idref="fl-23"/>
      </object_component>
      <object_component id="oc-2c8">
         <name>.text:TimerIntRegister</name>
         <load_address>0x2000d260</load_address>
         <run_address>0x2000d260</run_address>
         <size>0x70</size>
         <input_file_ref idref="fl-1a"/>
      </object_component>
      <object_component id="oc-4d7">
         <name>.text:split</name>
         <load_address>0x2000d2d0</load_address>
         <run_address>0x2000d2d0</run_address>
         <size>0x70</size>
         <input_file_ref idref="fl-e7"/>
      </object_component>
      <object_component id="oc-867">
         <name>.text:_mcpy</name>
         <load_address>0x2000d340</load_address>
         <run_address>0x2000d340</run_address>
         <size>0x6e</size>
         <input_file_ref idref="fl-ec"/>
      </object_component>
      <object_component id="oc-a6d">
         <name>.text:_SlDrvCmdSend</name>
         <load_address>0x2000d3b0</load_address>
         <run_address>0x2000d3b0</run_address>
         <size>0x6c</size>
         <input_file_ref idref="fl-20"/>
      </object_component>
      <object_component id="oc-a25">
         <name>.text:_sl_NetAppSendTokenValue</name>
         <load_address>0x2000d41c</load_address>
         <run_address>0x2000d41c</run_address>
         <size>0x6c</size>
         <input_file_ref idref="fl-21"/>
      </object_component>
      <object_component id="oc-2f8">
         <name>.text:TimerIntUnregister</name>
         <load_address>0x2000d488</load_address>
         <run_address>0x2000d488</run_address>
         <size>0x68</size>
         <input_file_ref idref="fl-1a"/>
      </object_component>
      <object_component id="oc-15">
         <name>.text:decompress:lzss:__TI_decompress_lzss</name>
         <load_address>0x2000d4f0</load_address>
         <run_address>0x2000d4f0</run_address>
         <size>0x68</size>
         <input_file_ref idref="fl-e5"/>
      </object_component>
      <object_component id="oc-7a2">
         <name>.text:_SlNonOsSpawn</name>
         <load_address>0x2000d558</load_address>
         <run_address>0x2000d558</run_address>
         <size>0x64</size>
         <input_file_ref idref="fl-23"/>
      </object_component>
      <object_component id="oc-a35">
         <name>.text:_sl_HandleAsync_Accept</name>
         <load_address>0x2000d5bc</load_address>
         <run_address>0x2000d5bc</run_address>
         <size>0x64</size>
         <input_file_ref idref="fl-24"/>
      </object_component>
      <object_component id="oc-3c4">
         <name>.text:sl_NetAppMDNSUnRegisterService</name>
         <load_address>0x2000d620</load_address>
         <run_address>0x2000d620</run_address>
         <size>0x64</size>
         <input_file_ref idref="fl-21"/>
      </object_component>
      <object_component id="oc-8da">
         <name>.text:uDMAChannelAttributeDisable</name>
         <load_address>0x2000d684</load_address>
         <run_address>0x2000d684</run_address>
         <size>0x64</size>
         <input_file_ref idref="fl-104"/>
      </object_component>
      <object_component id="oc-9e8">
         <name>.text:uDMAChannelAttributeEnable</name>
         <load_address>0x2000d6e8</load_address>
         <run_address>0x2000d6e8</run_address>
         <size>0x64</size>
         <input_file_ref idref="fl-104"/>
      </object_component>
      <object_component id="oc-1ba">
         <name>.text:sl_Close</name>
         <load_address>0x2000d74c</load_address>
         <run_address>0x2000d74c</run_address>
         <size>0x60</size>
         <input_file_ref idref="fl-24"/>
      </object_component>
      <object_component id="oc-3ac">
         <name>.text:sl_WlanProfileDel</name>
         <load_address>0x2000d7ac</load_address>
         <run_address>0x2000d7ac</run_address>
         <size>0x60</size>
         <input_file_ref idref="fl-25"/>
      </object_component>
      <object_component id="oc-394">
         <name>.text:sl_WlanSetMode</name>
         <load_address>0x2000d80c</load_address>
         <run_address>0x2000d80c</run_address>
         <size>0x60</size>
         <input_file_ref idref="fl-25"/>
      </object_component>
      <object_component id="oc-87c">
         <name>.text:frexp</name>
         <load_address>0x2000d86c</load_address>
         <run_address>0x2000d86c</run_address>
         <size>0x5c</size>
         <input_file_ref idref="fl-101"/>
      </object_component>
      <object_component id="oc-77c">
         <name>.text:IntPendClear</name>
         <load_address>0x2000d8c8</load_address>
         <run_address>0x2000d8c8</run_address>
         <size>0x58</size>
         <input_file_ref idref="fl-15"/>
      </object_component>
      <object_component id="oc-187">
         <name>.text:PRCMPeripheralReset</name>
         <load_address>0x2000d920</load_address>
         <run_address>0x2000d920</run_address>
         <size>0x58</size>
         <input_file_ref idref="fl-17"/>
      </object_component>
      <object_component id="oc-6ac">
         <name>.text:_pconv_f</name>
         <load_address>0x2000d978</load_address>
         <run_address>0x2000d978</run_address>
         <size>0x56</size>
         <input_file_ref idref="fl-ec"/>
      </object_component>
      <object_component id="oc-2c2">
         <name>.text:IntPrioritySet</name>
         <load_address>0x2000d9d0</load_address>
         <run_address>0x2000d9d0</run_address>
         <size>0x54</size>
         <input_file_ref idref="fl-15"/>
      </object_component>
      <object_component id="oc-56e">
         <name>.text:_SlDrvRxIrqHandler</name>
         <load_address>0x2000da24</load_address>
         <run_address>0x2000da24</run_address>
         <size>0x54</size>
         <input_file_ref idref="fl-20"/>
      </object_component>
      <object_component id="oc-851">
         <name>.text:__TI_ltoa</name>
         <load_address>0x2000da78</load_address>
         <run_address>0x2000da78</run_address>
         <size>0x54</size>
         <input_file_ref idref="fl-f9"/>
      </object_component>
      <object_component id="oc-a41">
         <name>.text:_sl_HandleAsync_Select</name>
         <load_address>0x2000dacc</load_address>
         <run_address>0x2000dacc</run_address>
         <size>0x54</size>
         <input_file_ref idref="fl-24"/>
      </object_component>
      <object_component id="oc-861">
         <name>.text:_ecpy</name>
         <load_address>0x2000db20</load_address>
         <run_address>0x2000db20</run_address>
         <size>0x52</size>
         <input_file_ref idref="fl-ec"/>
      </object_component>
      <object_component id="oc-a47">
         <name>.text:_sl_HandleAsync_Stop</name>
         <load_address>0x2000db74</load_address>
         <run_address>0x2000db74</run_address>
         <size>0x50</size>
         <input_file_ref idref="fl-1f"/>
      </object_component>
      <object_component id="oc-760">
         <name>.text:SPIIntEnable</name>
         <load_address>0x2000dbc4</load_address>
         <run_address>0x2000dbc4</run_address>
         <size>0x4c</size>
         <input_file_ref idref="fl-18"/>
      </object_component>
      <object_component id="oc-908">
         <name>.text:SPIIntNumberGet</name>
         <load_address>0x2000dc10</load_address>
         <run_address>0x2000dc10</run_address>
         <size>0x4c</size>
         <input_file_ref idref="fl-18"/>
      </object_component>
      <object_component id="oc-544">
         <name>.text:_SlDrvProtectAsyncRespSetting</name>
         <load_address>0x2000dc5c</load_address>
         <run_address>0x2000dc5c</run_address>
         <size>0x4c</size>
         <input_file_ref idref="fl-20"/>
      </object_component>
      <object_component id="oc-62b">
         <name>.text:_sl_BuildAddress</name>
         <load_address>0x2000dca8</load_address>
         <run_address>0x2000dca8</run_address>
         <size>0x4c</size>
         <input_file_ref idref="fl-24"/>
      </object_component>
      <object_component id="oc-695">
         <name>.text:atoi</name>
         <load_address>0x2000dcf4</load_address>
         <run_address>0x2000dcf4</run_address>
         <size>0x4c</size>
         <input_file_ref idref="fl-fb"/>
      </object_component>
      <object_component id="oc-1cd">
         <name>.text:snprintf</name>
         <load_address>0x2000dd40</load_address>
         <run_address>0x2000dd40</run_address>
         <size>0x4c</size>
         <input_file_ref idref="fl-dc"/>
      </object_component>
      <object_component id="oc-8d4">
         <name>.text:uDMAChannelAssign</name>
         <load_address>0x2000dd8c</load_address>
         <run_address>0x2000dd8c</run_address>
         <size>0x4c</size>
         <input_file_ref idref="fl-104"/>
      </object_component>
      <object_component id="oc-306">
         <name>.text:GPIOGetIntNumber</name>
         <load_address>0x2000ddd8</load_address>
         <run_address>0x2000ddd8</run_address>
         <size>0x48</size>
         <input_file_ref idref="fl-14"/>
      </object_component>
      <object_component id="oc-8f4">
         <name>.text:SPIIntClear</name>
         <load_address>0x2000de20</load_address>
         <run_address>0x2000de20</run_address>
         <size>0x48</size>
         <input_file_ref idref="fl-18"/>
      </object_component>
      <object_component id="oc-5bc">
         <name>.text:_SlDrvBasicCmd</name>
         <load_address>0x2000de68</load_address>
         <run_address>0x2000de68</run_address>
         <size>0x48</size>
         <input_file_ref idref="fl-20"/>
      </object_component>
      <object_component id="oc-84c">
         <name>.text</name>
         <load_address>0x2000deb0</load_address>
         <run_address>0x2000deb0</run_address>
         <size>0x48</size>
         <input_file_ref idref="fl-f2"/>
      </object_component>
      <object_component id="oc-8e4">
         <name>.text:SPIDmaMaskGet</name>
         <load_address>0x2000def8</load_address>
         <run_address>0x2000def8</run_address>
         <size>0x44</size>
         <input_file_ref idref="fl-18"/>
      </object_component>
      <object_component id="oc-2b6">
         <name>.text:TimerConfigure</name>
         <load_address>0x2000df3c</load_address>
         <run_address>0x2000df3c</run_address>
         <size>0x44</size>
         <input_file_ref idref="fl-1a"/>
      </object_component>
      <object_component id="oc-2ac">
         <name>.text:UARTIntNumberGet</name>
         <load_address>0x2000df80</load_address>
         <run_address>0x2000df80</run_address>
         <size>0x44</size>
         <input_file_ref idref="fl-1b"/>
      </object_component>
      <object_component id="oc-a66">
         <name>.text:_SlDrvHandleHttpServerEvents</name>
         <load_address>0x2000dfc4</load_address>
         <run_address>0x2000dfc4</run_address>
         <size>0x44</size>
         <input_file_ref idref="fl-20"/>
      </object_component>
      <object_component id="oc-55c">
         <name>.text:_SlDrvSyncObjWaitTimeout</name>
         <load_address>0x2000e008</load_address>
         <run_address>0x2000e008</run_address>
         <size>0x44</size>
         <input_file_ref idref="fl-20"/>
      </object_component>
      <object_component id="oc-1e7">
         <name>.text:__TI_auto_init_nobinit_nopinit:__TI_auto_init_nobinit_nopinit</name>
         <load_address>0x2000e04c</load_address>
         <run_address>0x2000e04c</run_address>
         <size>0x44</size>
         <input_file_ref idref="fl-f4"/>
      </object_component>
      <object_component id="oc-994">
         <name>.text:cc_SetupTransfer</name>
         <load_address>0x2000e090</load_address>
         <run_address>0x2000e090</run_address>
         <size>0x44</size>
         <input_file_ref idref="fl-26"/>
      </object_component>
      <object_component id="oc-3f4">
         <name>.text:sl_Htonl</name>
         <load_address>0x2000e0d4</load_address>
         <run_address>0x2000e0d4</run_address>
         <size>0x42</size>
         <input_file_ref idref="fl-24"/>
      </object_component>
      <object_component id="oc-33a">
         <name>.text:PinModeSet</name>
         <load_address>0x2000e118</load_address>
         <run_address>0x2000e118</run_address>
         <size>0x40</size>
         <input_file_ref idref="fl-16"/>
      </object_component>
      <object_component id="oc-a0b">
         <name>.text:_SlDrvHandleNetAppEvents</name>
         <load_address>0x2000e158</load_address>
         <run_address>0x2000e158</run_address>
         <size>0x40</size>
         <input_file_ref idref="fl-20"/>
      </object_component>
      <object_component id="oc-a05">
         <name>.text:_SlDrvHandleWlanEvents</name>
         <load_address>0x2000e198</load_address>
         <run_address>0x2000e198</run_address>
         <size>0x40</size>
         <input_file_ref idref="fl-20"/>
      </object_component>
      <object_component id="oc-649">
         <name>.text:_sl_TruncatePayloadByProtocol</name>
         <load_address>0x2000e1d8</load_address>
         <run_address>0x2000e1d8</run_address>
         <size>0x40</size>
         <input_file_ref idref="fl-24"/>
      </object_component>
      <object_component id="oc-429">
         <name>.text:sprintf</name>
         <load_address>0x2000e218</load_address>
         <run_address>0x2000e218</run_address>
         <size>0x40</size>
         <input_file_ref idref="fl-dd"/>
      </object_component>
      <object_component id="oc-251">
         <name>.text:vsnprintf</name>
         <load_address>0x2000e258</load_address>
         <run_address>0x2000e258</run_address>
         <size>0x40</size>
         <input_file_ref idref="fl-de"/>
      </object_component>
      <object_component id="oc-550">
         <name>.text:NwpRegisterInterruptHandler</name>
         <load_address>0x2000e298</load_address>
         <run_address>0x2000e298</run_address>
         <size>0x3e</size>
         <input_file_ref idref="fl-26"/>
      </object_component>
      <object_component id="oc-874">
         <name>.text:_fcpy</name>
         <load_address>0x2000e2d6</load_address>
         <run_address>0x2000e2d6</run_address>
         <size>0x3e</size>
         <input_file_ref idref="fl-ec"/>
      </object_component>
      <object_component id="oc-a2c">
         <name>.text:CopyPingResultsToReport</name>
         <load_address>0x2000e314</load_address>
         <run_address>0x2000e314</run_address>
         <size>0x3c</size>
         <input_file_ref idref="fl-21"/>
      </object_component>
      <object_component id="oc-23c">
         <name>.text:PRCMPeripheralClkEnable</name>
         <load_address>0x2000e350</load_address>
         <run_address>0x2000e350</run_address>
         <size>0x3c</size>
         <input_file_ref idref="fl-17"/>
      </object_component>
      <object_component id="oc-9d7">
         <name>.text:simplelink_timerA2_start</name>
         <load_address>0x2000e38c</load_address>
         <run_address>0x2000e38c</run_address>
         <size>0x3c</size>
         <input_file_ref idref="fl-26"/>
      </object_component>
      <object_component id="oc-3ee">
         <name>.text:sl_Htons</name>
         <load_address>0x2000e3c8</load_address>
         <run_address>0x2000e3c8</run_address>
         <size>0x3c</size>
         <input_file_ref idref="fl-24"/>
      </object_component>
      <object_component id="oc-9e2">
         <name>.text:uDMAChannelControlSet</name>
         <load_address>0x2000e404</load_address>
         <run_address>0x2000e404</run_address>
         <size>0x3c</size>
         <input_file_ref idref="fl-104"/>
      </object_component>
      <object_component id="oc-54a">
         <name>.text:NwpPowerOff</name>
         <load_address>0x2000e440</load_address>
         <run_address>0x2000e440</run_address>
         <size>0x38</size>
         <input_file_ref idref="fl-26"/>
      </object_component>
      <object_component id="oc-3b2">
         <name>.text:sl_WlanDisconnect</name>
         <load_address>0x2000e478</load_address>
         <run_address>0x2000e478</run_address>
         <size>0x38</size>
         <input_file_ref idref="fl-25"/>
      </object_component>
      <object_component id="oc-346">
         <name>.text:GPIODirModeSet</name>
         <load_address>0x2000e4b0</load_address>
         <run_address>0x2000e4b0</run_address>
         <size>0x36</size>
         <input_file_ref idref="fl-14"/>
      </object_component>
      <object_component id="oc-742">
         <name>.text:PRCMPeripheralStatusGet</name>
         <load_address>0x2000e4e8</load_address>
         <run_address>0x2000e4e8</run_address>
         <size>0x34</size>
         <input_file_ref idref="fl-17"/>
      </object_component>
      <object_component id="oc-75a">
         <name>.text:SPIFIFOLevelSet</name>
         <load_address>0x2000e51c</load_address>
         <run_address>0x2000e51c</run_address>
         <size>0x34</size>
         <input_file_ref idref="fl-18"/>
      </object_component>
      <object_component id="oc-1c6">
         <name>.text:strstr</name>
         <load_address>0x2000e550</load_address>
         <run_address>0x2000e550</run_address>
         <size>0x34</size>
         <input_file_ref idref="fl-ea"/>
      </object_component>
      <object_component id="oc-340">
         <name>.text:PinTypeGPIO</name>
         <load_address>0x2000e584</load_address>
         <run_address>0x2000e584</run_address>
         <size>0x30</size>
         <input_file_ref idref="fl-16"/>
      </object_component>
      <object_component id="oc-2a3">
         <name>.text:UARTDisable</name>
         <load_address>0x2000e5b4</load_address>
         <run_address>0x2000e5b4</run_address>
         <size>0x30</size>
         <input_file_ref idref="fl-1b"/>
      </object_component>
      <object_component id="oc-467">
         <name>.text:_outs</name>
         <load_address>0x2000e5e4</load_address>
         <run_address>0x2000e5e4</run_address>
         <size>0x30</size>
         <input_file_ref idref="fl-dc"/>
      </object_component>
      <object_component id="oc-4b3">
         <name>.text:_outs</name>
         <load_address>0x2000e614</load_address>
         <run_address>0x2000e614</run_address>
         <size>0x30</size>
         <input_file_ref idref="fl-de"/>
      </object_component>
      <object_component id="oc-857">
         <name>.text</name>
         <load_address>0x2000e644</load_address>
         <run_address>0x2000e644</run_address>
         <size>0x2e</size>
         <input_file_ref idref="fl-f3"/>
      </object_component>
      <object_component id="oc-556">
         <name>.text:NwpPowerOn</name>
         <load_address>0x2000e674</load_address>
         <run_address>0x2000e674</run_address>
         <size>0x2c</size>
         <input_file_ref idref="fl-26"/>
      </object_component>
      <object_component id="oc-22a">
         <name>.text:PRCMSysResetCauseGet</name>
         <load_address>0x2000e6a0</load_address>
         <run_address>0x2000e6a0</run_address>
         <size>0x2c</size>
         <input_file_ref idref="fl-17"/>
      </object_component>
      <object_component id="oc-665">
         <name>.text:_SlDrvObjGlobalLockWaitForever</name>
         <load_address>0x2000e6cc</load_address>
         <run_address>0x2000e6cc</run_address>
         <size>0x2c</size>
         <input_file_ref idref="fl-20"/>
      </object_component>
      <object_component id="oc-605">
         <name>.text:_SlDrvProtectionObjLockWaitForever</name>
         <load_address>0x2000e6f8</load_address>
         <run_address>0x2000e6f8</run_address>
         <size>0x2c</size>
         <input_file_ref idref="fl-20"/>
      </object_component>
      <object_component id="oc-2e0">
         <name>.text:TimerLoadSet</name>
         <load_address>0x2000e724</load_address>
         <run_address>0x2000e724</run_address>
         <size>0x2a</size>
         <input_file_ref idref="fl-1a"/>
      </object_component>
      <object_component id="oc-2bc">
         <name>.text:TimerPrescaleSet</name>
         <load_address>0x2000e74e</load_address>
         <run_address>0x2000e74e</run_address>
         <size>0x2a</size>
         <input_file_ref idref="fl-1a"/>
      </object_component>
      <object_component id="oc-242">
         <name>.text:PRCMPeripheralClkDisable</name>
         <load_address>0x2000e778</load_address>
         <run_address>0x2000e778</run_address>
         <size>0x28</size>
         <input_file_ref idref="fl-17"/>
      </object_component>
      <object_component id="oc-66b">
         <name>.text:_SlDrvGlobalObjUnLock</name>
         <load_address>0x2000e7a0</load_address>
         <run_address>0x2000e7a0</run_address>
         <size>0x28</size>
         <input_file_ref idref="fl-20"/>
      </object_component>
      <object_component id="oc-60b">
         <name>.text:_SlDrvProtectionObjUnLock</name>
         <load_address>0x2000e7c8</load_address>
         <run_address>0x2000e7c8</run_address>
         <size>0x28</size>
         <input_file_ref idref="fl-20"/>
      </object_component>
      <object_component id="oc-611">
         <name>.text:_SlDrvSyncObjWaitForever</name>
         <load_address>0x2000e7f0</load_address>
         <run_address>0x2000e7f0</run_address>
         <size>0x28</size>
         <input_file_ref idref="fl-20"/>
      </object_component>
      <object_component id="oc-4de">
         <name>.text:free_list_insert</name>
         <load_address>0x2000e818</load_address>
         <run_address>0x2000e818</run_address>
         <size>0x28</size>
         <input_file_ref idref="fl-e7"/>
      </object_component>
      <object_component id="oc-25d">
         <name>.text:memmove</name>
         <load_address>0x2000e840</load_address>
         <run_address>0x2000e840</run_address>
         <size>0x28</size>
         <input_file_ref idref="fl-e6"/>
      </object_component>
      <object_component id="oc-80b">
         <name>.text:_SlDrvObjLockWaitForever</name>
         <load_address>0x2000e868</load_address>
         <run_address>0x2000e868</run_address>
         <size>0x26</size>
         <input_file_ref idref="fl-20"/>
      </object_component>
      <object_component id="oc-a84">
         <name>.text</name>
         <load_address>0x2000e88e</load_address>
         <run_address>0x2000e88e</run_address>
         <size>0x26</size>
         <input_file_ref idref="fl-7"/>
      </object_component>
      <object_component id="oc-76c">
         <name>.text:DmaSpiSwIntHandler</name>
         <load_address>0x2000e8b4</load_address>
         <run_address>0x2000e8b4</run_address>
         <size>0x24</size>
         <input_file_ref idref="fl-26"/>
      </object_component>
      <object_component id="oc-50a">
         <name>.text:IntUnregister</name>
         <load_address>0x2000e8d8</load_address>
         <run_address>0x2000e8d8</run_address>
         <size>0x24</size>
         <input_file_ref idref="fl-15"/>
      </object_component>
      <object_component id="oc-15f">
         <name>.text:UARTEnable</name>
         <load_address>0x2000e8fc</load_address>
         <run_address>0x2000e8fc</run_address>
         <size>0x24</size>
         <input_file_ref idref="fl-1b"/>
      </object_component>
      <object_component id="oc-5b">
         <name>.text:_c_int00_noargs:_c_int00_noargs</name>
         <load_address>0x2000e920</load_address>
         <run_address>0x2000e920</run_address>
         <size>0x24</size>
         <input_file_ref idref="fl-eb"/>
      </object_component>
      <object_component id="oc-e9">
         <name>.text:GPIOIntStatus</name>
         <load_address>0x2000e944</load_address>
         <run_address>0x2000e944</run_address>
         <size>0x22</size>
         <input_file_ref idref="fl-14"/>
      </object_component>
      <object_component id="oc-18d">
         <name>.text:SPIReset</name>
         <load_address>0x2000e966</load_address>
         <run_address>0x2000e966</run_address>
         <size>0x22</size>
         <input_file_ref idref="fl-18"/>
      </object_component>
      <object_component id="oc-91d">
         <name>.text:SPIWordCountSet</name>
         <load_address>0x2000e988</load_address>
         <run_address>0x2000e988</run_address>
         <size>0x22</size>
         <input_file_ref idref="fl-18"/>
      </object_component>
      <object_component id="oc-367">
         <name>.text:GPIOPinWrite</name>
         <load_address>0x2000e9aa</load_address>
         <run_address>0x2000e9aa</run_address>
         <size>0x20</size>
         <input_file_ref idref="fl-14"/>
      </object_component>
      <object_component id="oc-28f">
         <name>.text:IntRegister</name>
         <load_address>0x2000e9cc</load_address>
         <run_address>0x2000e9cc</run_address>
         <size>0x20</size>
         <input_file_ref idref="fl-15"/>
      </object_component>
      <object_component id="oc-58a">
         <name>.text:NwpPrePowerOffTimout0</name>
         <load_address>0x2000e9ec</load_address>
         <run_address>0x2000e9ec</run_address>
         <size>0x20</size>
         <input_file_ref idref="fl-26"/>
      </object_component>
      <object_component id="oc-373">
         <name>.text:SPIDataGet</name>
         <load_address>0x2000ea0c</load_address>
         <run_address>0x2000ea0c</run_address>
         <size>0x20</size>
         <input_file_ref idref="fl-18"/>
      </object_component>
      <object_component id="oc-97d">
         <name>.text:TimerGetCurrentTimestamp</name>
         <load_address>0x2000ea2c</load_address>
         <run_address>0x2000ea2c</run_address>
         <size>0x20</size>
         <input_file_ref idref="fl-26"/>
      </object_component>
      <object_component id="oc-811">
         <name>.text:_SlDrvObjUnLock</name>
         <load_address>0x2000ea4c</load_address>
         <run_address>0x2000ea4c</run_address>
         <size>0x20</size>
         <input_file_ref idref="fl-20"/>
      </object_component>
      <object_component id="oc-797">
         <name>.text:_SlDrvSyncObjSignal</name>
         <load_address>0x2000ea6c</load_address>
         <run_address>0x2000ea6c</run_address>
         <size>0x20</size>
         <input_file_ref idref="fl-20"/>
      </object_component>
      <object_component id="oc-16b">
         <name>.text:GPIOIntRegister</name>
         <load_address>0x2000ea8c</load_address>
         <run_address>0x2000ea8c</run_address>
         <size>0x1e</size>
         <input_file_ref idref="fl-14"/>
      </object_component>
      <object_component id="oc-36d">
         <name>.text:SPIDataPut</name>
         <load_address>0x2000eaaa</load_address>
         <run_address>0x2000eaaa</run_address>
         <size>0x1e</size>
         <input_file_ref idref="fl-18"/>
      </object_component>
      <object_component id="oc-2ec">
         <name>.text:TimerDisable</name>
         <load_address>0x2000eac8</load_address>
         <run_address>0x2000eac8</run_address>
         <size>0x1e</size>
         <input_file_ref idref="fl-1a"/>
      </object_component>
      <object_component id="oc-2e6">
         <name>.text:TimerEnable</name>
         <load_address>0x2000eae6</load_address>
         <run_address>0x2000eae6</run_address>
         <size>0x1e</size>
         <input_file_ref idref="fl-1a"/>
      </object_component>
      <object_component id="oc-2d4">
         <name>.text:TimerIntStatus</name>
         <load_address>0x2000eb04</load_address>
         <run_address>0x2000eb04</run_address>
         <size>0x1e</size>
         <input_file_ref idref="fl-1a"/>
      </object_component>
      <object_component id="oc-1b4">
         <name>.text:UARTCharPut</name>
         <load_address>0x2000eb22</load_address>
         <run_address>0x2000eb22</run_address>
         <size>0x1e</size>
         <input_file_ref idref="fl-1b"/>
      </object_component>
      <object_component id="oc-153">
         <name>.text:UARTIntRegister</name>
         <load_address>0x2000eb40</load_address>
         <run_address>0x2000eb40</run_address>
         <size>0x1e</size>
         <input_file_ref idref="fl-1b"/>
      </object_component>
      <object_component id="oc-120">
         <name>.text:UARTIntStatus</name>
         <load_address>0x2000eb5e</load_address>
         <run_address>0x2000eb5e</run_address>
         <size>0x1e</size>
         <input_file_ref idref="fl-1b"/>
      </object_component>
      <object_component id="oc-748">
         <name>.text:cc_UDMAChannelSelect</name>
         <load_address>0x2000eb7c</load_address>
         <run_address>0x2000eb7c</run_address>
         <size>0x1e</size>
         <input_file_ref idref="fl-26"/>
      </object_component>
      <object_component id="oc-10b">
         <name>.text:SysTickIntRegister</name>
         <load_address>0x2000eb9c</load_address>
         <run_address>0x2000eb9c</run_address>
         <size>0x1c</size>
         <input_file_ref idref="fl-19"/>
      </object_component>
      <object_component id="oc-2fe">
         <name>.text:TimerValueGet</name>
         <load_address>0x2000ebb8</load_address>
         <run_address>0x2000ebb8</run_address>
         <size>0x1c</size>
         <input_file_ref idref="fl-1a"/>
      </object_component>
      <object_component id="oc-12c">
         <name>.text:UARTCharGetNonBlocking</name>
         <load_address>0x2000ebd4</load_address>
         <run_address>0x2000ebd4</run_address>
         <size>0x1c</size>
         <input_file_ref idref="fl-1b"/>
      </object_component>
      <object_component id="oc-8c0">
         <name>.text:_SlDrvStartMeasureTimeout</name>
         <load_address>0x2000ebf0</load_address>
         <run_address>0x2000ebf0</run_address>
         <size>0x1c</size>
         <input_file_ref idref="fl-20"/>
      </object_component>
      <object_component id="oc-49">
         <name>.text:decompress:ZI:__TI_zero_init_nomemset:__TI_zero_init_nomemset</name>
         <load_address>0x2000ec0c</load_address>
         <run_address>0x2000ec0c</run_address>
         <size>0x1c</size>
         <input_file_ref idref="fl-e3"/>
      </object_component>
      <object_component id="oc-4d1">
         <name>.text:free_list_remove</name>
         <load_address>0x2000ec28</load_address>
         <run_address>0x2000ec28</run_address>
         <size>0x1c</size>
         <input_file_ref idref="fl-e7"/>
      </object_component>
      <object_component id="oc-6be">
         <name>.text:memccpy</name>
         <load_address>0x2000ec44</load_address>
         <run_address>0x2000ec44</run_address>
         <size>0x1c</size>
         <input_file_ref idref="fl-fd"/>
      </object_component>
      <object_component id="oc-9f4">
         <name>.text:uDMAChannelEnable</name>
         <load_address>0x2000ec60</load_address>
         <run_address>0x2000ec60</run_address>
         <size>0x1c</size>
         <input_file_ref idref="fl-104"/>
      </object_component>
      <object_component id="oc-177">
         <name>.text:GPIOIntEnable</name>
         <load_address>0x2000ec7c</load_address>
         <run_address>0x2000ec7c</run_address>
         <size>0x1a</size>
         <input_file_ref idref="fl-14"/>
      </object_component>
      <object_component id="oc-34c">
         <name>.text:PinTypeSPI</name>
         <load_address>0x2000ec96</load_address>
         <run_address>0x2000ec96</run_address>
         <size>0x1a</size>
         <input_file_ref idref="fl-16"/>
      </object_component>
      <object_component id="oc-352">
         <name>.text:PinTypeUART</name>
         <load_address>0x2000ecb0</load_address>
         <run_address>0x2000ecb0</run_address>
         <size>0x1a</size>
         <input_file_ref idref="fl-16"/>
      </object_component>
      <object_component id="oc-7c6">
         <name>.text:SPIDmaDisable</name>
         <load_address>0x2000ecca</load_address>
         <run_address>0x2000ecca</run_address>
         <size>0x1a</size>
         <input_file_ref idref="fl-18"/>
      </object_component>
      <object_component id="oc-754">
         <name>.text:SPIDmaEnable</name>
         <load_address>0x2000ece4</load_address>
         <run_address>0x2000ece4</run_address>
         <size>0x1a</size>
         <input_file_ref idref="fl-18"/>
      </object_component>
      <object_component id="oc-7c0">
         <name>.text:SPIFIFODisable</name>
         <load_address>0x2000ecfe</load_address>
         <run_address>0x2000ecfe</run_address>
         <size>0x1a</size>
         <input_file_ref idref="fl-18"/>
      </object_component>
      <object_component id="oc-74e">
         <name>.text:SPIFIFOEnable</name>
         <load_address>0x2000ed18</load_address>
         <run_address>0x2000ed18</run_address>
         <size>0x1a</size>
         <input_file_ref idref="fl-18"/>
      </object_component>
      <object_component id="oc-7ba">
         <name>.text:SPIIntUnregister</name>
         <load_address>0x2000ed32</load_address>
         <run_address>0x2000ed32</run_address>
         <size>0x1a</size>
         <input_file_ref idref="fl-18"/>
      </object_component>
      <object_component id="oc-5f1">
         <name>.text:GPIOPinRead</name>
         <load_address>0x2000ed4c</load_address>
         <run_address>0x2000ed4c</run_address>
         <size>0x18</size>
         <input_file_ref idref="fl-14"/>
      </object_component>
      <object_component id="oc-379">
         <name>.text:SPICSDisable</name>
         <load_address>0x2000ed64</load_address>
         <run_address>0x2000ed64</run_address>
         <size>0x18</size>
         <input_file_ref idref="fl-18"/>
      </object_component>
      <object_component id="oc-361">
         <name>.text:SPICSEnable</name>
         <load_address>0x2000ed7c</load_address>
         <run_address>0x2000ed7c</run_address>
         <size>0x18</size>
         <input_file_ref idref="fl-18"/>
      </object_component>
      <object_component id="oc-73c">
         <name>.text:SPIDisable</name>
         <load_address>0x2000ed94</load_address>
         <run_address>0x2000ed94</run_address>
         <size>0x18</size>
         <input_file_ref idref="fl-18"/>
      </object_component>
      <object_component id="oc-199">
         <name>.text:SPIEnable</name>
         <load_address>0x2000edac</load_address>
         <run_address>0x2000edac</run_address>
         <size>0x18</size>
         <input_file_ref idref="fl-18"/>
      </object_component>
      <object_component id="oc-105">
         <name>.text:SysTickPeriodSet</name>
         <load_address>0x2000edc4</load_address>
         <run_address>0x2000edc4</run_address>
         <size>0x18</size>
         <input_file_ref idref="fl-19"/>
      </object_component>
      <object_component id="oc-2f2">
         <name>.text:TimerIntDisable</name>
         <load_address>0x2000eddc</load_address>
         <run_address>0x2000eddc</run_address>
         <size>0x18</size>
         <input_file_ref idref="fl-1a"/>
      </object_component>
      <object_component id="oc-2ce">
         <name>.text:TimerIntEnable</name>
         <load_address>0x2000edf4</load_address>
         <run_address>0x2000edf4</run_address>
         <size>0x18</size>
         <input_file_ref idref="fl-1a"/>
      </object_component>
      <object_component id="oc-132">
         <name>.text:UARTCharsAvail</name>
         <load_address>0x2000ee0c</load_address>
         <run_address>0x2000ee0c</run_address>
         <size>0x18</size>
         <input_file_ref idref="fl-1b"/>
      </object_component>
      <object_component id="oc-14d">
         <name>.text:UARTFIFOLevelSet</name>
         <load_address>0x2000ee24</load_address>
         <run_address>0x2000ee24</run_address>
         <size>0x18</size>
         <input_file_ref idref="fl-1b"/>
      </object_component>
      <object_component id="oc-159">
         <name>.text:UARTIntEnable</name>
         <load_address>0x2000ee3c</load_address>
         <run_address>0x2000ee3c</run_address>
         <size>0x18</size>
         <input_file_ref idref="fl-1b"/>
      </object_component>
      <object_component id="oc-72b">
         <name>.text:_SlNonOsSemSet</name>
         <load_address>0x2000ee54</load_address>
         <run_address>0x2000ee54</run_address>
         <size>0x18</size>
         <input_file_ref idref="fl-23"/>
      </object_component>
      <object_component id="oc-46d">
         <name>.text:_outc</name>
         <load_address>0x2000ee6c</load_address>
         <run_address>0x2000ee6c</run_address>
         <size>0x18</size>
         <input_file_ref idref="fl-dc"/>
      </object_component>
      <object_component id="oc-4b9">
         <name>.text:_outc</name>
         <load_address>0x2000ee84</load_address>
         <run_address>0x2000ee84</run_address>
         <size>0x18</size>
         <input_file_ref idref="fl-de"/>
      </object_component>
      <object_component id="oc-63b">
         <name>.text:_outs</name>
         <load_address>0x2000ee9c</load_address>
         <run_address>0x2000ee9c</run_address>
         <size>0x18</size>
         <input_file_ref idref="fl-dd"/>
      </object_component>
      <object_component id="oc-568">
         <name>.text:_sl_GetStartResponseConvert</name>
         <load_address>0x2000eeb4</load_address>
         <run_address>0x2000eeb4</run_address>
         <size>0x18</size>
         <input_file_ref idref="fl-1f"/>
      </object_component>
      <object_component id="oc-100">
         <name>.text</name>
         <load_address>0x2000eecc</load_address>
         <run_address>0x2000eecc</run_address>
         <size>0x18</size>
         <input_file_ref idref="fl-df"/>
      </object_component>
      <object_component id="oc-230">
         <name>.text:PRCMHIBRegRead</name>
         <load_address>0x2000eee4</load_address>
         <run_address>0x2000eee4</run_address>
         <size>0x16</size>
         <input_file_ref idref="fl-17"/>
      </object_component>
      <object_component id="oc-236">
         <name>.text:PRCMHIBRegWrite</name>
         <load_address>0x2000eefa</load_address>
         <run_address>0x2000eefa</run_address>
         <size>0x16</size>
         <input_file_ref idref="fl-17"/>
      </object_component>
      <object_component id="oc-147">
         <name>.text:UARTFIFOEnable</name>
         <load_address>0x2000ef10</load_address>
         <run_address>0x2000ef10</run_address>
         <size>0x16</size>
         <input_file_ref idref="fl-1b"/>
      </object_component>
      <object_component id="oc-5e1">
         <name>.text:_SlDrvMemZero</name>
         <load_address>0x2000ef26</load_address>
         <run_address>0x2000ef26</run_address>
         <size>0x16</size>
         <input_file_ref idref="fl-20"/>
[...]
         <value>0x2000a6c9</value>
         <object_component_ref idref="oc-3e8"/>
      </symbol>
      <symbol id="sm-d5a">
         <name>_sl_HandleAsync_DnsGetHostByName</name>
         <value>0x2000c7f9</value>
         <object_component_ref idref="oc-a13"/>
      </symbol>
      <symbol id="sm-d5b">
         <name>_sl_HandleAsync_PingResponse</name>
         <value>0x2000c889</value>
         <object_component_ref idref="oc-9ad"/>
      </symbol>
      <symbol id="sm-d5c">
         <name>_SlDrvNetAppEventHandler</name>
         <value>0x2000ae05</value>
         <object_component_ref idref="oc-9a7"/>
      </symbol>
      <symbol id="sm-d5d">
         <name>_sl_HandleAsync_DnsGetHostByService</name>
         <value>0x2000bae9</value>
         <object_component_ref idref="oc-a19"/>
      </symbol>
      <symbol id="sm-d5e">
         <name>_sl_NetAppSendTokenValue</name>
         <value>0x2000d41d</value>
         <object_component_ref idref="oc-a25"/>
      </symbol>
      <symbol id="sm-d5f">
         <name>sl_NetAppMDNSRegisterUnregisterService</name>
         <value>0x2000b859</value>
         <object_component_ref idref="oc-5d1"/>
      </symbol>
      <symbol id="sm-d81">
         <name>sl_NetCfgSet</name>
         <value>0x2000c46d</value>
         <object_component_ref idref="oc-3b8"/>
      </symbol>
      <symbol id="sm-dc9">
         <name>_SlNonOsSemSet</name>
         <value>0x2000ee55</value>
         <object_component_ref idref="oc-72b"/>
      </symbol>
      <symbol id="sm-dca">
         <name>_SlNonOsSpawn</name>
         <value>0x2000d559</value>
         <object_component_ref idref="oc-7a2"/>
      </symbol>
      <symbol id="sm-dcb">
         <name>_SlNonOsSemGet</name>
         <value>0x2000beb9</value>
         <object_component_ref idref="oc-731"/>
      </symbol>
      <symbol id="sm-dcc">
         <name>_SlNonOsMainLoopTask</name>
         <value>0x2000d1ed</value>
         <object_component_ref idref="oc-38e"/>
      </symbol>
      <symbol id="sm-dcd">
         <name>g__SlNonOsCB</name>
         <value>0x20017c10</value>
         <object_component_ref idref="oc-57b"/>
      </symbol>
      <symbol id="sm-ece">
         <name>sl_Recv</name>
         <value>0x2000c1fd</value>
         <object_component_ref idref="oc-435"/>
      </symbol>
      <symbol id="sm-ecf">
         <name>sl_Send</name>
         <value>0x2000aa81</value>
         <object_component_ref idref="oc-42f"/>
      </symbol>
      <symbol id="sm-ed0">
         <name>_sl_HandleAsync_Connect</name>
         <value>0x2000cf01</value>
         <object_component_ref idref="oc-a3b"/>
      </symbol>
      <symbol id="sm-ed1">
         <name>sl_Htonl</name>
         <value>0x2000e0d5</value>
         <object_component_ref idref="oc-3f4"/>
      </symbol>
      <symbol id="sm-ed2">
         <name>sl_Htons</name>
         <value>0x2000e3c9</value>
         <object_component_ref idref="oc-3ee"/>
      </symbol>
      <symbol id="sm-ed3">
         <name>sl_Connect</name>
         <value>0x20009d31</value>
         <object_component_ref idref="oc-406"/>
      </symbol>
      <symbol id="sm-ed4">
         <name>sl_Socket</name>
         <value>0x2000cbd9</value>
         <object_component_ref idref="oc-3fa"/>
      </symbol>
      <symbol id="sm-ed5">
         <name>_sl_HandleAsync_Select</name>
         <value>0x2000dacd</value>
         <object_component_ref idref="oc-a41"/>
      </symbol>
      <symbol id="sm-ed6">
         <name>sl_Close</name>
         <value>0x2000d74d</value>
         <object_component_ref idref="oc-1ba"/>
      </symbol>
      <symbol id="sm-ed7">
         <name>_sl_HandleAsync_Accept</name>
         <value>0x2000d5bd</value>
         <object_component_ref idref="oc-a35"/>
      </symbol>
      <symbol id="sm-ed8">
         <name>sl_SetSockOpt</name>
         <value>0x2000c505</value>
         <object_component_ref idref="oc-400"/>
      </symbol>
      <symbol id="sm-f92">
         <name>sl_WlanDisconnect</name>
         <value>0x2000e479</value>
         <object_component_ref idref="oc-3b2"/>
      </symbol>
      <symbol id="sm-f93">
         <name>sl_WlanPolicySet</name>
         <value>0x2000c919</value>
         <object_component_ref idref="oc-3a6"/>
      </symbol>
      <symbol id="sm-f94">
         <name>sl_WlanProfileDel</name>
         <value>0x2000d7ad</value>
         <object_component_ref idref="oc-3ac"/>
      </symbol>
      <symbol id="sm-f95">
         <name>sl_WlanRxFilterSet</name>
         <value>0x2000cdf9</value>
         <object_component_ref idref="oc-3cd"/>
      </symbol>
      <symbol id="sm-f96">
         <name>sl_WlanConnect</name>
         <value>0x200085d5</value>
         <object_component_ref idref="oc-3d7"/>
      </symbol>
      <symbol id="sm-f97">
         <name>sl_WlanSet</name>
         <value>0x2000c59d</value>
         <object_component_ref idref="oc-3be"/>
      </symbol>
      <symbol id="sm-f98">
         <name>sl_WlanSetMode</name>
         <value>0x2000d80d</value>
         <object_component_ref idref="oc-394"/>
      </symbol>
      <symbol id="sm-10b8">
         <name>g_ucDinDout</name>
         <value>0x20017ae8</value>
      </symbol>
      <symbol id="sm-10b9">
         <name>g_cDummy</name>
         <value>0x20017ba6</value>
      </symbol>
      <symbol id="sm-10ba">
         <name>NwpMaskInterrupt</name>
         <value>0x2000f04d</value>
         <object_component_ref idref="oc-775"/>
      </symbol>
      <symbol id="sm-10bb">
         <name>NwpPrePowerOffTimout0</name>
         <value>0x2000e9ed</value>
         <object_component_ref idref="oc-58a"/>
      </symbol>
      <symbol id="sm-10bc">
         <name>NwpRegisterInterruptHandler</name>
         <value>0x2000e299</value>
         <object_component_ref idref="oc-550"/>
      </symbol>
      <symbol id="sm-10bd">
         <name>g_pHostIntHdl</name>
         <value>0x20017d18</value>
         <object_component_ref idref="oc-766"/>
      </symbol>
      <symbol id="sm-10be">
         <name>simplelink_timerA2_start</name>
         <value>0x2000e38d</value>
         <object_component_ref idref="oc-9d7"/>
      </symbol>
      <symbol id="sm-10bf">
         <name>NwpUnMaskInterrupt</name>
         <value>0x2000f059</value>
         <object_component_ref idref="oc-783"/>
      </symbol>
      <symbol id="sm-10c0">
         <name>NwpPowerOff</name>
         <value>0x2000e441</value>
         <object_component_ref idref="oc-54a"/>
      </symbol>
      <symbol id="sm-10c1">
         <name>TimerGetCurrentTimestamp</name>
         <value>0x2000ea2d</value>
         <object_component_ref idref="oc-97d"/>
      </symbol>
      <symbol id="sm-10c2">
         <name>spi_Read</name>
         <value>0x2000b1f5</value>
         <object_component_ref idref="oc-938"/>
      </symbol>
      <symbol id="sm-10c3">
         <name>DmaSpiSwIntHandler</name>
         <value>0x2000e8b5</value>
         <object_component_ref idref="oc-76c"/>
      </symbol>
      <symbol id="sm-10c4">
         <name>NwpPowerOn</name>
         <value>0x2000e675</value>
         <object_component_ref idref="oc-556"/>
      </symbol>
      <symbol id="sm-10c5">
         <name>spi_Close</name>
         <value>0x2000d0fd</value>
         <object_component_ref idref="oc-590"/>
      </symbol>
      <symbol id="sm-10c6">
         <name>spi_Write</name>
         <value>0x2000c635</value>
         <object_component_ref idref="oc-81f"/>
      </symbol>
      <symbol id="sm-10c7">
         <name>spi_Open</name>
         <value>0x2000a43d</value>
         <object_component_ref idref="oc-53e"/>
      </symbol>
      <symbol id="sm-10c8">
         <name>g_ucDMAEnabled</name>
         <value>0x20017d1c</value>
         <object_component_ref idref="oc-766"/>
      </symbol>
      <symbol id="sm-10c9">
         <name>g_SpiFd</name>
         <value>0x20017d14</value>
         <object_component_ref idref="oc-766"/>
      </symbol>
      <symbol id="sm-10f8">
         <name>snprintf</name>
         <value>0x2000dd41</value>
         <object_component_ref idref="oc-1cd"/>
      </symbol>
      <symbol id="sm-111a">
         <name>sprintf</name>
         <value>0x2000e219</value>
         <object_component_ref idref="oc-429"/>
      </symbol>
      <symbol id="sm-1144">
         <name>vsnprintf</name>
         <value>0x2000e259</value>
         <object_component_ref idref="oc-251"/>
      </symbol>
      <symbol id="sm-114d">
         <name>__aeabi_lmul</name>
         <value>0x2000eecd</value>
         <object_component_ref idref="oc-100"/>
      </symbol>
      <symbol id="sm-1168">
         <name>memcpy</name>
         <value>0x2000c29d</value>
         <object_component_ref idref="oc-3d"/>
      </symbol>
      <symbol id="sm-1169">
         <name>__aeabi_memcpy</name>
         <value>0x2000c29d</value>
         <object_component_ref idref="oc-3d"/>
      </symbol>
      <symbol id="sm-116a">
         <name>__aeabi_memcpy8</name>
         <value>0x2000c29d</value>
         <object_component_ref idref="oc-3d"/>
      </symbol>
      <symbol id="sm-116b">
         <name>__aeabi_memcpy4</name>
         <value>0x2000c29d</value>
         <object_component_ref idref="oc-3d"/>
      </symbol>
      <symbol id="sm-117a">
         <name>__aeabi_memset</name>
         <value>0x2000d083</value>
         <object_component_ref idref="oc-8b"/>
      </symbol>
      <symbol id="sm-117b">
         <name>memset</name>
         <value>0x2000d089</value>
         <object_component_ref idref="oc-8b"/>
      </symbol>
      <symbol id="sm-117c">
         <name>__aeabi_memset8</name>
         <value>0x2000d083</value>
         <object_component_ref idref="oc-8b"/>
      </symbol>
      <symbol id="sm-117d">
         <name>__aeabi_memset4</name>
         <value>0x2000d083</value>
         <object_component_ref idref="oc-8b"/>
      </symbol>
      <symbol id="sm-117e">
         <name>__aeabi_memclr8</name>
         <value>0x2000d081</value>
         <object_component_ref idref="oc-8b"/>
      </symbol>
      <symbol id="sm-117f">
         <name>__aeabi_memclr4</name>
         <value>0x2000d081</value>
         <object_component_ref idref="oc-8b"/>
      </symbol>
      <symbol id="sm-1180">
         <name>__aeabi_memclr</name>
         <value>0x2000d081</value>
         <object_component_ref idref="oc-8b"/>
      </symbol>
      <symbol id="sm-118d">
         <name>__aeabi_uldivmod</name>
         <value>0x2000c6cd</value>
         <object_component_ref idref="oc-fb"/>
      </symbol>
      <symbol id="sm-11a1">
         <name>__TI_zero_init_nomemset</name>
         <value>0x2000ec0d</value>
         <object_component_ref idref="oc-49"/>
      </symbol>
      <symbol id="sm-11b8">
         <name>__TI_decompress_none</name>
         <value>0x2000f02f</value>
         <object_component_ref idref="oc-1b"/>
      </symbol>
      <symbol id="sm-11db">
         <name>__TI_decompress_lzss</name>
         <value>0x2000d4f1</value>
         <object_component_ref idref="oc-15"/>
      </symbol>
      <symbol id="sm-11ec">
         <name>memmove</name>
         <value>0x2000e841</value>
         <object_component_ref idref="oc-25d"/>
      </symbol>
      <symbol id="sm-128a">
         <name>_sys_memory</name>
         <value>0x20017000</value>
         <object_component_ref idref="oc-23"/>
      </symbol>
      <symbol id="sm-128b">
         <name>free</name>
         <value>0x2000b691</value>
         <object_component_ref idref="oc-26f"/>
      </symbol>
      <symbol id="sm-128c">
         <name>realloc</name>
         <value>0x2000b775</value>
         <object_component_ref idref="oc-269"/>
      </symbol>
      <symbol id="sm-128d">
         <name>memalign</name>
         <value>0x2000af09</value>
         <object_component_ref idref="oc-4ca"/>
      </symbol>
      <symbol id="sm-128e">
         <name>malloc</name>
         <value>0x2000f099</value>
         <object_component_ref idref="oc-263"/>
      </symbol>
      <symbol id="sm-128f">
         <name>aligned_alloc</name>
         <value>0x2000af09</value>
         <object_component_ref idref="oc-4ca"/>
      </symbol>
      <symbol id="sm-129d">
         <name>strcpy</name>
         <value>0x2000ef91</value>
         <object_component_ref idref="oc-423"/>
      </symbol>
      <symbol id="sm-12ab">
         <name>strlen</name>
         <value>0x2000efa5</value>
         <object_component_ref idref="oc-257"/>
      </symbol>
      <symbol id="sm-12be">
         <name>strstr</name>
         <value>0x2000e551</value>
         <object_component_ref idref="oc-1c6"/>
      </symbol>
      <symbol id="sm-12d0">
         <name>__stack</name>
         <value>0x2002ff00</value>
         <object_component_ref idref="oc-26"/>
      </symbol>
      <symbol id="sm-12d1">
         <name>_c_int00_noargs</name>
         <value>0x2000e921</value>
         <object_component_ref idref="oc-5b"/>
      </symbol>
      <symbol id="sm-1436">
         <name>__TI_printfi</name>
         <value>0x200068a9</value>
         <object_component_ref idref="oc-461"/>
      </symbol>
      <symbol id="sm-1440">
         <name>__aeabi_idiv0</name>
         <value>0x200096b7</value>
         <object_component_ref idref="oc-287"/>
      </symbol>
      <symbol id="sm-1441">
         <name>__aeabi_ldiv0</name>
         <value>0x200096b7</value>
         <object_component_ref idref="oc-287"/>
      </symbol>
      <symbol id="sm-1458">
         <name>__aeabi_dsub</name>
         <value>0x20009501</value>
         <object_component_ref idref="oc-85c"/>
      </symbol>
      <symbol id="sm-1459">
         <name>__aeabi_dadd</name>
         <value>0x2000950b</value>
         <object_component_ref idref="oc-85c"/>
      </symbol>
      <symbol id="sm-147b">
         <name>__aeabi_cdcmpeq</name>
         <value>0x2000cced</value>
         <object_component_ref idref="oc-6a1"/>
      </symbol>
      <symbol id="sm-147c">
         <name>__aeabi_cdcmple</name>
         <value>0x2000cced</value>
         <object_component_ref idref="oc-6a1"/>
      </symbol>
      <symbol id="sm-147d">
         <name>__aeabi_cdrcmple</name>
         <value>0x2000cd73</value>
         <object_component_ref idref="oc-847"/>
      </symbol>
      <symbol id="sm-1491">
         <name>__aeabi_ddiv</name>
         <value>0x2000a949</value>
         <object_component_ref idref="oc-842"/>
      </symbol>
      <symbol id="sm-149c">
         <name>__aeabi_dmul</name>
         <value>0x2000b009</value>
         <object_component_ref idref="oc-83d"/>
      </symbol>
      <symbol id="sm-14a6">
         <name>__aeabi_d2iz</name>
         <value>0x2000deb1</value>
         <object_component_ref idref="oc-84c"/>
      </symbol>
      <symbol id="sm-14b0">
         <name>__aeabi_i2d</name>
         <value>0x2000e645</value>
         <object_component_ref idref="oc-857"/>
      </symbol>
      <symbol id="sm-14d8">
         <name>__TI_auto_init_nobinit_nopinit</name>
         <value>0x2000e04d</value>
         <object_component_ref idref="oc-1e7"/>
      </symbol>
      <symbol id="sm-14e2">
         <name>_system_pre_init</name>
         <value>0x2000f0a7</value>
         <object_component_ref idref="oc-91"/>
      </symbol>
      <symbol id="sm-14ee">
         <name>C$$EXIT</name>
         <value>0x2000f0ab</value>
         <object_component_ref idref="oc-1db"/>
      </symbol>
      <symbol id="sm-14ef">
         <name>abort</name>
         <value>0x2000f0ab</value>
         <object_component_ref idref="oc-1db"/>
      </symbol>
      <symbol id="sm-1504">
         <name>_nop</name>
         <value>0x2000823b</value>
         <object_component_ref idref="oc-6e2"/>
      </symbol>
      <symbol id="sm-1505">
         <name>_lock</name>
         <value>0x20017d20</value>
         <object_component_ref idref="oc-488"/>
      </symbol>
      <symbol id="sm-1506">
         <name>_unlock</name>
         <value>0x20017d24</value>
         <object_component_ref idref="oc-488"/>
      </symbol>
      <symbol id="sm-1515">
         <name>__TI_ltoa</name>
         <value>0x2000da79</value>
         <object_component_ref idref="oc-851"/>
      </symbol>
      <symbol id="sm-152c">
         <name>atoi</name>
         <value>0x2000dcf5</value>
         <object_component_ref idref="oc-695"/>
      </symbol>
      <symbol id="sm-1537">
         <name>_ctypes_</name>
         <value>0x2000f5ab</value>
         <object_component_ref idref="oc-836"/>
      </symbol>
      <symbol id="sm-1547">
         <name>memccpy</name>
         <value>0x2000ec45</value>
         <object_component_ref idref="oc-6be"/>
      </symbol>
      <symbol id="sm-1557">
         <name>strchr</name>
         <value>0x2000ef3d</value>
         <object_component_ref idref="oc-888"/>
      </symbol>
      <symbol id="sm-156d">
         <name>__aeabi_errno_addr</name>
         <value>0x2000f091</value>
         <object_component_ref idref="oc-6ca"/>
      </symbol>
      <symbol id="sm-156e">
         <name>errno</name>
         <value>0x20017d30</value>
         <object_component_ref idref="oc-898"/>
      </symbol>
      <symbol id="sm-1587">
         <name>wcslen</name>
         <value>0x2000efdd</value>
         <object_component_ref idref="oc-6c4"/>
      </symbol>
      <symbol id="sm-15a7">
         <name>frexpl</name>
         <value>0x2000d86d</value>
         <object_component_ref idref="oc-87c"/>
      </symbol>
      <symbol id="sm-15a8">
         <name>frexp</name>
         <value>0x2000d86d</value>
         <object_component_ref idref="oc-87c"/>
      </symbol>
      <symbol id="sm-15c6">
         <name>scalbn</name>
         <value>0x2000ba19</value>
         <object_component_ref idref="oc-882"/>
      </symbol>
      <symbol id="sm-15c7">
         <name>scalbnl</name>
         <value>0x2000ba19</value>
         <object_component_ref idref="oc-882"/>
      </symbol>
      <symbol id="sm-15c8">
         <name>ldexpl</name>
         <value>0x2000ba19</value>
         <object_component_ref idref="oc-882"/>
      </symbol>
      <symbol id="sm-15c9">
         <name>ldexp</name>
         <value>0x2000ba19</value>
         <object_component_ref idref="oc-882"/>
      </symbol>
      <symbol id="sm-15d3">
         <name>copysign</name>
         <value>0x2000f071</value>
         <object_component_ref idref="oc-961"/>
      </symbol>
      <symbol id="sm-15d4">
         <name>copysignl</name>
         <value>0x2000f071</value>
         <object_component_ref idref="oc-961"/>
      </symbol>
      <symbol id="sm-162b">
         <name>uDMAChannelControlSet</name>
         <value>0x2000e405</value>
         <object_component_ref idref="oc-9e2"/>
      </symbol>
      <symbol id="sm-162c">
         <name>uDMAChannelAttributeEnable</name>
         <value>0x2000d6e9</value>
         <object_component_ref idref="oc-9e8"/>
      </symbol>
      <symbol id="sm-162d">
         <name>uDMAChannelTransferSet</name>
         <value>0x2000b2e5</value>
         <object_component_ref idref="oc-9ee"/>
      </symbol>
      <symbol id="sm-162e">
         <name>uDMAChannelAssign</name>
         <value>0x2000dd8d</value>
         <object_component_ref idref="oc-8d4"/>
      </symbol>
      <symbol id="sm-162f">
         <name>uDMAChannelAttributeDisable</name>
         <value>0x2000d685</value>
         <object_component_ref idref="oc-8da"/>
      </symbol>
      <symbol id="sm-1630">
         <name>uDMAChannelEnable</name>
         <value>0x2000ec61</value>
         <object_component_ref idref="oc-9f4"/>
      </symbol>
      <symbol id="sm-1631">
         <name>__TI_static_base__</name>
         <value>0x2000fbe0</value>
      </symbol>
      <symbol id="sm-1634">
         <name>__mpu_init</name>
         <value>0x0</value>
      </symbol>
      <symbol id="sm-1635">
         <name>_system_post_cinit</name>
         <value>0x0</value>
      </symbol>
   </symbol_table>
   <title>Link successful</title>
</link_info>
